
===========================================================================
 report_power
============================================================================
======================= nom_tt_025C_1v80 Corner ===================================

Group                    Internal    Switching      Leakage        Total
                            Power        Power        Power        Power (Watts)
------------------------------------------------------------------------
Sequential           2.597828e-03 0.000000e+00 1.510072e-08 2.597844e-03  39.5%
Combinational        4.504492e-05 1.122541e-04 7.463749e-08 1.573737e-04   2.4%
Clock                2.528535e-03 1.300469e-03 6.207280e-09 3.829011e-03  58.2%
Macro                0.000000e+00 0.000000e+00 0.000000e+00 0.000000e+00   0.0%
Pad                  0.000000e+00 0.000000e+00 0.000000e+00 0.000000e+00   0.0%
------------------------------------------------------------------------
Total                5.171407e-03 1.412723e-03 9.594483e-08 6.584226e-03 100.0%
                            78.5%        21.5%         0.0%
Writing metric power__internal__total: 0.005171407479792833
Writing metric power__switching__total: 0.0014127229806035757
Writing metric power__leakage__total: 9.594483429964384e-8
Writing metric power__total: 0.006584226153790951

