
===========================================================================
 report_power
============================================================================
======================= nom_tt_025C_1v80 Corner ===================================

Group                    Internal    Switching      Leakage        Total
                            Power        Power        Power        Power (Watts)
------------------------------------------------------------------------
Sequential           2.595901e-03 0.000000e+00 1.510072e-08 2.595916e-03  38.8%
Combinational        4.513712e-05 1.219345e-04 7.632642e-08 1.671479e-04   2.5%
Clock                2.534059e-03 1.399472e-03 6.210385e-09 3.933536e-03  58.7%
Macro                0.000000e+00 0.000000e+00 0.000000e+00 0.000000e+00   0.0%
Pad                  0.000000e+00 0.000000e+00 0.000000e+00 0.000000e+00   0.0%
------------------------------------------------------------------------
Total                5.175097e-03 1.521406e-03 9.763485e-08 6.696601e-03 100.0%
                            77.3%        22.7%         0.0%
Writing metric power__internal__total: 0.0051750969141721725
Writing metric power__switching__total: 0.0015214061131700873
Writing metric power__leakage__total: 9.763484598579453e-8
Writing metric power__total: 0.006696600932627916

