
===========================================================================
 report_power
============================================================================
======================= nom_ss_100C_1v60 Corner ===================================

Group                    Internal    Switching      Leakage        Total
                            Power        Power        Power        Power (Watts)
------------------------------------------------------------------------
Sequential           1.978586e-03 0.000000e+00 2.500061e-05 2.003586e-03  85.3%
Combinational        2.572110e-04 2.743866e-05 6.126931e-05 3.459190e-04  14.7%
Clock                0.000000e+00 0.000000e+00 0.000000e+00 0.000000e+00   0.0%
Macro                0.000000e+00 0.000000e+00 0.000000e+00 0.000000e+00   0.0%
Pad                  0.000000e+00 0.000000e+00 0.000000e+00 0.000000e+00   0.0%
------------------------------------------------------------------------
Total                2.235804e-03 2.743866e-05 8.626683e-05 2.349509e-03 100.0%
                            95.2%         1.2%         3.7%

