┏━━━━━━━━━━━━━━━━━━━━━━┳━━━━━━━━━━┳━━━━━━━━━━┳━━━━━━━━━━┳━━━━━━━━━━┳━━━━━━━━━━━┳━━━━━━━━━━┳━━━━━━━━━━━┳━━━━━━━━━━┳━━━━━━━━━━━┳━━━━━━━━━━┳━━━━━━━━━━━┳━━━━━━━━━━┓
┃                      ┃ Hold     ┃ Reg to   ┃          ┃          ┃ of which  ┃ Setup    ┃           ┃          ┃           ┃ of which ┃           ┃          ┃
┃                      ┃ Worst    ┃ Reg      ┃          ┃ Hold Vio ┃ reg to    ┃ Worst    ┃ Reg to    ┃ Setup    ┃ Setup Vio ┃ reg to   ┃ Max Cap   ┃ Max Slew ┃
┃ Corner/Group         ┃ Slack    ┃ Paths    ┃ Hold TNS ┃ Count    ┃ reg       ┃ Slack    ┃ Reg Paths ┃ TNS      ┃ Count     ┃ reg      ┃ Violatio… ┃ Violati… ┃
┡━━━━━━━━━━━━━━━━━━━━━━╇━━━━━━━━━━╇━━━━━━━━━━╇━━━━━━━━━━╇━━━━━━━━━━╇━━━━━━━━━━━╇━━━━━━━━━━╇━━━━━━━━━━━╇━━━━━━━━━━╇━━━━━━━━━━━╇━━━━━━━━━━╇━━━━━━━━━━━╇━━━━━━━━━━┩
│ Overall              │ 0.0463   │ 0.0463   │ 0.0000   │ 0        │ 0         │ -23.1940 │ -18.7804  │ -18675.… │ 2484      │ 1202     │ 72        │ 25464    │
│ nom_tt_025C_1v80     │ 0.1983   │ 0.1983   │ 0.0000   │ 0        │ 0         │ -4.2829  │ -0.4216   │ -9.9597  │ 32        │ 31       │ 49        │ 17603    │
│ nom_ss_100C_1v60     │ 0.6164   │ 0.6164   │ 0.0000   │ 0        │ 0         │ -23.1940 │ -18.7804  │ -18675.… │ 2452      │ 1171     │ 72        │ 25464    │
│ nom_ff_n40C_1v95     │ 0.0463   │ 0.0463   │ 0.0000   │ 0        │ 0         │ 3.3820   │ 7.3600    │ 0.0000   │ 0         │ 0        │ 54        │ 12060    │
└──────────────────────┴──────────┴──────────┴──────────┴──────────┴───────────┴──────────┴───────────┴──────────┴───────────┴──────────┴───────────┴──────────┘
