┏━━━━━━━━━━━━━━━━━━━━━━┳━━━━━━━━━━┳━━━━━━━━━━┳━━━━━━━━━━┳━━━━━━━━━━┳━━━━━━━━━━━┳━━━━━━━━━━┳━━━━━━━━━━━┳━━━━━━━━━━┳━━━━━━━━━━━┳━━━━━━━━━━┳━━━━━━━━━━━┳━━━━━━━━━━┓
┃                      ┃ Hold     ┃ Reg to   ┃          ┃          ┃ of which  ┃ Setup    ┃           ┃          ┃           ┃ of which ┃           ┃          ┃
┃                      ┃ Worst    ┃ Reg      ┃          ┃ Hold Vio ┃ reg to    ┃ Worst    ┃ Reg to    ┃ Setup    ┃ Setup Vio ┃ reg to   ┃ Max Cap   ┃ Max Slew ┃
┃ Corner/Group         ┃ Slack    ┃ Paths    ┃ Hold TNS ┃ Count    ┃ reg       ┃ Slack    ┃ Reg Paths ┃ TNS      ┃ Count     ┃ reg      ┃ Violatio… ┃ Violati… ┃
┡━━━━━━━━━━━━━━━━━━━━━━╇━━━━━━━━━━╇━━━━━━━━━━╇━━━━━━━━━━╇━━━━━━━━━━╇━━━━━━━━━━━╇━━━━━━━━━━╇━━━━━━━━━━━╇━━━━━━━━━━╇━━━━━━━━━━━╇━━━━━━━━━━╇━━━━━━━━━━━╇━━━━━━━━━━┩
│ Overall              │ 0.1119   │ 0.1119   │ 0.0000   │ 0        │ 0         │ -5.6101  │ -3.6416   │ -228.09… │ 284       │ 281      │ 55        │ 265      │
│ nom_tt_025C_1v80     │ 0.3237   │ 0.3237   │ 0.0000   │ 0        │ 0         │ 4.7523   │ 7.9851    │ 0.0000   │ 0         │ 0        │ 31        │ 33       │
│ nom_ss_100C_1v60     │ 0.8640   │ 0.8640   │ 0.0000   │ 0        │ 0         │ -5.0506  │ -2.9521   │ -164.86… │ 98        │ 97       │ 31        │ 145      │
│ nom_ff_n40C_1v95     │ 0.1148   │ 0.1148   │ 0.0000   │ 0        │ 0         │ 8.7920   │ 12.4428   │ 0.0000   │ 0         │ 0        │ 31        │ 0        │
│ min_tt_025C_1v80     │ 0.3186   │ 0.3186   │ 0.0000   │ 0        │ 0         │ 5.0603   │ 8.3715    │ 0.0000   │ 0         │ 0        │ 18        │ 25       │
│ min_ss_100C_1v60     │ 0.8545   │ 0.8545   │ 0.0000   │ 0        │ 0         │ -4.5123  │ -2.2827   │ -105.69… │ 86        │ 85       │ 18        │ 106      │
│ min_ff_n40C_1v95     │ 0.1119   │ 0.1119   │ 0.0000   │ 0        │ 0         │ 8.9945   │ 12.7000   │ 0.0000   │ 0         │ 0        │ 18        │ 0        │
│ max_tt_025C_1v80     │ 0.3298   │ 0.3298   │ 0.0000   │ 0        │ 0         │ 4.4390   │ 7.6257    │ 0.0000   │ 0         │ 0        │ 53        │ 40       │
│ max_ss_100C_1v60     │ 0.8749   │ 0.8749   │ 0.0000   │ 0        │ 0         │ -5.6101  │ -3.6416   │ -228.09… │ 100       │ 99       │ 55        │ 265      │
│ max_ff_n40C_1v95     │ 0.1172   │ 0.1172   │ 0.0000   │ 0        │ 0         │ 8.5820   │ 12.2022   │ 0.0000   │ 0         │ 0        │ 53        │ 18       │
└──────────────────────┴──────────┴──────────┴──────────┴──────────┴───────────┴──────────┴───────────┴──────────┴───────────┴──────────┴───────────┴──────────┘
