
===========================================================================
report_checks -unconstrained
===========================================================================
======================= nom_ss_100C_1v60 Corner ===================================

Startpoint: reset (input port clocked by clk)
Endpoint: _23506_ (recovery check against rising-edge clock clk)
Path Group: asynchronous
Path Type: max

Fanout         Cap        Slew       Delay        Time   Description
---------------------------------------------------------------------------------------------
                                  0.000000    0.000000   clock clk (rise edge)
                                  0.000000    0.000000   clock network delay (propagated)
                                  4.000000    4.000000 v input external delay
     1    0.002598    0.017695    0.008598    4.008598 v reset (in)
                                                         reset (net)
                      0.017695    0.000000    4.008598 v input1/A (sky130_fd_sc_hd__clkbuf_1)
     1    0.006356    0.086588    0.167783    4.176381 v input1/X (sky130_fd_sc_hd__clkbuf_1)
                                                         net1 (net)
                      0.086588    0.000254    4.176635 v fanout2848/A (sky130_fd_sc_hd__clkbuf_8)
     7    0.136488    0.251467    0.417406    4.594040 v fanout2848/X (sky130_fd_sc_hd__clkbuf_8)
                                                         net2848 (net)
                      0.255119    0.024225    4.618265 v fanout2764/A (sky130_fd_sc_hd__buf_4)
     5    0.104095    0.236257    0.505747    5.124012 v fanout2764/X (sky130_fd_sc_hd__buf_4)
                                                         net2764 (net)
                      0.236605    0.008024    5.132037 v fanout2763/A (sky130_fd_sc_hd__clkbuf_8)
     7    0.156003    0.284457    0.518559    5.650596 v fanout2763/X (sky130_fd_sc_hd__clkbuf_8)
                                                         net2763 (net)
                      0.284531    0.003848    5.654444 v fanout2730/A (sky130_fd_sc_hd__clkbuf_4)
     5    0.072123    0.259657    0.518448    6.172892 v fanout2730/X (sky130_fd_sc_hd__clkbuf_4)
                                                         net2730 (net)
                      0.259657    0.000703    6.173595 v fanout2729/A (sky130_fd_sc_hd__clkbuf_4)
     6    0.056152    0.208591    0.467209    6.640805 v fanout2729/X (sky130_fd_sc_hd__clkbuf_4)
                                                         net2729 (net)
                      0.208591    0.000875    6.641680 v fanout2727/A (sky130_fd_sc_hd__buf_4)
    10    0.083154    0.201747    0.450665    7.092345 v fanout2727/X (sky130_fd_sc_hd__buf_4)
                                                         net2727 (net)
                      0.201750    0.001112    7.093457 v fanout2726/A (sky130_fd_sc_hd__buf_4)
    10    0.076268    0.187174    0.437242    7.530699 v fanout2726/X (sky130_fd_sc_hd__buf_4)
                                                         net2726 (net)
                      0.187235    0.003217    7.533916 v _22226_/A (sky130_fd_sc_hd__inv_2)
     1    0.003864    0.064083    0.116308    7.650224 ^ _22226_/Y (sky130_fd_sc_hd__inv_2)
                                                         _00669_ (net)
                      0.064083    0.000079    7.650303 ^ _23506_/SET_B (sky130_fd_sc_hd__dfstp_2)
                                              7.650303   data arrival time

                                 20.000000   20.000000   clock clk (rise edge)
                                  0.000000   20.000000   clock source latency
     2    0.110775    0.796562    0.560455   20.560455 ^ clk (in)
                                                         clk (net)
                      0.796909    0.000000   20.560455 ^ clkbuf_0_clk/A (sky130_fd_sc_hd__clkbuf_16)
     4    0.204315    0.323949    0.709479   21.269934 ^ clkbuf_0_clk/X (sky130_fd_sc_hd__clkbuf_16)
                                                         clknet_0_clk (net)
                      0.324229    0.008558   21.278492 ^ clkbuf_2_0_0_clk/A (sky130_fd_sc_hd__clkbuf_8)
     8    0.208043    0.546606    0.693168   21.971661 ^ clkbuf_2_0_0_clk/X (sky130_fd_sc_hd__clkbuf_8)
                                                         clknet_2_0_0_clk (net)
                      0.546929    0.007800   21.979460 ^ clkbuf_5_3__f_clk/A (sky130_fd_sc_hd__clkbuf_16)
    10    0.106162    0.187960    0.524681   22.504141 ^ clkbuf_5_3__f_clk/X (sky130_fd_sc_hd__clkbuf_16)
                                                         clknet_5_3__leaf_clk (net)
                      0.188048    0.003800   22.507940 ^ clkbuf_leaf_52_clk/A (sky130_fd_sc_hd__clkbuf_8)
     6    0.026781    0.099812    0.305310   22.813251 ^ clkbuf_leaf_52_clk/X (sky130_fd_sc_hd__clkbuf_8)
                                                         clknet_leaf_52_clk (net)
                      0.099812    0.000464   22.813715 ^ _23506_/CLK (sky130_fd_sc_hd__dfstp_2)
                                 -0.250000   22.563715   clock uncertainty
                                  0.000000   22.563715   clock reconvergence pessimism
                                  0.274471   22.838186   library recovery time
                                             22.838186   data required time
---------------------------------------------------------------------------------------------
                                             22.838186   data required time
                                             -7.650303   data arrival time
---------------------------------------------------------------------------------------------
                                             15.187883   slack (MET)


Startpoint: _24088_ (rising edge-triggered flip-flop clocked by clk)
Endpoint: zero (output port clocked by clk)
Path Group: clk
Path Type: max

Fanout         Cap        Slew       Delay        Time   Description
---------------------------------------------------------------------------------------------
                                  0.000000    0.000000   clock clk (rise edge)
                                  0.000000    0.000000   clock source latency
     2    0.110775    0.796562    0.560454    0.560454 ^ clk (in)
                                                         clk (net)
                      0.796909    0.000000    0.560454 ^ clkbuf_0_clk/A (sky130_fd_sc_hd__clkbuf_16)
     4    0.204315    0.323949    0.709479    1.269933 ^ clkbuf_0_clk/X (sky130_fd_sc_hd__clkbuf_16)
                                                         clknet_0_clk (net)
                      0.324208    0.008269    1.278201 ^ clkbuf_2_2_0_clk/A (sky130_fd_sc_hd__clkbuf_8)
     8    0.208051    0.544386    0.691692    1.969893 ^ clkbuf_2_2_0_clk/X (sky130_fd_sc_hd__clkbuf_8)
                                                         clknet_2_2_0_clk (net)
                      0.545028    0.015505    1.985398 ^ clkbuf_5_21__f_clk/A (sky130_fd_sc_hd__clkbuf_16)
    12    0.103194    0.183897    0.519962    2.505360 ^ clkbuf_5_21__f_clk/X (sky130_fd_sc_hd__clkbuf_16)
                                                         clknet_5_21__leaf_clk (net)
                      0.184012    0.004241    2.509601 ^ clkbuf_leaf_213_clk/A (sky130_fd_sc_hd__clkbuf_8)
     8    0.031007    0.109118    0.313040    2.822641 ^ clkbuf_leaf_213_clk/X (sky130_fd_sc_hd__clkbuf_8)
                                                         clknet_leaf_213_clk (net)
                      0.109120    0.000673    2.823313 ^ _24088_/CLK (sky130_fd_sc_hd__dfrtp_1)
     2    0.006597    0.108193    0.789891    3.613204 v _24088_/Q (sky130_fd_sc_hd__dfrtp_1)
                                                         dp.ifu.PC[3] (net)
                      0.108193    0.000159    3.613364 v fanout2673/A (sky130_fd_sc_hd__buf_2)
    10    0.041784    0.195994    0.386232    3.999595 v fanout2673/X (sky130_fd_sc_hd__buf_2)
                                                         net2673 (net)
                      0.196012    0.001978    4.001573 v _11435_/B (sky130_fd_sc_hd__nor3b_1)
     4    0.012785    0.739649    0.716535    4.718108 ^ _11435_/Y (sky130_fd_sc_hd__nor3b_1)
                                                         _06572_ (net)
                      0.739649    0.000297    4.718404 ^ _11441_/A (sky130_fd_sc_hd__or2_1)
     1    0.009074    0.155021    0.453942    5.172347 ^ _11441_/X (sky130_fd_sc_hd__or2_1)
                                                         _06578_ (net)
                      0.155021    0.000439    5.172785 ^ fanout2317/A (sky130_fd_sc_hd__buf_4)
     5    0.085128    0.377845    0.465767    5.638552 ^ fanout2317/X (sky130_fd_sc_hd__buf_4)
                                                         net2317 (net)
                      0.377851    0.001278    5.639830 ^ fanout2314/A (sky130_fd_sc_hd__buf_4)
     6    0.061404    0.277868    0.493263    6.133093 ^ fanout2314/X (sky130_fd_sc_hd__buf_4)
                                                         net2314 (net)
                      0.277868    0.000901    6.133995 ^ fanout2313/A (sky130_fd_sc_hd__buf_6)
    10    0.082792    0.266437    0.412272    6.546266 ^ fanout2313/X (sky130_fd_sc_hd__buf_6)
                                                         net2313 (net)
                      0.266563    0.001446    6.547712 ^ fanout2312/A (sky130_fd_sc_hd__buf_6)
    10    0.086301    0.278444    0.414107    6.961819 ^ fanout2312/X (sky130_fd_sc_hd__buf_6)
                                                         net2312 (net)
                      0.279195    0.011842    6.973661 ^ _11487_/B1 (sky130_fd_sc_hd__o32ai_4)
     1    0.026197    0.209583    0.304411    7.278072 v _11487_/Y (sky130_fd_sc_hd__o32ai_4)
                                                         _06624_ (net)
                      0.209592    0.002537    7.280609 v fanout2244/A (sky130_fd_sc_hd__buf_8)
     9    0.137731    0.177706    0.392563    7.673172 v fanout2244/X (sky130_fd_sc_hd__buf_8)
                                                         net2244 (net)
                      0.177747    0.002323    7.675496 v fanout2231/A (sky130_fd_sc_hd__buf_8)
    11    0.113165    0.152477    0.352702    8.028198 v fanout2231/X (sky130_fd_sc_hd__buf_8)
                                                         net2231 (net)
                      0.152526    0.002403    8.030602 v _11493_/A2 (sky130_fd_sc_hd__a211o_4)
     3    0.014600    0.101999    0.659887    8.690489 v _11493_/X (sky130_fd_sc_hd__a211o_4)
                                                         _06630_ (net)
                      0.101999    0.000332    8.690821 v _11494_/B1 (sky130_fd_sc_hd__a21o_1)
     3    0.009026    0.108728    0.339790    9.030610 v _11494_/X (sky130_fd_sc_hd__a21o_1)
                                                         _06631_ (net)
                      0.108728    0.000261    9.030871 v _11533_/A3 (sky130_fd_sc_hd__a311o_1)
     3    0.008911    0.150438    0.724643    9.755514 v _11533_/X (sky130_fd_sc_hd__a311o_1)
                                                         _06670_ (net)
                      0.150438    0.000238    9.755752 v _11534_/C (sky130_fd_sc_hd__and3_1)
     1    0.004811    0.088015    0.419555   10.175307 v _11534_/X (sky130_fd_sc_hd__and3_1)
                                                         _06671_ (net)
                      0.088015    0.000104   10.175411 v _11535_/B1 (sky130_fd_sc_hd__a21o_4)
     2    0.024144    0.102119    0.398205   10.573616 v _11535_/X (sky130_fd_sc_hd__a21o_4)
                                                         _06672_ (net)
                      0.102119    0.000362   10.573978 v _11537_/B (sky130_fd_sc_hd__xnor2_2)
     1    0.009484    0.267396    0.280981   10.854959 ^ _11537_/Y (sky130_fd_sc_hd__xnor2_2)
                                                         _06674_ (net)
                      0.267396    0.000370   10.855330 ^ fanout1710/A (sky130_fd_sc_hd__buf_8)
     7    0.133453    0.337884    0.452913   11.308244 ^ fanout1710/X (sky130_fd_sc_hd__buf_8)
                                                         net1710 (net)
                      0.338065    0.006526   11.314770 ^ fanout1707/A (sky130_fd_sc_hd__buf_12)
     6    0.092367    0.179586    0.371284   11.686054 ^ fanout1707/X (sky130_fd_sc_hd__buf_12)
                                                         net1707 (net)
                      0.179733    0.001844   11.687898 ^ fanout1706/A (sky130_fd_sc_hd__buf_6)
     7    0.054803    0.183744    0.316009   12.003907 ^ fanout1706/X (sky130_fd_sc_hd__buf_6)
                                                         net1706 (net)
                      0.183775    0.002395   12.006302 ^ fanout1705/A (sky130_fd_sc_hd__buf_4)
     6    0.037006    0.176721    0.340886   12.347188 ^ fanout1705/X (sky130_fd_sc_hd__buf_4)
                                                         net1705 (net)
                      0.176721    0.000655   12.347842 ^ fanout1704/A (sky130_fd_sc_hd__buf_4)
     8    0.036894    0.175773    0.337272   12.685114 ^ fanout1704/X (sky130_fd_sc_hd__buf_4)
                                                         net1704 (net)
                      0.175779    0.001299   12.686413 ^ _11605_/A (sky130_fd_sc_hd__and2_4)
     2    0.016563    0.115727    0.363130   13.049543 ^ _11605_/X (sky130_fd_sc_hd__and2_4)
                                                         _06742_ (net)
                      0.115729    0.000690   13.050233 ^ fanout1541/A (sky130_fd_sc_hd__buf_12)
     6    0.063235    0.129428    0.252085   13.302318 ^ fanout1541/X (sky130_fd_sc_hd__buf_12)
                                                         net1541 (net)
                      0.129440    0.001338   13.303656 ^ _11948_/B (sky130_fd_sc_hd__nand2_8)
     5    0.157086    0.397334    0.358060   13.661716 v _11948_/Y (sky130_fd_sc_hd__nand2_8)
                                                         _07085_ (net)
                      0.397627    0.008885   13.670601 v fanout60/A (sky130_fd_sc_hd__buf_8)
     5    0.035272    0.071937    0.392777   14.063378 v fanout60/X (sky130_fd_sc_hd__buf_8)
                                                         net60 (net)
                      0.071937    0.000836   14.064214 v _21419_/A (sky130_fd_sc_hd__or4_4)
     1    0.004352    0.151281    1.039797   15.104011 v _21419_/X (sky130_fd_sc_hd__or4_4)
                                                         _06529_ (net)
                      0.151281    0.000117   15.104128 v _21420_/D (sky130_fd_sc_hd__or4_4)
     1    0.007921    0.167407    0.885901   15.990029 v _21420_/X (sky130_fd_sc_hd__or4_4)
                                                         _06530_ (net)
                      0.167407    0.000336   15.990365 v _21421_/D (sky130_fd_sc_hd__or4_4)
     1    0.009688    0.172115    0.901373   16.891739 v _21421_/X (sky130_fd_sc_hd__or4_4)
                                                         _06531_ (net)
                      0.172115    0.000416   16.892155 v _21422_/D (sky130_fd_sc_hd__or4_4)
     1    0.007189    0.165458    0.887896   17.780050 v _21422_/X (sky130_fd_sc_hd__or4_4)
                                                         _06532_ (net)
                      0.165458    0.000309   17.780359 v _21423_/C (sky130_fd_sc_hd__or4b_4)
     1    0.008147    0.168657    1.015932   18.796291 v _21423_/X (sky130_fd_sc_hd__or4b_4)
                                                         _06533_ (net)
                      0.168657    0.000393   18.796684 v _21424_/D (sky130_fd_sc_hd__or4_4)
     1    0.008939    0.170381    0.897288   19.693972 v _21424_/X (sky130_fd_sc_hd__or4_4)
                                                         _06534_ (net)
                      0.170381    0.000286   19.694258 v _21425_/C (sky130_fd_sc_hd__nor4_4)
     1    0.022867    0.648866    0.666258   20.360516 ^ _21425_/Y (sky130_fd_sc_hd__nor4_4)
                                                         net2 (net)
                      0.648866    0.002180   20.362696 ^ output2/A (sky130_fd_sc_hd__buf_6)
     1    0.034010    0.127623    0.437263   20.799957 ^ output2/X (sky130_fd_sc_hd__buf_6)
                                                         zero (net)
                      0.127624    0.000645   20.800602 ^ zero (out)
                                             20.800602   data arrival time

                                 20.000000   20.000000   clock clk (rise edge)
                                  0.000000   20.000000   clock network delay (propagated)
                                 -0.250000   19.750002   clock uncertainty
                                  0.000000   19.750002   clock reconvergence pessimism
                                 -4.000000   15.750001   output external delay
                                             15.750001   data required time
---------------------------------------------------------------------------------------------
                                             15.750001   data required time
                                            -20.800602   data arrival time
---------------------------------------------------------------------------------------------
                                             -5.050602   slack (VIOLATED)




===========================================================================
report_checks --slack_max -0.01
============================================================================
======================= nom_ss_100C_1v60 Corner ===================================

Startpoint: _24088_ (rising edge-triggered flip-flop clocked by clk)
Endpoint: zero (output port clocked by clk)
Path Group: clk
Path Type: max

Fanout         Cap        Slew       Delay        Time   Description
---------------------------------------------------------------------------------------------
                                  0.000000    0.000000   clock clk (rise edge)
                                  0.000000    0.000000   clock source latency
     2    0.110775    0.796562    0.560454    0.560454 ^ clk (in)
                                                         clk (net)
                      0.796909    0.000000    0.560454 ^ clkbuf_0_clk/A (sky130_fd_sc_hd__clkbuf_16)
     4    0.204315    0.323949    0.709479    1.269933 ^ clkbuf_0_clk/X (sky130_fd_sc_hd__clkbuf_16)
                                                         clknet_0_clk (net)
                      0.324208    0.008269    1.278201 ^ clkbuf_2_2_0_clk/A (sky130_fd_sc_hd__clkbuf_8)
     8    0.208051    0.544386    0.691692    1.969893 ^ clkbuf_2_2_0_clk/X (sky130_fd_sc_hd__clkbuf_8)
                                                         clknet_2_2_0_clk (net)
                      0.545028    0.015505    1.985398 ^ clkbuf_5_21__f_clk/A (sky130_fd_sc_hd__clkbuf_16)
    12    0.103194    0.183897    0.519962    2.505360 ^ clkbuf_5_21__f_clk/X (sky130_fd_sc_hd__clkbuf_16)
                                                         clknet_5_21__leaf_clk (net)
                      0.184012    0.004241    2.509601 ^ clkbuf_leaf_213_clk/A (sky130_fd_sc_hd__clkbuf_8)
     8    0.031007    0.109118    0.313040    2.822641 ^ clkbuf_leaf_213_clk/X (sky130_fd_sc_hd__clkbuf_8)
                                                         clknet_leaf_213_clk (net)
                      0.109120    0.000673    2.823313 ^ _24088_/CLK (sky130_fd_sc_hd__dfrtp_1)
     2    0.006597    0.108193    0.789891    3.613204 v _24088_/Q (sky130_fd_sc_hd__dfrtp_1)
                                                         dp.ifu.PC[3] (net)
                      0.108193    0.000159    3.613364 v fanout2673/A (sky130_fd_sc_hd__buf_2)
    10    0.041784    0.195994    0.386232    3.999595 v fanout2673/X (sky130_fd_sc_hd__buf_2)
                                                         net2673 (net)
                      0.196012    0.001978    4.001573 v _11435_/B (sky130_fd_sc_hd__nor3b_1)
     4    0.012785    0.739649    0.716535    4.718108 ^ _11435_/Y (sky130_fd_sc_hd__nor3b_1)
                                                         _06572_ (net)
                      0.739649    0.000297    4.718404 ^ _11441_/A (sky130_fd_sc_hd__or2_1)
     1    0.009074    0.155021    0.453942    5.172347 ^ _11441_/X (sky130_fd_sc_hd__or2_1)
                                                         _06578_ (net)
                      0.155021    0.000439    5.172785 ^ fanout2317/A (sky130_fd_sc_hd__buf_4)
     5    0.085128    0.377845    0.465767    5.638552 ^ fanout2317/X (sky130_fd_sc_hd__buf_4)
                                                         net2317 (net)
                      0.377851    0.001278    5.639830 ^ fanout2314/A (sky130_fd_sc_hd__buf_4)
     6    0.061404    0.277868    0.493263    6.133093 ^ fanout2314/X (sky130_fd_sc_hd__buf_4)
                                                         net2314 (net)
                      0.277868    0.000901    6.133995 ^ fanout2313/A (sky130_fd_sc_hd__buf_6)
    10    0.082792    0.266437    0.412272    6.546266 ^ fanout2313/X (sky130_fd_sc_hd__buf_6)
                                                         net2313 (net)
                      0.266563    0.001446    6.547712 ^ fanout2312/A (sky130_fd_sc_hd__buf_6)
    10    0.086301    0.278444    0.414107    6.961819 ^ fanout2312/X (sky130_fd_sc_hd__buf_6)
                                                         net2312 (net)
                      0.279195    0.011842    6.973661 ^ _11487_/B1 (sky130_fd_sc_hd__o32ai_4)
     1    0.026197    0.209583    0.304411    7.278072 v _11487_/Y (sky130_fd_sc_hd__o32ai_4)
                                                         _06624_ (net)
                      0.209592    0.002537    7.280609 v fanout2244/A (sky130_fd_sc_hd__buf_8)
     9    0.137731    0.177706    0.392563    7.673172 v fanout2244/X (sky130_fd_sc_hd__buf_8)
                                                         net2244 (net)
                      0.177747    0.002323    7.675496 v fanout2231/A (sky130_fd_sc_hd__buf_8)
    11    0.113165    0.152477    0.352702    8.028198 v fanout2231/X (sky130_fd_sc_hd__buf_8)
                                                         net2231 (net)
                      0.152526    0.002403    8.030602 v _11493_/A2 (sky130_fd_sc_hd__a211o_4)
     3    0.014600    0.101999    0.659887    8.690489 v _11493_/X (sky130_fd_sc_hd__a211o_4)
                                                         _06630_ (net)
                      0.101999    0.000332    8.690821 v _11494_/B1 (sky130_fd_sc_hd__a21o_1)
     3    0.009026    0.108728    0.339790    9.030610 v _11494_/X (sky130_fd_sc_hd__a21o_1)
                                                         _06631_ (net)
                      0.108728    0.000261    9.030871 v _11533_/A3 (sky130_fd_sc_hd__a311o_1)
     3    0.008911    0.150438    0.724643    9.755514 v _11533_/X (sky130_fd_sc_hd__a311o_1)
                                                         _06670_ (net)
                      0.150438    0.000238    9.755752 v _11534_/C (sky130_fd_sc_hd__and3_1)
     1    0.004811    0.088015    0.419555   10.175307 v _11534_/X (sky130_fd_sc_hd__and3_1)
                                                         _06671_ (net)
                      0.088015    0.000104   10.175411 v _11535_/B1 (sky130_fd_sc_hd__a21o_4)
     2    0.024144    0.102119    0.398205   10.573616 v _11535_/X (sky130_fd_sc_hd__a21o_4)
                                                         _06672_ (net)
                      0.102119    0.000362   10.573978 v _11537_/B (sky130_fd_sc_hd__xnor2_2)
     1    0.009484    0.267396    0.280981   10.854959 ^ _11537_/Y (sky130_fd_sc_hd__xnor2_2)
                                                         _06674_ (net)
                      0.267396    0.000370   10.855330 ^ fanout1710/A (sky130_fd_sc_hd__buf_8)
     7    0.133453    0.337884    0.452913   11.308244 ^ fanout1710/X (sky130_fd_sc_hd__buf_8)
                                                         net1710 (net)
                      0.338065    0.006526   11.314770 ^ fanout1707/A (sky130_fd_sc_hd__buf_12)
     6    0.092367    0.179586    0.371284   11.686054 ^ fanout1707/X (sky130_fd_sc_hd__buf_12)
                                                         net1707 (net)
                      0.179733    0.001844   11.687898 ^ fanout1706/A (sky130_fd_sc_hd__buf_6)
     7    0.054803    0.183744    0.316009   12.003907 ^ fanout1706/X (sky130_fd_sc_hd__buf_6)
                                                         net1706 (net)
                      0.183775    0.002395   12.006302 ^ fanout1705/A (sky130_fd_sc_hd__buf_4)
     6    0.037006    0.176721    0.340886   12.347188 ^ fanout1705/X (sky130_fd_sc_hd__buf_4)
                                                         net1705 (net)
                      0.176721    0.000655   12.347842 ^ fanout1704/A (sky130_fd_sc_hd__buf_4)
     8    0.036894    0.175773    0.337272   12.685114 ^ fanout1704/X (sky130_fd_sc_hd__buf_4)
                                                         net1704 (net)
                      0.175779    0.001299   12.686413 ^ _11605_/A (sky130_fd_sc_hd__and2_4)
     2    0.016563    0.115727    0.363130   13.049543 ^ _11605_/X (sky130_fd_sc_hd__and2_4)
                                                         _06742_ (net)
                      0.115729    0.000690   13.050233 ^ fanout1541/A (sky130_fd_sc_hd__buf_12)
     6    0.063235    0.129428    0.252085   13.302318 ^ fanout1541/X (sky130_fd_sc_hd__buf_12)
                                                         net1541 (net)
                      0.129440    0.001338   13.303656 ^ _11948_/B (sky130_fd_sc_hd__nand2_8)
     5    0.157086    0.397334    0.358060   13.661716 v _11948_/Y (sky130_fd_sc_hd__nand2_8)
                                                         _07085_ (net)
                      0.397627    0.008885   13.670601 v fanout60/A (sky130_fd_sc_hd__buf_8)
     5    0.035272    0.071937    0.392777   14.063378 v fanout60/X (sky130_fd_sc_hd__buf_8)
                                                         net60 (net)
                      0.071937    0.000836   14.064214 v _21419_/A (sky130_fd_sc_hd__or4_4)
     1    0.004352    0.151281    1.039797   15.104011 v _21419_/X (sky130_fd_sc_hd__or4_4)
                                                         _06529_ (net)
                      0.151281    0.000117   15.104128 v _21420_/D (sky130_fd_sc_hd__or4_4)
     1    0.007921    0.167407    0.885901   15.990029 v _21420_/X (sky130_fd_sc_hd__or4_4)
                                                         _06530_ (net)
                      0.167407    0.000336   15.990365 v _21421_/D (sky130_fd_sc_hd__or4_4)
     1    0.009688    0.172115    0.901373   16.891739 v _21421_/X (sky130_fd_sc_hd__or4_4)
                                                         _06531_ (net)
                      0.172115    0.000416   16.892155 v _21422_/D (sky130_fd_sc_hd__or4_4)
     1    0.007189    0.165458    0.887896   17.780050 v _21422_/X (sky130_fd_sc_hd__or4_4)
                                                         _06532_ (net)
                      0.165458    0.000309   17.780359 v _21423_/C (sky130_fd_sc_hd__or4b_4)
     1    0.008147    0.168657    1.015932   18.796291 v _21423_/X (sky130_fd_sc_hd__or4b_4)
                                                         _06533_ (net)
                      0.168657    0.000393   18.796684 v _21424_/D (sky130_fd_sc_hd__or4_4)
     1    0.008939    0.170381    0.897288   19.693972 v _21424_/X (sky130_fd_sc_hd__or4_4)
                                                         _06534_ (net)
                      0.170381    0.000286   19.694258 v _21425_/C (sky130_fd_sc_hd__nor4_4)
     1    0.022867    0.648866    0.666258   20.360516 ^ _21425_/Y (sky130_fd_sc_hd__nor4_4)
                                                         net2 (net)
                      0.648866    0.002180   20.362696 ^ output2/A (sky130_fd_sc_hd__buf_6)
     1    0.034010    0.127623    0.437263   20.799957 ^ output2/X (sky130_fd_sc_hd__buf_6)
                                                         zero (net)
                      0.127624    0.000645   20.800602 ^ zero (out)
                                             20.800602   data arrival time

                                 20.000000   20.000000   clock clk (rise edge)
                                  0.000000   20.000000   clock network delay (propagated)
                                 -0.250000   19.750002   clock uncertainty
                                  0.000000   19.750002   clock reconvergence pessimism
                                 -4.000000   15.750001   output external delay
                                             15.750001   data required time
---------------------------------------------------------------------------------------------
                                             15.750001   data required time
                                            -20.800602   data arrival time
---------------------------------------------------------------------------------------------
                                             -5.050602   slack (VIOLATED)




===========================================================================
 report_check_types -max_slew -max_cap -max_fanout -violators
============================================================================
======================= nom_ss_100C_1v60 Corner ===================================

max slew

Pin                                        Limit        Slew       Slack
------------------------------------------------------------------------
_14589_/B                               0.750000    1.493804   -0.743804 (VIOLATED)
_13011_/B                               0.750000    1.493803   -0.743803 (VIOLATED)
ANTENNA_573/DIODE                       0.750000    1.493798   -0.743798 (VIOLATED)
_13022_/B                               0.750000    1.493798   -0.743798 (VIOLATED)
_13203_/B                               0.750000    1.493788   -0.743788 (VIOLATED)
_13222_/B                               0.750000    1.493786   -0.743787 (VIOLATED)
clone12/X                               0.750000    1.493766   -0.743766 (VIOLATED)
fanout1600/A                            0.750000    1.411832   -0.661832 (VIOLATED)
_11628_/Y                               0.750000    1.411823   -0.661823 (VIOLATED)
max_cap1601/A                           0.750000    1.411823   -0.661823 (VIOLATED)
_17266_/A1                              0.750000    1.408138   -0.658138 (VIOLATED)
ANTENNA_7/DIODE                         0.750000    1.408136   -0.658136 (VIOLATED)
ANTENNA_6/DIODE                         0.750000    1.408132   -0.658132 (VIOLATED)
_15829_/A1                              0.750000    1.408132   -0.658132 (VIOLATED)
_11527_/A2                              0.750000    1.406607   -0.656607 (VIOLATED)
_20478_/A1                              0.750000    1.406519   -0.656519 (VIOLATED)
ANTENNA_576/DIODE                       0.750000    1.406519   -0.656519 (VIOLATED)
_17794_/A1                              0.750000    1.406495   -0.656495 (VIOLATED)
_21371_/B                               0.750000    1.406492   -0.656492 (VIOLATED)
ANTENNA_575/DIODE                       0.750000    1.406488   -0.656488 (VIOLATED)
_11524_/X                               0.750000    1.406429   -0.656429 (VIOLATED)
_14570_/Y                               0.750000    1.396718   -0.646718 (VIOLATED)
wire5/A                                 0.750000    1.396718   -0.646718 (VIOLATED)
fanout1640/A                            0.750000    1.348371   -0.598371 (VIOLATED)
fanout1650/A                            0.750000    1.348357   -0.598357 (VIOLATED)
fanout1643/A                            0.750000    1.348329   -0.598329 (VIOLATED)
_11594_/Y                               0.750000    1.348270   -0.598270 (VIOLATED)
fanout1586/A                            0.750000    1.297449   -0.547449 (VIOLATED)
_11644_/Y                               0.750000    1.297383   -0.547383 (VIOLATED)
wire1587/A                              0.750000    1.297383   -0.547383 (VIOLATED)
_13767_/Y                               0.750000    1.229814   -0.479814 (VIOLATED)
wire4/A                                 0.750000    1.229814   -0.479814 (VIOLATED)
ANTENNA_1/DIODE                         0.750000    1.219560   -0.469560 (VIOLATED)
_20037_/B2                              0.750000    1.219560   -0.469560 (VIOLATED)
_20036_/Y                               0.750000    1.219546   -0.469546 (VIOLATED)
_13245_/D                               0.750000    1.168131   -0.418131 (VIOLATED)
_13244_/Y                               0.750000    1.168106   -0.418106 (VIOLATED)
_14976_/B                               0.750000    1.158981   -0.408981 (VIOLATED)
_14977_/A2                              0.750000    1.158980   -0.408981 (VIOLATED)
_14974_/Y                               0.750000    1.158898   -0.408898 (VIOLATED)
wire3/A                                 0.750000    1.095613   -0.345613 (VIOLATED)
_13924_/Y                               0.750000    1.095597   -0.345597 (VIOLATED)
fanout1625/A                            0.750000    1.070316   -0.320316 (VIOLATED)
_11599_/Y                               0.750000    1.070314   -0.320314 (VIOLATED)
max_cap1626/A                           0.750000    1.070314   -0.320314 (VIOLATED)
_14052_/D                               0.750000    1.066654   -0.316655 (VIOLATED)
ANTENNA_202/DIODE                       0.750000    1.066654   -0.316654 (VIOLATED)
_14051_/X                               0.750000    1.066577   -0.316577 (VIOLATED)
fanout1634/A                            0.750000    1.054895   -0.304895 (VIOLATED)
_11597_/Y                               0.750000    1.054562   -0.304562 (VIOLATED)
max_cap1635/A                           0.750000    1.054562   -0.304562 (VIOLATED)
_14078_/C1                              0.750000    1.021595   -0.271595 (VIOLATED)
ANTENNA_204/DIODE                       0.750000    1.021594   -0.271594 (VIOLATED)
_14077_/X                               0.750000    1.021466   -0.271466 (VIOLATED)
_13092_/A2                              0.750000    0.989722   -0.239722 (VIOLATED)
_13045_/Y                               0.750000    0.989606   -0.239606 (VIOLATED)
fanout2300/A                            0.750000    0.962109   -0.212109 (VIOLATED)
fanout2299/A                            0.750000    0.962079   -0.212079 (VIOLATED)
_12914_/A1                              0.750000    0.962064   -0.212064 (VIOLATED)
fanout2298/A                            0.750000    0.962040   -0.212040 (VIOLATED)
_11991_/Y                               0.750000    0.962038   -0.212038 (VIOLATED)
_18893_/B2                              0.750000    0.945060   -0.195060 (VIOLATED)
_18892_/Y                               0.750000    0.945055   -0.195055 (VIOLATED)
_12715_/D                               0.750000    0.943317   -0.193317 (VIOLATED)
_12713_/D                               0.750000    0.943317   -0.193317 (VIOLATED)
fanout1603/A                            0.750000    0.943243   -0.193243 (VIOLATED)
_11625_/Y                               0.750000    0.943217   -0.193217 (VIOLATED)
wire1744/A                              0.750000    0.902208   -0.152208 (VIOLATED)
_21406_/B1                              0.750000    0.902155   -0.152155 (VIOLATED)
_21387_/B1                              0.750000    0.902154   -0.152154 (VIOLATED)
_12347_/B                               0.750000    0.902149   -0.152149 (VIOLATED)
_12259_/Y                               0.750000    0.902108   -0.152108 (VIOLATED)
_13245_/A                               0.750000    0.894187   -0.144187 (VIOLATED)
_13239_/Y                               0.750000    0.894178   -0.144178 (VIOLATED)
wire1797/A                              0.750000    0.889330   -0.139330 (VIOLATED)
_16106_/A2                              0.750000    0.889318   -0.139318 (VIOLATED)
_16921_/A2                              0.750000    0.889314   -0.139314 (VIOLATED)
_12179_/B                               0.750000    0.889139   -0.139139 (VIOLATED)
_12185_/A2                              0.750000    0.889139   -0.139139 (VIOLATED)
_12178_/Y                               0.750000    0.889129   -0.139129 (VIOLATED)
fanout500/A                             0.750000    0.887384   -0.137384 (VIOLATED)
fanout499/A                             0.750000    0.887368   -0.137368 (VIOLATED)
fanout498/A                             0.750000    0.887356   -0.137356 (VIOLATED)
_21414_/Y                               0.750000    0.887342   -0.137342 (VIOLATED)
fanout497/A                             0.750000    0.887342   -0.137342 (VIOLATED)
_13061_/C                               0.750000    0.886318   -0.136318 (VIOLATED)
_13058_/Y                               0.750000    0.886017   -0.136017 (VIOLATED)
fanout2566/A                            0.750000    0.884179   -0.134179 (VIOLATED)
fanout2537/A                            0.750000    0.884093   -0.134093 (VIOLATED)
ANTENNA_556/DIODE                       0.750000    0.884092   -0.134092 (VIOLATED)
ANTENNA_557/DIODE                       0.750000    0.883702   -0.133702 (VIOLATED)
fanout2580/A                            0.750000    0.883698   -0.133698 (VIOLATED)
rebuffer13/X                            0.750000    0.883253   -0.133253 (VIOLATED)
_14844_/C1                              0.750000    0.873187   -0.123187 (VIOLATED)
_14823_/X                               0.750000    0.872955   -0.122955 (VIOLATED)
fanout1579/A                            0.750000    0.869655   -0.119655 (VIOLATED)
_11690_/Y                               0.750000    0.869640   -0.119640 (VIOLATED)
fanout2060/A                            0.750000    0.868905   -0.118905 (VIOLATED)
ANTENNA_594/DIODE                       0.750000    0.868903   -0.118904 (VIOLATED)
fanout2070/A                            0.750000    0.868806   -0.118806 (VIOLATED)
fanout2073/A                            0.750000    0.868488   -0.118488 (VIOLATED)
_12103_/X                               0.750000    0.868480   -0.118480 (VIOLATED)
_14046_/C1                              0.750000    0.863850   -0.113850 (VIOLATED)
_14045_/X                               0.750000    0.863628   -0.113628 (VIOLATED)
_13286_/A                               0.750000    0.838179   -0.088179 (VIOLATED)
_13245_/Y                               0.750000    0.837914   -0.087914 (VIOLATED)
fanout1594/A                            0.750000    0.813062   -0.063062 (VIOLATED)
_11637_/Y                               0.750000    0.813047   -0.063047 (VIOLATED)
clkbuf_0_clk/A                          0.750000    0.796909   -0.046909 (VIOLATED)
ANTENNA_259/DIODE                       0.750000    0.796905   -0.046905 (VIOLATED)
clk                                     0.750000    0.796562   -0.046562 (VIOLATED)
_12791_/A2                              0.750000    0.791178   -0.041178 (VIOLATED)
_21443_/A0                              0.750000    0.791178   -0.041178 (VIOLATED)
_21421_/B                               0.750000    0.791177   -0.041177 (VIOLATED)
_12707_/Y                               0.750000    0.791176   -0.041176 (VIOLATED)
_14817_/C1                              0.750000    0.787159   -0.037159 (VIOLATED)
_14753_/X                               0.750000    0.787010   -0.037010 (VIOLATED)
_21426_/A0                              0.750000    0.783706   -0.033706 (VIOLATED)
ANTENNA_5/DIODE                         0.750000    0.783706   -0.033706 (VIOLATED)
_15133_/A1                              0.750000    0.783701   -0.033701 (VIOLATED)
_11644_/B                               0.750000    0.783695   -0.033695 (VIOLATED)
_11628_/B                               0.750000    0.783695   -0.033695 (VIOLATED)
_11611_/B                               0.750000    0.783694   -0.033694 (VIOLATED)
_11604_/B                               0.750000    0.783694   -0.033694 (VIOLATED)
_11631_/B                               0.750000    0.783694   -0.033694 (VIOLATED)
_11641_/B                               0.750000    0.783694   -0.033694 (VIOLATED)
_11619_/B                               0.750000    0.783694   -0.033694 (VIOLATED)
_11509_/Y                               0.750000    0.783691   -0.033691 (VIOLATED)
_14245_/C                               0.750000    0.780774   -0.030774 (VIOLATED)
_14243_/Y                               0.750000    0.780772   -0.030772 (VIOLATED)
_16765_/A2                              0.750000    0.778982   -0.028982 (VIOLATED)
ANTENNA_61/DIODE                        0.750000    0.778981   -0.028981 (VIOLATED)
_21388_/A1                              0.750000    0.778793   -0.028793 (VIOLATED)
_21404_/B1                              0.750000    0.778769   -0.028770 (VIOLATED)
_12226_/Y                               0.750000    0.778743   -0.028743 (VIOLATED)
_12987_/C1                              0.750000    0.774483   -0.024483 (VIOLATED)
_12986_/X                               0.750000    0.774479   -0.024479 (VIOLATED)
_12894_/Y                               0.750000    0.768089   -0.018089 (VIOLATED)
_12903_/C                               0.750000    0.768089   -0.018089 (VIOLATED)
wire2297/A                              0.750000    0.763401   -0.013401 (VIOLATED)
ANTENNA_574/DIODE                       0.750000    0.763371   -0.013371 (VIOLATED)
fanout2296/A                            0.750000    0.763370   -0.013370 (VIOLATED)
_11451_/Y                               0.750000    0.763359   -0.013359 (VIOLATED)
_13757_/Y                               0.750000    0.754319   -0.004319 (VIOLATED)
_13758_/D_N                             0.750000    0.754319   -0.004319 (VIOLATED)

max fanout

Pin                                   Limit Fanout  Slack
---------------------------------------------------------
fanout821/X                              10     16     -6 (VIOLATED)
fanout57/X                               10     15     -5 (VIOLATED)
fanout1603/X                             10     14     -4 (VIOLATED)
fanout165/X                              10     14     -4 (VIOLATED)
_12480_/X                                10     13     -3 (VIOLATED)
clkbuf_5_16__f_clk/X                     10     13     -3 (VIOLATED)
clkbuf_5_29__f_clk/X                     10     13     -3 (VIOLATED)
fanout1046/X                             10     13     -3 (VIOLATED)
fanout1583/X                             10     13     -3 (VIOLATED)
fanout2566/X                             10     13     -3 (VIOLATED)
fanout431/X                              10     13     -3 (VIOLATED)
fanout78/X                               10     13     -3 (VIOLATED)
_12766_/X                                10     12     -2 (VIOLATED)
_13891_/X                                10     12     -2 (VIOLATED)
_13965_/X                                10     12     -2 (VIOLATED)
_13971_/X                                10     12     -2 (VIOLATED)
_14495_/X                                10     12     -2 (VIOLATED)
clkbuf_5_13__f_clk/X                     10     12     -2 (VIOLATED)
clkbuf_5_15__f_clk/X                     10     12     -2 (VIOLATED)
clkbuf_5_20__f_clk/X                     10     12     -2 (VIOLATED)
clkbuf_5_21__f_clk/X                     10     12     -2 (VIOLATED)
clkbuf_5_22__f_clk/X                     10     12     -2 (VIOLATED)
clkbuf_5_26__f_clk/X                     10     12     -2 (VIOLATED)
clkbuf_5_4__f_clk/X                      10     12     -2 (VIOLATED)
clkbuf_5_5__f_clk/X                      10     12     -2 (VIOLATED)
clkbuf_5_8__f_clk/X                      10     12     -2 (VIOLATED)
fanout1109/X                             10     12     -2 (VIOLATED)
fanout1370/X                             10     12     -2 (VIOLATED)
fanout1432/X                             10     12     -2 (VIOLATED)
fanout1592/X                             10     12     -2 (VIOLATED)
fanout1614/X                             10     12     -2 (VIOLATED)
fanout1664/X                             10     12     -2 (VIOLATED)
fanout173/X                              10     12     -2 (VIOLATED)
fanout2149/X                             10     12     -2 (VIOLATED)
fanout2505/X                             10     12     -2 (VIOLATED)
_12759_/X                                10     11        (VIOLATED)
clkbuf_5_14__f_clk/X                     10     11        (VIOLATED)
clkbuf_5_19__f_clk/X                     10     11        (VIOLATED)
clkbuf_5_2__f_clk/X                      10     11        (VIOLATED)
fanout1105/X                             10     11        (VIOLATED)
fanout1129/X                             10     11        (VIOLATED)
fanout1298/X                             10     11        (VIOLATED)
fanout1300/X                             10     11        (VIOLATED)
fanout1383/X                             10     11        (VIOLATED)
fanout1421/X                             10     11        (VIOLATED)
fanout1465/X                             10     11        (VIOLATED)
fanout1575/X                             10     11        (VIOLATED)
fanout1577/X                             10     11        (VIOLATED)
fanout1582/X                             10     11        (VIOLATED)
fanout1589/X                             10     11        (VIOLATED)
fanout1599/X                             10     11        (VIOLATED)
fanout1604/X                             10     11        (VIOLATED)
fanout1608/X                             10     11        (VIOLATED)
fanout1652/X                             10     11        (VIOLATED)
fanout1665/X                             10     11        (VIOLATED)
fanout167/X                              10     11        (VIOLATED)
fanout1689/X                             10     11        (VIOLATED)
fanout17/X                               10     11        (VIOLATED)
fanout1701/X                             10     11        (VIOLATED)
fanout177/X                              10     11        (VIOLATED)
fanout182/X                              10     11        (VIOLATED)
fanout1891/X                             10     11        (VIOLATED)
fanout193/X                              10     11        (VIOLATED)
fanout1975/X                             10     11        (VIOLATED)
fanout2091/X                             10     11        (VIOLATED)
fanout213/X                              10     11        (VIOLATED)
fanout216/X                              10     11        (VIOLATED)
fanout2231/X                             10     11        (VIOLATED)
fanout225/X                              10     11        (VIOLATED)
fanout2266/X                             10     11        (VIOLATED)
fanout245/X                              10     11        (VIOLATED)
fanout304/X                              10     11        (VIOLATED)
fanout319/X                              10     11        (VIOLATED)
fanout396/X                              10     11        (VIOLATED)
fanout427/X                              10     11        (VIOLATED)
fanout465/X                              10     11        (VIOLATED)
fanout51/X                               10     11        (VIOLATED)
fanout532/X                              10     11        (VIOLATED)
fanout564/X                              10     11        (VIOLATED)
fanout58/X                               10     11        (VIOLATED)
fanout623/X                              10     11        (VIOLATED)
fanout683/X                              10     11        (VIOLATED)
fanout691/X                              10     11        (VIOLATED)
fanout696/X                              10     11        (VIOLATED)
fanout725/X                              10     11        (VIOLATED)
fanout75/X                               10     11        (VIOLATED)
fanout753/X                              10     11        (VIOLATED)
fanout777/X                              10     11        (VIOLATED)
fanout798/X                              10     11        (VIOLATED)
fanout866/X                              10     11        (VIOLATED)
fanout88/X                               10     11        (VIOLATED)
fanout918/X                              10     11        (VIOLATED)
fanout928/X                              10     11        (VIOLATED)
fanout98/X                               10     11        (VIOLATED)

max capacitance

Pin                                        Limit         Cap       Slack
------------------------------------------------------------------------
_11524_/X                               0.200000    0.332387   -0.132387 (VIOLATED)
fanout2091/X                            0.200000    0.287717   -0.087717 (VIOLATED)
fanout78/X                              0.200000    0.281993   -0.081993 (VIOLATED)
fanout1576/X                            0.200000    0.281124   -0.081124 (VIOLATED)
fanout1933/X                            0.200000    0.269165   -0.069165 (VIOLATED)
fanout1665/X                            0.200000    0.261508   -0.061508 (VIOLATED)
fanout2227/X                            0.200000    0.251912   -0.051912 (VIOLATED)
fanout866/X                             0.200000    0.251591   -0.051591 (VIOLATED)
fanout1761/X                            0.200000    0.246979   -0.046979 (VIOLATED)
fanout1300/X                            0.200000    0.245502   -0.045502 (VIOLATED)
fanout1573/X                            0.200000    0.244382   -0.044382 (VIOLATED)
fanout431/X                             0.200000    0.243931   -0.043931 (VIOLATED)
fanout2505/X                            0.200000    0.242896   -0.042896 (VIOLATED)
fanout1370/X                            0.200000    0.241130   -0.041130 (VIOLATED)
fanout1603/X                            0.200000    0.235730   -0.035730 (VIOLATED)
fanout1920/X                            0.200000    0.235551   -0.035551 (VIOLATED)
fanout1322/X                            0.200000    0.231508   -0.031508 (VIOLATED)
fanout1597/X                            0.200000    0.225823   -0.025823 (VIOLATED)
fanout1611/X                            0.200000    0.222827   -0.022827 (VIOLATED)
fanout2108/X                            0.200000    0.216505   -0.016505 (VIOLATED)
fanout57/X                              0.200000    0.215882   -0.015882 (VIOLATED)
fanout821/X                             0.200000    0.215694   -0.015694 (VIOLATED)
clkbuf_2_1_0_clk/X                      0.200000    0.214552   -0.014552 (VIOLATED)
fanout1154/X                            0.200000    0.211775   -0.011775 (VIOLATED)
fanout1379/X                            0.200000    0.211181   -0.011181 (VIOLATED)
fanout732/X                             0.200000    0.208333   -0.008333 (VIOLATED)
clkbuf_2_2_0_clk/X                      0.200000    0.208051   -0.008051 (VIOLATED)
clkbuf_2_0_0_clk/X                      0.200000    0.208043   -0.008043 (VIOLATED)
fanout465/X                             0.200000    0.206973   -0.006973 (VIOLATED)
fanout2056/X                            0.200000    0.204358   -0.004358 (VIOLATED)
clkbuf_0_clk/X                          0.200000    0.204315   -0.004315 (VIOLATED)



===========================================================================
report_parasitic_annotation -report_unannotated
============================================================================
Found 286 unannotated drivers.
 clkload0/Y
 clkload1/Y
 clkload10/X
 clkload100/X
 clkload101/X
 clkload102/X
 clkload103/X
 clkload104/Y
 clkload105/X
 clkload106/X
 clkload107/Y
 clkload108/Y
 clkload109/Y
 clkload11/Y
 clkload110/X
 clkload111/Y
 clkload112/Y
 clkload113/Y
 clkload114/X
 clkload115/X
 clkload116/X
 clkload117/X
 clkload118/X
 clkload119/Y
 clkload12/Y
 clkload120/Y
 clkload121/Y
 clkload122/Y
 clkload123/X
 clkload124/Y
 clkload125/Y
 clkload126/Y
 clkload127/X
 clkload128/X
 clkload129/Y
 clkload13/Y
 clkload130/X
 clkload131/X
 clkload132/Y
 clkload133/X
 clkload134/X
 clkload135/Y
 clkload136/X
 clkload137/Y
 clkload138/X
 clkload139/X
 clkload14/Y
 clkload140/Y
 clkload141/Y
 clkload142/Y
 clkload143/Y
 clkload144/X
 clkload145/X
 clkload146/Y
 clkload147/X
 clkload148/X
 clkload149/Y
 clkload15/Y
 clkload150/Y
 clkload151/Y
 clkload152/Y
 clkload153/Y
 clkload154/Y
 clkload155/Y
 clkload156/Y
 clkload157/Y
 clkload158/X
 clkload159/X
 clkload16/Y
 clkload160/X
 clkload161/Y
 clkload162/X
 clkload163/Y
 clkload164/X
 clkload165/X
 clkload166/X
 clkload167/X
 clkload168/X
 clkload169/X
 clkload17/Y
 clkload170/X
 clkload171/X
 clkload172/X
 clkload173/Y
 clkload174/X
 clkload175/X
 clkload176/Y
 clkload177/X
 clkload178/X
 clkload179/X
 clkload18/Y
 clkload180/X
 clkload181/X
 clkload182/X
 clkload183/Y
 clkload184/X
 clkload185/Y
 clkload186/Y
 clkload187/X
 clkload188/X
 clkload189/X
 clkload19/Y
 clkload190/Y
 clkload191/X
 clkload192/Y
 clkload193/Y
 clkload194/X
 clkload195/Y
 clkload196/Y
 clkload197/Y
 clkload198/Y
 clkload199/Y
 clkload2/Y
 clkload20/Y
 clkload200/Y
 clkload201/Y
 clkload202/Y
 clkload203/Y
 clkload204/X
 clkload205/Y
 clkload206/Y
 clkload207/X
 clkload208/Y
 clkload209/Y
 clkload21/Y
 clkload210/Y
 clkload211/Y
 clkload212/Y
 clkload213/Y
 clkload214/Y
 clkload215/Y
 clkload216/Y
 clkload217/X
 clkload218/Y
 clkload219/X
 clkload22/Y
 clkload220/Y
 clkload221/Y
 clkload222/X
 clkload223/Y
 clkload224/Y
 clkload225/Y
 clkload226/X
 clkload227/X
 clkload228/Y
 clkload229/X
 clkload23/X
 clkload230/Y
 clkload231/X
 clkload232/X
 clkload233/X
 clkload234/Y
 clkload235/X
 clkload236/X
 clkload237/X
 clkload238/X
 clkload239/X
 clkload24/Y
 clkload240/X
 clkload241/Y
 clkload242/X
 clkload243/Y
 clkload244/Y
 clkload245/X
 clkload246/Y
 clkload247/X
 clkload248/Y
 clkload249/Y
 clkload25/Y
 clkload250/X
 clkload251/Y
 clkload252/Y
 clkload253/Y
 clkload254/Y
 clkload255/X
 clkload256/Y
 clkload257/Y
 clkload258/Y
 clkload259/X
 clkload26/Y
 clkload260/X
 clkload261/Y
 clkload262/X
 clkload263/X
 clkload264/X
 clkload265/Y
 clkload266/X
 clkload267/Y
 clkload268/X
 clkload269/X
 clkload27/X
 clkload270/Y
 clkload271/Y
 clkload272/Y
 clkload273/X
 clkload274/Y
 clkload275/X
 clkload276/Y
 clkload277/Y
 clkload278/Y
 clkload279/Y
 clkload28/X
 clkload280/X
 clkload281/X
 clkload282/Y
 clkload283/Y
 clkload284/Y
 clkload285/Y
 clkload29/X
 clkload3/Y
 clkload30/X
 clkload31/X
 clkload32/X
 clkload33/X
 clkload34/X
 clkload35/X
 clkload36/X
 clkload37/X
 clkload38/X
 clkload39/X
 clkload4/Y
 clkload40/X
 clkload41/X
 clkload42/X
 clkload43/X
 clkload44/Y
 clkload45/X
 clkload46/X
 clkload47/X
 clkload48/Y
 clkload49/Y
 clkload5/Y
 clkload50/X
 clkload51/Y
 clkload52/Y
 clkload53/X
 clkload54/Y
 clkload55/X
 clkload56/X
 clkload57/Y
 clkload58/Y
 clkload59/X
 clkload6/Y
 clkload60/Y
 clkload61/Y
 clkload62/Y
 clkload63/Y
 clkload64/Y
 clkload65/Y
 clkload66/Y
 clkload67/Y
 clkload68/Y
 clkload69/Y
 clkload7/Y
 clkload70/Y
 clkload71/X
 clkload72/X
 clkload73/Y
 clkload74/Y
 clkload75/Y
 clkload76/Y
 clkload77/X
 clkload78/X
 clkload79/X
 clkload8/Y
 clkload80/X
 clkload81/Y
 clkload82/X
 clkload83/X
 clkload84/Y
 clkload85/X
 clkload86/X
 clkload87/Y
 clkload88/X
 clkload89/X
 clkload9/Y
 clkload90/X
 clkload91/X
 clkload92/X
 clkload93/Y
 clkload94/X
 clkload95/X
 clkload96/Y
 clkload97/Y
 clkload98/X
 clkload99/Y
Found 0 partially unannotated drivers.

===========================================================================
max slew violation count 145
max fanout violation count 94
max cap violation count 31
============================================================================

===========================================================================
check_setup -verbose -unconstrained_endpoints -multiple_clock -no_clock -no_input_delay -loops -generated_clocks
===========================================================================
