
===========================================================================
 report_power
============================================================================
======================= nom_ss_100C_1v60 Corner ===================================

Group                    Internal    Switching      Leakage        Total
                            Power        Power        Power        Power (Watts)
------------------------------------------------------------------------
Sequential           1.989717e-03 0.000000e+00 2.569755e-05 2.015415e-03  35.4%
Combinational        3.623458e-05 1.072235e-04 8.048642e-05 2.239445e-04   3.9%
Clock                2.070724e-03 1.380992e-03 6.461120e-06 3.458177e-03  60.7%
Macro                0.000000e+00 0.000000e+00 0.000000e+00 0.000000e+00   0.0%
Pad                  0.000000e+00 0.000000e+00 0.000000e+00 0.000000e+00   0.0%
------------------------------------------------------------------------
Total                4.096674e-03 1.488216e-03 1.126449e-04 5.697535e-03 100.0%
                            71.9%        26.1%         2.0%

