                                                                       Cells by Function                                                                        
┏━━━━━━━━━━━━━━━━━━━━━━━━━━━━━━━━━━━━━━━━━━━━━━━━━━━━━━━━━━━━━━━━━━━━━━━━━━━━━━━━━━━━━━━━━━━━━━━━━━━━━━━━━━━━━━━━━━━━━━━━━━━━━━━━━┳━━━━━━━━━━━━━━━━━━━━━━━━━━━━┓
┃ Cell Function                                                                                                                   ┃ Count                      ┃
┡━━━━━━━━━━━━━━━━━━━━━━━━━━━━━━━━━━━━━━━━━━━━━━━━━━━━━━━━━━━━━━━━━━━━━━━━━━━━━━━━━━━━━━━━━━━━━━━━━━━━━━━━━━━━━━━━━━━━━━━━━━━━━━━━━╇━━━━━━━━━━━━━━━━━━━━━━━━━━━━┩
│ sky130_ef_sc_hd__decap                                                                                                          │ 25269                      │
│ sky130_fd_sc_hd__a2111o                                                                                                         │ 92                         │
│ sky130_fd_sc_hd__a2111oi                                                                                                        │ 4                          │
│ sky130_fd_sc_hd__a211o                                                                                                          │ 1525                       │
│ sky130_fd_sc_hd__a211oi                                                                                                         │ 3                          │
│ sky130_fd_sc_hd__a21bo                                                                                                          │ 20                         │
│ sky130_fd_sc_hd__a21boi                                                                                                         │ 4                          │
│ sky130_fd_sc_hd__a21o                                                                                                           │ 665                        │
│ sky130_fd_sc_hd__a21oi                                                                                                          │ 380                        │
│ sky130_fd_sc_hd__a221o                                                                                                          │ 823                        │
│ sky130_fd_sc_hd__a221oi                                                                                                         │ 43                         │
│ sky130_fd_sc_hd__a22o                                                                                                           │ 1807                       │
│ sky130_fd_sc_hd__a22oi                                                                                                          │ 4                          │
│ sky130_fd_sc_hd__a311o                                                                                                          │ 2                          │
│ sky130_fd_sc_hd__a31o                                                                                                           │ 28                         │
│ sky130_fd_sc_hd__a32o                                                                                                           │ 1                          │
│ sky130_fd_sc_hd__a41o                                                                                                           │ 4                          │
│ sky130_fd_sc_hd__and2                                                                                                           │ 64                         │
│ sky130_fd_sc_hd__and2b                                                                                                          │ 8                          │
│ sky130_fd_sc_hd__and3                                                                                                           │ 138                        │
│ sky130_fd_sc_hd__and3b                                                                                                          │ 16                         │
│ sky130_fd_sc_hd__and4                                                                                                           │ 149                        │
│ sky130_fd_sc_hd__and4b                                                                                                          │ 5                          │
│ sky130_fd_sc_hd__and4bb                                                                                                         │ 4                          │
│ sky130_fd_sc_hd__buf                                                                                                            │ 1369                       │
│ sky130_fd_sc_hd__bufinv                                                                                                         │ 34                         │
│ sky130_fd_sc_hd__clkbuf                                                                                                         │ 2020                       │
│ sky130_fd_sc_hd__clkinv                                                                                                         │ 84                         │
│ sky130_fd_sc_hd__clkinvlp                                                                                                       │ 14                         │
│ sky130_fd_sc_hd__decap                                                                                                          │ 15099                      │
│ sky130_fd_sc_hd__dfrtp                                                                                                          │ 823                        │
│ sky130_fd_sc_hd__dfstp                                                                                                          │ 457                        │
│ sky130_fd_sc_hd__diode                                                                                                          │ 697                        │
│ sky130_fd_sc_hd__dlygate4sd1                                                                                                    │ 13                         │
│ sky130_fd_sc_hd__dlygate4sd3                                                                                                    │ 215                        │
│ sky130_fd_sc_hd__dlymetal6s2s                                                                                                   │ 18                         │
│ sky130_fd_sc_hd__dlymetal6s4s                                                                                                   │ 1                          │
│ sky130_fd_sc_hd__fill                                                                                                           │ 11554                      │
│ sky130_fd_sc_hd__inv                                                                                                            │ 1348                       │
│ sky130_fd_sc_hd__mux2                                                                                                           │ 235                        │
│ sky130_fd_sc_hd__nand2                                                                                                          │ 408                        │
│ sky130_fd_sc_hd__nand2b                                                                                                         │ 8                          │
│ sky130_fd_sc_hd__nand3                                                                                                          │ 9                          │
│ sky130_fd_sc_hd__nand3b                                                                                                         │ 3                          │
│ sky130_fd_sc_hd__nand4                                                                                                          │ 4                          │
│ sky130_fd_sc_hd__nor2                                                                                                           │ 799                        │
│ sky130_fd_sc_hd__nor3                                                                                                           │ 10                         │
│ sky130_fd_sc_hd__nor3b                                                                                                          │ 1                          │
│ sky130_fd_sc_hd__nor4                                                                                                           │ 12                         │
│ sky130_fd_sc_hd__o2111a                                                                                                         │ 28                         │
│ sky130_fd_sc_hd__o211a                                                                                                          │ 1126                       │
│ sky130_fd_sc_hd__o211ai                                                                                                         │ 15                         │
│ sky130_fd_sc_hd__o21a                                                                                                           │ 410                        │
│ sky130_fd_sc_hd__o21ai                                                                                                          │ 35                         │
│ sky130_fd_sc_hd__o21ba                                                                                                          │ 8                          │
│ sky130_fd_sc_hd__o21bai                                                                                                         │ 2                          │
│ sky130_fd_sc_hd__o221a                                                                                                          │ 240                        │
│ sky130_fd_sc_hd__o221ai                                                                                                         │ 3                          │
│ sky130_fd_sc_hd__o22a                                                                                                           │ 286                        │
│ sky130_fd_sc_hd__o22ai                                                                                                          │ 4                          │
│ sky130_fd_sc_hd__o2bb2a                                                                                                         │ 4                          │
│ sky130_fd_sc_hd__o31a                                                                                                           │ 11                         │
│ sky130_fd_sc_hd__o31ai                                                                                                          │ 3                          │
│ sky130_fd_sc_hd__o32a                                                                                                           │ 15                         │
│ sky130_fd_sc_hd__o32ai                                                                                                          │ 5                          │
│ sky130_fd_sc_hd__or2                                                                                                            │ 112                        │
│ sky130_fd_sc_hd__or3                                                                                                            │ 64                         │
│ sky130_fd_sc_hd__or3b                                                                                                           │ 9                          │
│ sky130_fd_sc_hd__or4                                                                                                            │ 269                        │
│ sky130_fd_sc_hd__or4b                                                                                                           │ 14                         │
│ sky130_fd_sc_hd__or4bb                                                                                                          │ 8                          │
│ sky130_fd_sc_hd__tapvpwrvgnd                                                                                                    │ 9544                       │
│ sky130_fd_sc_hd__xnor2                                                                                                          │ 47                         │
│ sky130_fd_sc_hd__xor2                                                                                                           │ 16                         │
└─────────────────────────────────────────────────────────────────────────────────────────────────────────────────────────────────┴────────────────────────────┘
