Clock: clk
Sources: clk 
Generated: no
Virtual: yes
Propagated: no
Period: 20.000000

===========================================================================
report_clock_properties
============================================================================
Clock                   Period          Waveform
----------------------------------------------------
clk                  20.000000    0.000000 10.000000

===========================================================================
report_clock_latency
============================================================================
Clock clk
rise -> rise
    min     max
0.000000 0.000000 source latency
1.390606         network latency _23229_/CLK
        1.639241 network latency _23232_/CLK
---------------
1.390606 1.639241 latency
        0.248635 skew

fall -> fall
    min     max
0.000000 0.000000 source latency
1.085173         network latency _23229_/CLK
        1.314227 network latency _23232_/CLK
---------------
1.085173 1.314227 latency
        0.229054 skew



===========================================================================
report_clock_min_period
============================================================================
clk period_min = 12.01 fmax = 83.23
