
===========================================================================
 report_power
============================================================================
======================= nom_tt_025C_1v80 Corner ===================================

Group                    Internal    Switching      Leakage        Total
                            Power        Power        Power        Power (Watts)
------------------------------------------------------------------------
Sequential           2.593278e-03 0.000000e+00 1.510072e-08 2.593294e-03  36.6%
Combinational        4.492817e-05 1.385148e-04 7.632642e-08 1.835193e-04   2.6%
Clock                2.537791e-03 1.765447e-03 5.318225e-08 4.303291e-03  60.8%
Macro                0.000000e+00 0.000000e+00 0.000000e+00 0.000000e+00   0.0%
Pad                  0.000000e+00 0.000000e+00 0.000000e+00 0.000000e+00   0.0%
------------------------------------------------------------------------
Total                5.175989e-03 1.903962e-03 1.446087e-07 7.080095e-03 100.0%
                            73.1%        26.9%         0.0%

