
===========================================================================
 report_power
============================================================================
======================= nom_ff_n40C_1v95 Corner ===================================

Group                    Internal    Switching      Leakage        Total
                            Power        Power        Power        Power (Watts)
------------------------------------------------------------------------
Sequential           3.018579e-03 0.000000e+00 3.340056e-08 3.018612e-03  36.6%
Combinational        5.631407e-05 1.632012e-04 1.304555e-07 2.196457e-04   2.7%
Clock                2.903894e-03 2.095405e-03 7.634537e-08 4.999376e-03  60.7%
Macro                0.000000e+00 0.000000e+00 0.000000e+00 0.000000e+00   0.0%
Pad                  0.000000e+00 0.000000e+00 0.000000e+00 0.000000e+00   0.0%
------------------------------------------------------------------------
Total                5.978787e-03 2.258607e-03 2.401922e-07 8.237635e-03 100.0%
                            72.6%        27.4%         0.0%

