
===========================================================================
 report_power
============================================================================
======================= min_ff_n40C_1v95 Corner ===================================

Group                    Internal    Switching      Leakage        Total
                            Power        Power        Power        Power (Watts)
------------------------------------------------------------------------
Sequential           3.019670e-03 0.000000e+00 3.340056e-08 3.019703e-03  37.2%
Combinational        5.574703e-05 1.567059e-04 1.304555e-07 2.125834e-04   2.6%
Clock                2.902015e-03 1.983010e-03 7.634537e-08 4.885102e-03  60.2%
Macro                0.000000e+00 0.000000e+00 0.000000e+00 0.000000e+00   0.0%
Pad                  0.000000e+00 0.000000e+00 0.000000e+00 0.000000e+00   0.0%
------------------------------------------------------------------------
Total                5.977428e-03 2.139716e-03 2.401922e-07 8.117384e-03 100.0%
                            73.6%        26.4%         0.0%

