
===========================================================================
report_checks -unconstrained
===========================================================================
======================= min_ss_100C_1v60 Corner ===================================

Startpoint: reset (input port clocked by clk)
Endpoint: _23506_ (recovery check against rising-edge clock clk)
Path Group: asynchronous
Path Type: max

Fanout         Cap        Slew       Delay        Time   Description
---------------------------------------------------------------------------------------------
                                  0.000000    0.000000   clock clk (rise edge)
                                  0.000000    0.000000   clock network delay (propagated)
                                  4.000000    4.000000 v input external delay
     1    0.002555    0.017533    0.008443    4.008443 v reset (in)
                                                         reset (net)
                      0.017533    0.000000    4.008443 v input1/A (sky130_fd_sc_hd__clkbuf_1)
     1    0.006133    0.084251    0.165938    4.174382 v input1/X (sky130_fd_sc_hd__clkbuf_1)
                                                         net1 (net)
                      0.084251    0.000124    4.174506 v fanout2848/A (sky130_fd_sc_hd__clkbuf_8)
     7    0.123927    0.237130    0.403302    4.577808 v fanout2848/X (sky130_fd_sc_hd__clkbuf_8)
                                                         net2848 (net)
                      0.238843    0.016415    4.594223 v fanout2764/A (sky130_fd_sc_hd__buf_4)
     5    0.093847    0.215462    0.484521    5.078744 v fanout2764/X (sky130_fd_sc_hd__buf_4)
                                                         net2764 (net)
                      0.215574    0.004563    5.083307 v fanout2763/A (sky130_fd_sc_hd__clkbuf_8)
     7    0.138717    0.253886    0.490191    5.573498 v fanout2763/X (sky130_fd_sc_hd__clkbuf_8)
                                                         net2763 (net)
                      0.253887    0.001565    5.575063 v fanout2730/A (sky130_fd_sc_hd__clkbuf_4)
     5    0.065661    0.239619    0.489175    6.064238 v fanout2730/X (sky130_fd_sc_hd__clkbuf_4)
                                                         net2730 (net)
                      0.239619    0.000115    6.064353 v fanout2729/A (sky130_fd_sc_hd__clkbuf_4)
     6    0.052480    0.197364    0.449625    6.513978 v fanout2729/X (sky130_fd_sc_hd__clkbuf_4)
                                                         net2729 (net)
                      0.197364    0.000243    6.514222 v fanout2727/A (sky130_fd_sc_hd__buf_4)
    10    0.078206    0.191080    0.438582    6.952804 v fanout2727/X (sky130_fd_sc_hd__buf_4)
                                                         net2727 (net)
                      0.191080    0.000381    6.953184 v fanout2726/A (sky130_fd_sc_hd__buf_4)
    10    0.072394    0.178830    0.426625    7.379808 v fanout2726/X (sky130_fd_sc_hd__buf_4)
                                                         net2726 (net)
                      0.178845    0.001791    7.381599 v _22226_/A (sky130_fd_sc_hd__inv_2)
     1    0.003801    0.062007    0.112704    7.494303 ^ _22226_/Y (sky130_fd_sc_hd__inv_2)
                                                         _00669_ (net)
                      0.062007    0.000029    7.494332 ^ _23506_/SET_B (sky130_fd_sc_hd__dfstp_2)
                                              7.494332   data arrival time

                                 20.000000   20.000000   clock clk (rise edge)
                                  0.000000   20.000000   clock source latency
     2    0.104241    0.749285    0.525999   20.525999 ^ clk (in)
                                                         clk (net)
                      0.749479    0.000000   20.525999 ^ clkbuf_0_clk/A (sky130_fd_sc_hd__clkbuf_16)
     4    0.181675    0.292055    0.675259   21.201258 ^ clkbuf_0_clk/X (sky130_fd_sc_hd__clkbuf_16)
                                                         clknet_0_clk (net)
                      0.292110    0.003961   21.205219 ^ clkbuf_2_0_0_clk/A (sky130_fd_sc_hd__clkbuf_8)
     8    0.190850    0.502565    0.651987   21.857206 ^ clkbuf_2_0_0_clk/X (sky130_fd_sc_hd__clkbuf_8)
                                                         clknet_2_0_0_clk (net)
                      0.502580    0.003409   21.860615 ^ clkbuf_5_3__f_clk/A (sky130_fd_sc_hd__clkbuf_16)
    10    0.099727    0.178888    0.500249   22.360865 ^ clkbuf_5_3__f_clk/X (sky130_fd_sc_hd__clkbuf_16)
                                                         clknet_5_3__leaf_clk (net)
                      0.178908    0.002025   22.362888 ^ clkbuf_leaf_52_clk/A (sky130_fd_sc_hd__clkbuf_8)
     6    0.025224    0.095897    0.297748   22.660637 ^ clkbuf_leaf_52_clk/X (sky130_fd_sc_hd__clkbuf_8)
                                                         clknet_leaf_52_clk (net)
                      0.095897    0.000139   22.660776 ^ _23506_/CLK (sky130_fd_sc_hd__dfstp_2)
                                 -0.250000   22.410776   clock uncertainty
                                  0.000000   22.410776   clock reconvergence pessimism
                                  0.273557   22.684334   library recovery time
                                             22.684334   data required time
---------------------------------------------------------------------------------------------
                                             22.684334   data required time
                                             -7.494332   data arrival time
---------------------------------------------------------------------------------------------
                                             15.190001   slack (MET)


Startpoint: _24088_ (rising edge-triggered flip-flop clocked by clk)
Endpoint: zero (output port clocked by clk)
Path Group: clk
Path Type: max

Fanout         Cap        Slew       Delay        Time   Description
---------------------------------------------------------------------------------------------
                                  0.000000    0.000000   clock clk (rise edge)
                                  0.000000    0.000000   clock source latency
     2    0.104241    0.749285    0.525999    0.525999 ^ clk (in)
                                                         clk (net)
                      0.749479    0.000000    0.525999 ^ clkbuf_0_clk/A (sky130_fd_sc_hd__clkbuf_16)
     4    0.181675    0.292055    0.675258    1.201258 ^ clkbuf_0_clk/X (sky130_fd_sc_hd__clkbuf_16)
                                                         clknet_0_clk (net)
                      0.292111    0.003986    1.205243 ^ clkbuf_2_2_0_clk/A (sky130_fd_sc_hd__clkbuf_8)
     8    0.191329    0.504203    0.651105    1.856348 ^ clkbuf_2_2_0_clk/X (sky130_fd_sc_hd__clkbuf_8)
                                                         clknet_2_2_0_clk (net)
                      0.504617    0.009481    1.865829 ^ clkbuf_5_21__f_clk/A (sky130_fd_sc_hd__clkbuf_16)
    12    0.098141    0.176426    0.498929    2.364757 ^ clkbuf_5_21__f_clk/X (sky130_fd_sc_hd__clkbuf_16)
                                                         clknet_5_21__leaf_clk (net)
                      0.176456    0.002335    2.367092 ^ clkbuf_leaf_213_clk/A (sky130_fd_sc_hd__clkbuf_8)
     8    0.029608    0.106626    0.306604    2.673696 ^ clkbuf_leaf_213_clk/X (sky130_fd_sc_hd__clkbuf_8)
                                                         clknet_leaf_213_clk (net)
                      0.106626    0.000252    2.673948 ^ _24088_/CLK (sky130_fd_sc_hd__dfrtp_1)
     2    0.006243    0.105254    0.785538    3.459486 v _24088_/Q (sky130_fd_sc_hd__dfrtp_1)
                                                         dp.ifu.PC[3] (net)
                      0.105254    0.000066    3.459552 v fanout2673/A (sky130_fd_sc_hd__buf_2)
    10    0.040415    0.190331    0.380913    3.840465 v fanout2673/X (sky130_fd_sc_hd__buf_2)
                                                         net2673 (net)
                      0.190335    0.001151    3.841616 v _11435_/B (sky130_fd_sc_hd__nor3b_1)
     4    0.012177    0.727288    0.691963    4.533579 ^ _11435_/Y (sky130_fd_sc_hd__nor3b_1)
                                                         _06572_ (net)
                      0.727288    0.000119    4.533698 ^ _11441_/A (sky130_fd_sc_hd__or2_1)
     1    0.008431    0.146251    0.444867    4.978565 ^ _11441_/X (sky130_fd_sc_hd__or2_1)
                                                         _06578_ (net)
                      0.146251    0.000278    4.978843 ^ fanout2317/A (sky130_fd_sc_hd__buf_4)
     5    0.078333    0.347276    0.444124    5.422966 ^ fanout2317/X (sky130_fd_sc_hd__buf_4)
                                                         net2317 (net)
                      0.347276    0.000341    5.423308 ^ fanout2314/A (sky130_fd_sc_hd__buf_4)
     6    0.058341    0.265954    0.472778    5.896086 ^ fanout2314/X (sky130_fd_sc_hd__buf_4)
                                                         net2314 (net)
                      0.265954    0.000331    5.896416 ^ fanout2313/A (sky130_fd_sc_hd__buf_6)
    10    0.078931    0.254985    0.401615    6.298032 ^ fanout2313/X (sky130_fd_sc_hd__buf_6)
                                                         net2313 (net)
                      0.254985    0.000492    6.298524 ^ fanout2312/A (sky130_fd_sc_hd__buf_6)
    10    0.082558    0.265668    0.404283    6.702807 ^ fanout2312/X (sky130_fd_sc_hd__buf_6)
                                                         net2312 (net)
                      0.266060    0.007112    6.709918 ^ _11477_/A2 (sky130_fd_sc_hd__o22ai_2)
     1    0.011571    0.161245    0.255986    6.965905 v _11477_/Y (sky130_fd_sc_hd__o22ai_2)
                                                         _06614_ (net)
                      0.161245    0.000363    6.966267 v fanout2262/A (sky130_fd_sc_hd__buf_8)
     6    0.108234    0.145364    0.347679    7.313947 v fanout2262/X (sky130_fd_sc_hd__buf_8)
                                                         net2262 (net)
                      0.145430    0.002597    7.316544 v fanout2261/A (sky130_fd_sc_hd__buf_8)
     7    0.064308    0.098135    0.303743    7.620287 v fanout2261/X (sky130_fd_sc_hd__buf_8)
                                                         net2261 (net)
                      0.098141    0.000659    7.620946 v _11478_/A1 (sky130_fd_sc_hd__mux2_4)
     4    0.022175    0.132396    0.560043    8.180988 v _11478_/X (sky130_fd_sc_hd__mux2_4)
                                                         _06615_ (net)
                      0.132396    0.000179    8.181168 v _11482_/A (sky130_fd_sc_hd__or2_1)
     3    0.008919    0.149930    0.587623    8.768791 v _11482_/X (sky130_fd_sc_hd__or2_1)
                                                         _06619_ (net)
                      0.149930    0.000147    8.768939 v _11533_/A2 (sky130_fd_sc_hd__a311o_1)
     3    0.008434    0.145713    0.676734    9.445673 v _11533_/X (sky130_fd_sc_hd__a311o_1)
                                                         _06670_ (net)
                      0.145713    0.000115    9.445788 v _11534_/C (sky130_fd_sc_hd__and3_1)
     1    0.004749    0.087570    0.416710    9.862498 v _11534_/X (sky130_fd_sc_hd__and3_1)
                                                         _06671_ (net)
                      0.087570    0.000029    9.862528 v _11535_/B1 (sky130_fd_sc_hd__a21o_4)
     2    0.024032    0.102219    0.397930   10.260458 v _11535_/X (sky130_fd_sc_hd__a21o_4)
                                                         _06672_ (net)
                      0.102219    0.000101   10.260559 v _11537_/B (sky130_fd_sc_hd__xnor2_2)
     1    0.009255    0.263302    0.277965   10.538524 ^ _11537_/Y (sky130_fd_sc_hd__xnor2_2)
                                                         _06674_ (net)
                      0.263302    0.000168   10.538692 ^ fanout1710/A (sky130_fd_sc_hd__buf_8)
     7    0.118820    0.301615    0.429772   10.968464 ^ fanout1710/X (sky130_fd_sc_hd__buf_8)
                                                         net1710 (net)
                      0.301664    0.003207   10.971671 ^ fanout1707/A (sky130_fd_sc_hd__buf_12)
     6    0.082908    0.162908    0.348891   11.320561 ^ fanout1707/X (sky130_fd_sc_hd__buf_12)
                                                         net1707 (net)
                      0.162908    0.000696   11.321258 ^ fanout1706/A (sky130_fd_sc_hd__buf_6)
     7    0.049240    0.167086    0.296977   11.618235 ^ fanout1706/X (sky130_fd_sc_hd__buf_6)
                                                         net1706 (net)
                      0.167094    0.001356   11.619591 ^ fanout1705/A (sky130_fd_sc_hd__buf_4)
     6    0.033474    0.162006    0.323077   11.942668 ^ fanout1705/X (sky130_fd_sc_hd__buf_4)
                                                         net1705 (net)
                      0.162006    0.000210   11.942877 ^ fanout1704/A (sky130_fd_sc_hd__buf_4)
     8    0.034133    0.164754    0.322485   12.265363 ^ fanout1704/X (sky130_fd_sc_hd__buf_4)
                                                         net1704 (net)
                      0.164754    0.000728   12.266090 ^ _11605_/A (sky130_fd_sc_hd__and2_4)
     2    0.015968    0.113162    0.356189   12.622279 ^ _11605_/X (sky130_fd_sc_hd__and2_4)
                                                         _06742_ (net)
                      0.113162    0.000279   12.622559 ^ fanout1541/A (sky130_fd_sc_hd__buf_12)
     6    0.062710    0.128728    0.250767   12.873326 ^ fanout1541/X (sky130_fd_sc_hd__buf_12)
                                                         net1541 (net)
                      0.128728    0.000440   12.873766 ^ _11948_/B (sky130_fd_sc_hd__nand2_8)
     5    0.141508    0.358430    0.334419   13.208184 v _11948_/Y (sky130_fd_sc_hd__nand2_8)
                                                         _07085_ (net)
                      0.358498    0.004105   13.212290 v fanout60/A (sky130_fd_sc_hd__buf_8)
     5    0.032609    0.067657    0.372125   13.584414 v fanout60/X (sky130_fd_sc_hd__buf_8)
                                                         net60 (net)
                      0.067657    0.000319   13.584733 v _21419_/A (sky130_fd_sc_hd__or4_4)
     1    0.004111    0.150256    1.035674   14.620407 v _21419_/X (sky130_fd_sc_hd__or4_4)
                                                         _06529_ (net)
                      0.150256    0.000049   14.620456 v _21420_/D (sky130_fd_sc_hd__or4_4)
     1    0.007325    0.165791    0.882044   15.502500 v _21420_/X (sky130_fd_sc_hd__or4_4)
                                                         _06530_ (net)
                      0.165791    0.000213   15.502712 v _21421_/D (sky130_fd_sc_hd__or4_4)
     1    0.008783    0.169609    0.895501   16.398212 v _21421_/X (sky130_fd_sc_hd__or4_4)
                                                         _06531_ (net)
                      0.169609    0.000256   16.398468 v _21422_/D (sky130_fd_sc_hd__or4_4)
     1    0.006711    0.164103    0.884286   17.282755 v _21422_/X (sky130_fd_sc_hd__or4_4)
                                                         _06532_ (net)
                      0.164103    0.000181   17.282936 v _21423_/C (sky130_fd_sc_hd__or4b_4)
     1    0.007577    0.167050    1.012067   18.295004 v _21423_/X (sky130_fd_sc_hd__or4b_4)
                                                         _06533_ (net)
                      0.167050    0.000242   18.295244 v _21424_/D (sky130_fd_sc_hd__or4_4)
     1    0.008827    0.170028    0.896172   19.191418 v _21424_/X (sky130_fd_sc_hd__or4_4)
                                                         _06534_ (net)
                      0.170028    0.000099   19.191517 v _21425_/C (sky130_fd_sc_hd__nor4_4)
     1    0.021116    0.616435    0.640446   19.831963 ^ _21425_/Y (sky130_fd_sc_hd__nor4_4)
                                                         net2 (net)
                      0.616435    0.001505   19.833467 ^ output2/A (sky130_fd_sc_hd__buf_6)
     1    0.033972    0.127019    0.428653   20.262119 ^ output2/X (sky130_fd_sc_hd__buf_6)
                                                         zero (net)
                      0.127019    0.000192   20.262312 ^ zero (out)
                                             20.262312   data arrival time

                                 20.000000   20.000000   clock clk (rise edge)
                                  0.000000   20.000000   clock network delay (propagated)
                                 -0.250000   19.750002   clock uncertainty
                                  0.000000   19.750002   clock reconvergence pessimism
                                 -4.000000   15.750001   output external delay
                                             15.750001   data required time
---------------------------------------------------------------------------------------------
                                             15.750001   data required time
                                            -20.262312   data arrival time
---------------------------------------------------------------------------------------------
                                             -4.512311   slack (VIOLATED)




===========================================================================
report_checks --slack_max -0.01
============================================================================
======================= min_ss_100C_1v60 Corner ===================================

Startpoint: _24088_ (rising edge-triggered flip-flop clocked by clk)
Endpoint: zero (output port clocked by clk)
Path Group: clk
Path Type: max

Fanout         Cap        Slew       Delay        Time   Description
---------------------------------------------------------------------------------------------
                                  0.000000    0.000000   clock clk (rise edge)
                                  0.000000    0.000000   clock source latency
     2    0.104241    0.749285    0.525999    0.525999 ^ clk (in)
                                                         clk (net)
                      0.749479    0.000000    0.525999 ^ clkbuf_0_clk/A (sky130_fd_sc_hd__clkbuf_16)
     4    0.181675    0.292055    0.675258    1.201258 ^ clkbuf_0_clk/X (sky130_fd_sc_hd__clkbuf_16)
                                                         clknet_0_clk (net)
                      0.292111    0.003986    1.205243 ^ clkbuf_2_2_0_clk/A (sky130_fd_sc_hd__clkbuf_8)
     8    0.191329    0.504203    0.651105    1.856348 ^ clkbuf_2_2_0_clk/X (sky130_fd_sc_hd__clkbuf_8)
                                                         clknet_2_2_0_clk (net)
                      0.504617    0.009481    1.865829 ^ clkbuf_5_21__f_clk/A (sky130_fd_sc_hd__clkbuf_16)
    12    0.098141    0.176426    0.498929    2.364757 ^ clkbuf_5_21__f_clk/X (sky130_fd_sc_hd__clkbuf_16)
                                                         clknet_5_21__leaf_clk (net)
                      0.176456    0.002335    2.367092 ^ clkbuf_leaf_213_clk/A (sky130_fd_sc_hd__clkbuf_8)
     8    0.029608    0.106626    0.306604    2.673696 ^ clkbuf_leaf_213_clk/X (sky130_fd_sc_hd__clkbuf_8)
                                                         clknet_leaf_213_clk (net)
                      0.106626    0.000252    2.673948 ^ _24088_/CLK (sky130_fd_sc_hd__dfrtp_1)
     2    0.006243    0.105254    0.785538    3.459486 v _24088_/Q (sky130_fd_sc_hd__dfrtp_1)
                                                         dp.ifu.PC[3] (net)
                      0.105254    0.000066    3.459552 v fanout2673/A (sky130_fd_sc_hd__buf_2)
    10    0.040415    0.190331    0.380913    3.840465 v fanout2673/X (sky130_fd_sc_hd__buf_2)
                                                         net2673 (net)
                      0.190335    0.001151    3.841616 v _11435_/B (sky130_fd_sc_hd__nor3b_1)
     4    0.012177    0.727288    0.691963    4.533579 ^ _11435_/Y (sky130_fd_sc_hd__nor3b_1)
                                                         _06572_ (net)
                      0.727288    0.000119    4.533698 ^ _11441_/A (sky130_fd_sc_hd__or2_1)
     1    0.008431    0.146251    0.444867    4.978565 ^ _11441_/X (sky130_fd_sc_hd__or2_1)
                                                         _06578_ (net)
                      0.146251    0.000278    4.978843 ^ fanout2317/A (sky130_fd_sc_hd__buf_4)
     5    0.078333    0.347276    0.444124    5.422966 ^ fanout2317/X (sky130_fd_sc_hd__buf_4)
                                                         net2317 (net)
                      0.347276    0.000341    5.423308 ^ fanout2314/A (sky130_fd_sc_hd__buf_4)
     6    0.058341    0.265954    0.472778    5.896086 ^ fanout2314/X (sky130_fd_sc_hd__buf_4)
                                                         net2314 (net)
                      0.265954    0.000331    5.896416 ^ fanout2313/A (sky130_fd_sc_hd__buf_6)
    10    0.078931    0.254985    0.401615    6.298032 ^ fanout2313/X (sky130_fd_sc_hd__buf_6)
                                                         net2313 (net)
                      0.254985    0.000492    6.298524 ^ fanout2312/A (sky130_fd_sc_hd__buf_6)
    10    0.082558    0.265668    0.404283    6.702807 ^ fanout2312/X (sky130_fd_sc_hd__buf_6)
                                                         net2312 (net)
                      0.266060    0.007112    6.709918 ^ _11477_/A2 (sky130_fd_sc_hd__o22ai_2)
     1    0.011571    0.161245    0.255986    6.965905 v _11477_/Y (sky130_fd_sc_hd__o22ai_2)
                                                         _06614_ (net)
                      0.161245    0.000363    6.966267 v fanout2262/A (sky130_fd_sc_hd__buf_8)
     6    0.108234    0.145364    0.347679    7.313947 v fanout2262/X (sky130_fd_sc_hd__buf_8)
                                                         net2262 (net)
                      0.145430    0.002597    7.316544 v fanout2261/A (sky130_fd_sc_hd__buf_8)
     7    0.064308    0.098135    0.303743    7.620287 v fanout2261/X (sky130_fd_sc_hd__buf_8)
                                                         net2261 (net)
                      0.098141    0.000659    7.620946 v _11478_/A1 (sky130_fd_sc_hd__mux2_4)
     4    0.022175    0.132396    0.560043    8.180988 v _11478_/X (sky130_fd_sc_hd__mux2_4)
                                                         _06615_ (net)
                      0.132396    0.000179    8.181168 v _11482_/A (sky130_fd_sc_hd__or2_1)
     3    0.008919    0.149930    0.587623    8.768791 v _11482_/X (sky130_fd_sc_hd__or2_1)
                                                         _06619_ (net)
                      0.149930    0.000147    8.768939 v _11533_/A2 (sky130_fd_sc_hd__a311o_1)
     3    0.008434    0.145713    0.676734    9.445673 v _11533_/X (sky130_fd_sc_hd__a311o_1)
                                                         _06670_ (net)
                      0.145713    0.000115    9.445788 v _11534_/C (sky130_fd_sc_hd__and3_1)
     1    0.004749    0.087570    0.416710    9.862498 v _11534_/X (sky130_fd_sc_hd__and3_1)
                                                         _06671_ (net)
                      0.087570    0.000029    9.862528 v _11535_/B1 (sky130_fd_sc_hd__a21o_4)
     2    0.024032    0.102219    0.397930   10.260458 v _11535_/X (sky130_fd_sc_hd__a21o_4)
                                                         _06672_ (net)
                      0.102219    0.000101   10.260559 v _11537_/B (sky130_fd_sc_hd__xnor2_2)
     1    0.009255    0.263302    0.277965   10.538524 ^ _11537_/Y (sky130_fd_sc_hd__xnor2_2)
                                                         _06674_ (net)
                      0.263302    0.000168   10.538692 ^ fanout1710/A (sky130_fd_sc_hd__buf_8)
     7    0.118820    0.301615    0.429772   10.968464 ^ fanout1710/X (sky130_fd_sc_hd__buf_8)
                                                         net1710 (net)
                      0.301664    0.003207   10.971671 ^ fanout1707/A (sky130_fd_sc_hd__buf_12)
     6    0.082908    0.162908    0.348891   11.320561 ^ fanout1707/X (sky130_fd_sc_hd__buf_12)
                                                         net1707 (net)
                      0.162908    0.000696   11.321258 ^ fanout1706/A (sky130_fd_sc_hd__buf_6)
     7    0.049240    0.167086    0.296977   11.618235 ^ fanout1706/X (sky130_fd_sc_hd__buf_6)
                                                         net1706 (net)
                      0.167094    0.001356   11.619591 ^ fanout1705/A (sky130_fd_sc_hd__buf_4)
     6    0.033474    0.162006    0.323077   11.942668 ^ fanout1705/X (sky130_fd_sc_hd__buf_4)
                                                         net1705 (net)
                      0.162006    0.000210   11.942877 ^ fanout1704/A (sky130_fd_sc_hd__buf_4)
     8    0.034133    0.164754    0.322485   12.265363 ^ fanout1704/X (sky130_fd_sc_hd__buf_4)
                                                         net1704 (net)
                      0.164754    0.000728   12.266090 ^ _11605_/A (sky130_fd_sc_hd__and2_4)
     2    0.015968    0.113162    0.356189   12.622279 ^ _11605_/X (sky130_fd_sc_hd__and2_4)
                                                         _06742_ (net)
                      0.113162    0.000279   12.622559 ^ fanout1541/A (sky130_fd_sc_hd__buf_12)
     6    0.062710    0.128728    0.250767   12.873326 ^ fanout1541/X (sky130_fd_sc_hd__buf_12)
                                                         net1541 (net)
                      0.128728    0.000440   12.873766 ^ _11948_/B (sky130_fd_sc_hd__nand2_8)
     5    0.141508    0.358430    0.334419   13.208184 v _11948_/Y (sky130_fd_sc_hd__nand2_8)
                                                         _07085_ (net)
                      0.358498    0.004105   13.212290 v fanout60/A (sky130_fd_sc_hd__buf_8)
     5    0.032609    0.067657    0.372125   13.584414 v fanout60/X (sky130_fd_sc_hd__buf_8)
                                                         net60 (net)
                      0.067657    0.000319   13.584733 v _21419_/A (sky130_fd_sc_hd__or4_4)
     1    0.004111    0.150256    1.035674   14.620407 v _21419_/X (sky130_fd_sc_hd__or4_4)
                                                         _06529_ (net)
                      0.150256    0.000049   14.620456 v _21420_/D (sky130_fd_sc_hd__or4_4)
     1    0.007325    0.165791    0.882044   15.502500 v _21420_/X (sky130_fd_sc_hd__or4_4)
                                                         _06530_ (net)
                      0.165791    0.000213   15.502712 v _21421_/D (sky130_fd_sc_hd__or4_4)
     1    0.008783    0.169609    0.895501   16.398212 v _21421_/X (sky130_fd_sc_hd__or4_4)
                                                         _06531_ (net)
                      0.169609    0.000256   16.398468 v _21422_/D (sky130_fd_sc_hd__or4_4)
     1    0.006711    0.164103    0.884286   17.282755 v _21422_/X (sky130_fd_sc_hd__or4_4)
                                                         _06532_ (net)
                      0.164103    0.000181   17.282936 v _21423_/C (sky130_fd_sc_hd__or4b_4)
     1    0.007577    0.167050    1.012067   18.295004 v _21423_/X (sky130_fd_sc_hd__or4b_4)
                                                         _06533_ (net)
                      0.167050    0.000242   18.295244 v _21424_/D (sky130_fd_sc_hd__or4_4)
     1    0.008827    0.170028    0.896172   19.191418 v _21424_/X (sky130_fd_sc_hd__or4_4)
                                                         _06534_ (net)
                      0.170028    0.000099   19.191517 v _21425_/C (sky130_fd_sc_hd__nor4_4)
     1    0.021116    0.616435    0.640446   19.831963 ^ _21425_/Y (sky130_fd_sc_hd__nor4_4)
                                                         net2 (net)
                      0.616435    0.001505   19.833467 ^ output2/A (sky130_fd_sc_hd__buf_6)
     1    0.033972    0.127019    0.428653   20.262119 ^ output2/X (sky130_fd_sc_hd__buf_6)
                                                         zero (net)
                      0.127019    0.000192   20.262312 ^ zero (out)
                                             20.262312   data arrival time

                                 20.000000   20.000000   clock clk (rise edge)
                                  0.000000   20.000000   clock network delay (propagated)
                                 -0.250000   19.750002   clock uncertainty
                                  0.000000   19.750002   clock reconvergence pessimism
                                 -4.000000   15.750001   output external delay
                                             15.750001   data required time
---------------------------------------------------------------------------------------------
                                             15.750001   data required time
                                            -20.262312   data arrival time
---------------------------------------------------------------------------------------------
                                             -4.512311   slack (VIOLATED)




===========================================================================
 report_check_types -max_slew -max_cap -max_fanout -violators
============================================================================
======================= min_ss_100C_1v60 Corner ===================================

max slew

Pin                                        Limit        Slew       Slack
------------------------------------------------------------------------
_14589_/B                               0.750000    1.334134   -0.584134 (VIOLATED)
_13011_/B                               0.750000    1.334133   -0.584133 (VIOLATED)
ANTENNA_573/DIODE                       0.750000    1.334131   -0.584131 (VIOLATED)
_13022_/B                               0.750000    1.334131   -0.584131 (VIOLATED)
_13203_/B                               0.750000    1.334126   -0.584126 (VIOLATED)
_13222_/B                               0.750000    1.334126   -0.584126 (VIOLATED)
clone12/X                               0.750000    1.334118   -0.584118 (VIOLATED)
fanout1600/A                            0.750000    1.329530   -0.579530 (VIOLATED)
_11628_/Y                               0.750000    1.329527   -0.579527 (VIOLATED)
max_cap1601/A                           0.750000    1.329527   -0.579527 (VIOLATED)
_17266_/A1                              0.750000    1.302668   -0.552668 (VIOLATED)
ANTENNA_7/DIODE                         0.750000    1.302667   -0.552667 (VIOLATED)
ANTENNA_6/DIODE                         0.750000    1.302665   -0.552665 (VIOLATED)
_15829_/A1                              0.750000    1.302664   -0.552664 (VIOLATED)
_11527_/A2                              0.750000    1.301871   -0.551871 (VIOLATED)
_21371_/B                               0.750000    1.301824   -0.551824 (VIOLATED)
ANTENNA_576/DIODE                       0.750000    1.301821   -0.551821 (VIOLATED)
_20478_/A1                              0.750000    1.301821   -0.551821 (VIOLATED)
_17794_/A1                              0.750000    1.301816   -0.551816 (VIOLATED)
ANTENNA_575/DIODE                       0.750000    1.301815   -0.551815 (VIOLATED)
_11524_/X                               0.750000    1.301809   -0.551809 (VIOLATED)
_14570_/Y                               0.750000    1.270928   -0.520928 (VIOLATED)
wire5/A                                 0.750000    1.270928   -0.520928 (VIOLATED)
fanout1586/A                            0.750000    1.186476   -0.436476 (VIOLATED)
_11644_/Y                               0.750000    1.186442   -0.436442 (VIOLATED)
wire1587/A                              0.750000    1.186442   -0.436442 (VIOLATED)
fanout1640/A                            0.750000    1.186075   -0.436075 (VIOLATED)
fanout1650/A                            0.750000    1.186062   -0.436062 (VIOLATED)
fanout1643/A                            0.750000    1.186051   -0.436051 (VIOLATED)
_11594_/Y                               0.750000    1.186036   -0.436036 (VIOLATED)
_13767_/Y                               0.750000    1.113832   -0.363832 (VIOLATED)
wire4/A                                 0.750000    1.113832   -0.363832 (VIOLATED)
ANTENNA_1/DIODE                         0.750000    1.094210   -0.344210 (VIOLATED)
_20037_/B2                              0.750000    1.094210   -0.344210 (VIOLATED)
_20036_/Y                               0.750000    1.094206   -0.344206 (VIOLATED)
_13245_/D                               0.750000    1.069555   -0.319555 (VIOLATED)
_13244_/Y                               0.750000    1.069547   -0.319547 (VIOLATED)
_14976_/B                               0.750000    1.017709   -0.267709 (VIOLATED)
_14977_/A2                              0.750000    1.017709   -0.267709 (VIOLATED)
_14974_/Y                               0.750000    1.017679   -0.267679 (VIOLATED)
_11599_/Y                               0.750000    0.987994   -0.237994 (VIOLATED)
fanout1625/A                            0.750000    0.987994   -0.237994 (VIOLATED)
max_cap1626/A                           0.750000    0.987994   -0.237994 (VIOLATED)
_11597_/Y                               0.750000    0.977924   -0.227924 (VIOLATED)
fanout1634/A                            0.750000    0.977924   -0.227924 (VIOLATED)
max_cap1635/A                           0.750000    0.977924   -0.227924 (VIOLATED)
wire3/A                                 0.750000    0.969222   -0.219222 (VIOLATED)
_13924_/Y                               0.750000    0.969216   -0.219216 (VIOLATED)
_14052_/D                               0.750000    0.940382   -0.190382 (VIOLATED)
ANTENNA_202/DIODE                       0.750000    0.940382   -0.190382 (VIOLATED)
_14051_/X                               0.750000    0.940119   -0.190119 (VIOLATED)
ANTENNA_204/DIODE                       0.750000    0.902535   -0.152535 (VIOLATED)
_14078_/C1                              0.750000    0.902535   -0.152535 (VIOLATED)
_14077_/X                               0.750000    0.902281   -0.152281 (VIOLATED)
fanout2300/A                            0.750000    0.882179   -0.132179 (VIOLATED)
fanout2299/A                            0.750000    0.882163   -0.132163 (VIOLATED)
_12914_/A1                              0.750000    0.882156   -0.132156 (VIOLATED)
_11991_/Y                               0.750000    0.882144   -0.132144 (VIOLATED)
fanout2298/A                            0.750000    0.882144   -0.132144 (VIOLATED)
_13092_/A2                              0.750000    0.864784   -0.114784 (VIOLATED)
_13045_/Y                               0.750000    0.864726   -0.114727 (VIOLATED)
_12715_/D                               0.750000    0.859210   -0.109210 (VIOLATED)
_12713_/D                               0.750000    0.859210   -0.109210 (VIOLATED)
fanout1603/A                            0.750000    0.859190   -0.109190 (VIOLATED)
_11625_/Y                               0.750000    0.859186   -0.109186 (VIOLATED)
wire1744/A                              0.750000    0.828353   -0.078353 (VIOLATED)
_21406_/B1                              0.750000    0.828324   -0.078325 (VIOLATED)
_21387_/B1                              0.750000    0.828324   -0.078324 (VIOLATED)
_12347_/B                               0.750000    0.828321   -0.078321 (VIOLATED)
_12259_/Y                               0.750000    0.828302   -0.078302 (VIOLATED)
_18893_/B2                              0.750000    0.821737   -0.071737 (VIOLATED)
_18892_/Y                               0.750000    0.821735   -0.071735 (VIOLATED)
wire1797/A                              0.750000    0.818874   -0.068874 (VIOLATED)
_16106_/A2                              0.750000    0.818869   -0.068869 (VIOLATED)
_16921_/A2                              0.750000    0.818868   -0.068868 (VIOLATED)
_12179_/B                               0.750000    0.818778   -0.068778 (VIOLATED)
_12185_/A2                              0.750000    0.818778   -0.068778 (VIOLATED)
_12178_/Y                               0.750000    0.818774   -0.068774 (VIOLATED)
fanout500/A                             0.750000    0.815387   -0.065387 (VIOLATED)
fanout499/A                             0.750000    0.815380   -0.065380 (VIOLATED)
fanout498/A                             0.750000    0.815374   -0.065374 (VIOLATED)
_21414_/Y                               0.750000    0.815368   -0.065368 (VIOLATED)
fanout497/A                             0.750000    0.815368   -0.065368 (VIOLATED)
_13245_/A                               0.750000    0.814488   -0.064488 (VIOLATED)
_13239_/Y                               0.750000    0.814485   -0.064485 (VIOLATED)
_13058_/Y                               0.750000    0.804746   -0.054746 (VIOLATED)
_13061_/C                               0.750000    0.804746   -0.054746 (VIOLATED)
_14823_/X                               0.750000    0.797317   -0.047317 (VIOLATED)
_14844_/C1                              0.750000    0.797317   -0.047317 (VIOLATED)
fanout2566/A                            0.750000    0.783885   -0.033885 (VIOLATED)
fanout2537/A                            0.750000    0.783855   -0.033855 (VIOLATED)
ANTENNA_556/DIODE                       0.750000    0.783855   -0.033855 (VIOLATED)
ANTENNA_557/DIODE                       0.750000    0.783681   -0.033681 (VIOLATED)
fanout2580/A                            0.750000    0.783678   -0.033679 (VIOLATED)
rebuffer13/X                            0.750000    0.783456   -0.033456 (VIOLATED)
fanout1579/A                            0.750000    0.783149   -0.033149 (VIOLATED)
_11690_/Y                               0.750000    0.783143   -0.033143 (VIOLATED)
fanout2060/A                            0.750000    0.775671   -0.025671 (VIOLATED)
ANTENNA_594/DIODE                       0.750000    0.775671   -0.025671 (VIOLATED)
fanout2070/A                            0.750000    0.775613   -0.025613 (VIOLATED)
_12103_/X                               0.750000    0.775495   -0.025495 (VIOLATED)
fanout2073/A                            0.750000    0.775495   -0.025495 (VIOLATED)
_14045_/X                               0.750000    0.766042   -0.016042 (VIOLATED)
_14046_/C1                              0.750000    0.766042   -0.016042 (VIOLATED)
_12894_/Y                               0.750000    0.750069   -0.000069 (VIOLATED)
_12903_/C                               0.750000    0.750069   -0.000069 (VIOLATED)

max fanout

Pin                                   Limit Fanout  Slack
---------------------------------------------------------
fanout821/X                              10     16     -6 (VIOLATED)
fanout57/X                               10     15     -5 (VIOLATED)
fanout1603/X                             10     14     -4 (VIOLATED)
fanout165/X                              10     14     -4 (VIOLATED)
_12480_/X                                10     13     -3 (VIOLATED)
clkbuf_5_16__f_clk/X                     10     13     -3 (VIOLATED)
clkbuf_5_29__f_clk/X                     10     13     -3 (VIOLATED)
fanout1046/X                             10     13     -3 (VIOLATED)
fanout1583/X                             10     13     -3 (VIOLATED)
fanout2566/X                             10     13     -3 (VIOLATED)
fanout431/X                              10     13     -3 (VIOLATED)
fanout78/X                               10     13     -3 (VIOLATED)
_12766_/X                                10     12     -2 (VIOLATED)
_13891_/X                                10     12     -2 (VIOLATED)
_13965_/X                                10     12     -2 (VIOLATED)
_13971_/X                                10     12     -2 (VIOLATED)
_14495_/X                                10     12     -2 (VIOLATED)
clkbuf_5_13__f_clk/X                     10     12     -2 (VIOLATED)
clkbuf_5_15__f_clk/X                     10     12     -2 (VIOLATED)
clkbuf_5_20__f_clk/X                     10     12     -2 (VIOLATED)
clkbuf_5_21__f_clk/X                     10     12     -2 (VIOLATED)
clkbuf_5_22__f_clk/X                     10     12     -2 (VIOLATED)
clkbuf_5_26__f_clk/X                     10     12     -2 (VIOLATED)
clkbuf_5_4__f_clk/X                      10     12     -2 (VIOLATED)
clkbuf_5_5__f_clk/X                      10     12     -2 (VIOLATED)
clkbuf_5_8__f_clk/X                      10     12     -2 (VIOLATED)
fanout1109/X                             10     12     -2 (VIOLATED)
fanout1370/X                             10     12     -2 (VIOLATED)
fanout1432/X                             10     12     -2 (VIOLATED)
fanout1592/X                             10     12     -2 (VIOLATED)
fanout1614/X                             10     12     -2 (VIOLATED)
fanout1664/X                             10     12     -2 (VIOLATED)
fanout173/X                              10     12     -2 (VIOLATED)
fanout2149/X                             10     12     -2 (VIOLATED)
fanout2505/X                             10     12     -2 (VIOLATED)
_12759_/X                                10     11        (VIOLATED)
clkbuf_5_14__f_clk/X                     10     11        (VIOLATED)
clkbuf_5_19__f_clk/X                     10     11        (VIOLATED)
clkbuf_5_2__f_clk/X                      10     11        (VIOLATED)
fanout1105/X                             10     11        (VIOLATED)
fanout1129/X                             10     11        (VIOLATED)
fanout1298/X                             10     11        (VIOLATED)
fanout1300/X                             10     11        (VIOLATED)
fanout1383/X                             10     11        (VIOLATED)
fanout1421/X                             10     11        (VIOLATED)
fanout1465/X                             10     11        (VIOLATED)
fanout1575/X                             10     11        (VIOLATED)
fanout1577/X                             10     11        (VIOLATED)
fanout1582/X                             10     11        (VIOLATED)
fanout1589/X                             10     11        (VIOLATED)
fanout1599/X                             10     11        (VIOLATED)
fanout1604/X                             10     11        (VIOLATED)
fanout1608/X                             10     11        (VIOLATED)
fanout1652/X                             10     11        (VIOLATED)
fanout1665/X                             10     11        (VIOLATED)
fanout167/X                              10     11        (VIOLATED)
fanout1689/X                             10     11        (VIOLATED)
fanout17/X                               10     11        (VIOLATED)
fanout1701/X                             10     11        (VIOLATED)
fanout177/X                              10     11        (VIOLATED)
fanout182/X                              10     11        (VIOLATED)
fanout1891/X                             10     11        (VIOLATED)
fanout193/X                              10     11        (VIOLATED)
fanout1975/X                             10     11        (VIOLATED)
fanout2091/X                             10     11        (VIOLATED)
fanout213/X                              10     11        (VIOLATED)
fanout216/X                              10     11        (VIOLATED)
fanout2231/X                             10     11        (VIOLATED)
fanout225/X                              10     11        (VIOLATED)
fanout2266/X                             10     11        (VIOLATED)
fanout245/X                              10     11        (VIOLATED)
fanout304/X                              10     11        (VIOLATED)
fanout319/X                              10     11        (VIOLATED)
fanout396/X                              10     11        (VIOLATED)
fanout427/X                              10     11        (VIOLATED)
fanout465/X                              10     11        (VIOLATED)
fanout51/X                               10     11        (VIOLATED)
fanout532/X                              10     11        (VIOLATED)
fanout564/X                              10     11        (VIOLATED)
fanout58/X                               10     11        (VIOLATED)
fanout623/X                              10     11        (VIOLATED)
fanout683/X                              10     11        (VIOLATED)
fanout691/X                              10     11        (VIOLATED)
fanout696/X                              10     11        (VIOLATED)
fanout725/X                              10     11        (VIOLATED)
fanout75/X                               10     11        (VIOLATED)
fanout753/X                              10     11        (VIOLATED)
fanout777/X                              10     11        (VIOLATED)
fanout798/X                              10     11        (VIOLATED)
fanout866/X                              10     11        (VIOLATED)
fanout88/X                               10     11        (VIOLATED)
fanout918/X                              10     11        (VIOLATED)
fanout928/X                              10     11        (VIOLATED)
fanout98/X                               10     11        (VIOLATED)

max capacitance

Pin                                        Limit         Cap       Slack
------------------------------------------------------------------------
_11524_/X                               0.200000    0.306873   -0.106873 (VIOLATED)
fanout2091/X                            0.200000    0.257362   -0.057362 (VIOLATED)
fanout1576/X                            0.200000    0.257331   -0.057331 (VIOLATED)
fanout78/X                              0.200000    0.250802   -0.050802 (VIOLATED)
fanout1933/X                            0.200000    0.240160   -0.040160 (VIOLATED)
fanout1665/X                            0.200000    0.234638   -0.034638 (VIOLATED)
fanout866/X                             0.200000    0.225328   -0.025328 (VIOLATED)
fanout2227/X                            0.200000    0.224831   -0.024831 (VIOLATED)
fanout1761/X                            0.200000    0.221115   -0.021115 (VIOLATED)
fanout431/X                             0.200000    0.219752   -0.019752 (VIOLATED)
fanout1300/X                            0.200000    0.219489   -0.019489 (VIOLATED)
fanout1370/X                            0.200000    0.218513   -0.018513 (VIOLATED)
fanout1573/X                            0.200000    0.217302   -0.017302 (VIOLATED)
fanout2505/X                            0.200000    0.216923   -0.016923 (VIOLATED)
fanout1603/X                            0.200000    0.210752   -0.010752 (VIOLATED)
fanout1920/X                            0.200000    0.210252   -0.010252 (VIOLATED)
fanout1322/X                            0.200000    0.206664   -0.006664 (VIOLATED)
fanout1597/X                            0.200000    0.203111   -0.003111 (VIOLATED)



===========================================================================
report_parasitic_annotation -report_unannotated
============================================================================
Found 286 unannotated drivers.
 clkload0/Y
 clkload1/Y
 clkload10/X
 clkload100/X
 clkload101/X
 clkload102/X
 clkload103/X
 clkload104/Y
 clkload105/X
 clkload106/X
 clkload107/Y
 clkload108/Y
 clkload109/Y
 clkload11/Y
 clkload110/X
 clkload111/Y
 clkload112/Y
 clkload113/Y
 clkload114/X
 clkload115/X
 clkload116/X
 clkload117/X
 clkload118/X
 clkload119/Y
 clkload12/Y
 clkload120/Y
 clkload121/Y
 clkload122/Y
 clkload123/X
 clkload124/Y
 clkload125/Y
 clkload126/Y
 clkload127/X
 clkload128/X
 clkload129/Y
 clkload13/Y
 clkload130/X
 clkload131/X
 clkload132/Y
 clkload133/X
 clkload134/X
 clkload135/Y
 clkload136/X
 clkload137/Y
 clkload138/X
 clkload139/X
 clkload14/Y
 clkload140/Y
 clkload141/Y
 clkload142/Y
 clkload143/Y
 clkload144/X
 clkload145/X
 clkload146/Y
 clkload147/X
 clkload148/X
 clkload149/Y
 clkload15/Y
 clkload150/Y
 clkload151/Y
 clkload152/Y
 clkload153/Y
 clkload154/Y
 clkload155/Y
 clkload156/Y
 clkload157/Y
 clkload158/X
 clkload159/X
 clkload16/Y
 clkload160/X
 clkload161/Y
 clkload162/X
 clkload163/Y
 clkload164/X
 clkload165/X
 clkload166/X
 clkload167/X
 clkload168/X
 clkload169/X
 clkload17/Y
 clkload170/X
 clkload171/X
 clkload172/X
 clkload173/Y
 clkload174/X
 clkload175/X
 clkload176/Y
 clkload177/X
 clkload178/X
 clkload179/X
 clkload18/Y
 clkload180/X
 clkload181/X
 clkload182/X
 clkload183/Y
 clkload184/X
 clkload185/Y
 clkload186/Y
 clkload187/X
 clkload188/X
 clkload189/X
 clkload19/Y
 clkload190/Y
 clkload191/X
 clkload192/Y
 clkload193/Y
 clkload194/X
 clkload195/Y
 clkload196/Y
 clkload197/Y
 clkload198/Y
 clkload199/Y
 clkload2/Y
 clkload20/Y
 clkload200/Y
 clkload201/Y
 clkload202/Y
 clkload203/Y
 clkload204/X
 clkload205/Y
 clkload206/Y
 clkload207/X
 clkload208/Y
 clkload209/Y
 clkload21/Y
 clkload210/Y
 clkload211/Y
 clkload212/Y
 clkload213/Y
 clkload214/Y
 clkload215/Y
 clkload216/Y
 clkload217/X
 clkload218/Y
 clkload219/X
 clkload22/Y
 clkload220/Y
 clkload221/Y
 clkload222/X
 clkload223/Y
 clkload224/Y
 clkload225/Y
 clkload226/X
 clkload227/X
 clkload228/Y
 clkload229/X
 clkload23/X
 clkload230/Y
 clkload231/X
 clkload232/X
 clkload233/X
 clkload234/Y
 clkload235/X
 clkload236/X
 clkload237/X
 clkload238/X
 clkload239/X
 clkload24/Y
 clkload240/X
 clkload241/Y
 clkload242/X
 clkload243/Y
 clkload244/Y
 clkload245/X
 clkload246/Y
 clkload247/X
 clkload248/Y
 clkload249/Y
 clkload25/Y
 clkload250/X
 clkload251/Y
 clkload252/Y
 clkload253/Y
 clkload254/Y
 clkload255/X
 clkload256/Y
 clkload257/Y
 clkload258/Y
 clkload259/X
 clkload26/Y
 clkload260/X
 clkload261/Y
 clkload262/X
 clkload263/X
 clkload264/X
 clkload265/Y
 clkload266/X
 clkload267/Y
 clkload268/X
 clkload269/X
 clkload27/X
 clkload270/Y
 clkload271/Y
 clkload272/Y
 clkload273/X
 clkload274/Y
 clkload275/X
 clkload276/Y
 clkload277/Y
 clkload278/Y
 clkload279/Y
 clkload28/X
 clkload280/X
 clkload281/X
 clkload282/Y
 clkload283/Y
 clkload284/Y
 clkload285/Y
 clkload29/X
 clkload3/Y
 clkload30/X
 clkload31/X
 clkload32/X
 clkload33/X
 clkload34/X
 clkload35/X
 clkload36/X
 clkload37/X
 clkload38/X
 clkload39/X
 clkload4/Y
 clkload40/X
 clkload41/X
 clkload42/X
 clkload43/X
 clkload44/Y
 clkload45/X
 clkload46/X
 clkload47/X
 clkload48/Y
 clkload49/Y
 clkload5/Y
 clkload50/X
 clkload51/Y
 clkload52/Y
 clkload53/X
 clkload54/Y
 clkload55/X
 clkload56/X
 clkload57/Y
 clkload58/Y
 clkload59/X
 clkload6/Y
 clkload60/Y
 clkload61/Y
 clkload62/Y
 clkload63/Y
 clkload64/Y
 clkload65/Y
 clkload66/Y
 clkload67/Y
 clkload68/Y
 clkload69/Y
 clkload7/Y
 clkload70/Y
 clkload71/X
 clkload72/X
 clkload73/Y
 clkload74/Y
 clkload75/Y
 clkload76/Y
 clkload77/X
 clkload78/X
 clkload79/X
 clkload8/Y
 clkload80/X
 clkload81/Y
 clkload82/X
 clkload83/X
 clkload84/Y
 clkload85/X
 clkload86/X
 clkload87/Y
 clkload88/X
 clkload89/X
 clkload9/Y
 clkload90/X
 clkload91/X
 clkload92/X
 clkload93/Y
 clkload94/X
 clkload95/X
 clkload96/Y
 clkload97/Y
 clkload98/X
 clkload99/Y
Found 0 partially unannotated drivers.

===========================================================================
max slew violation count 106
max fanout violation count 94
max cap violation count 18
============================================================================

===========================================================================
check_setup -verbose -unconstrained_endpoints -multiple_clock -no_clock -no_input_delay -loops -generated_clocks
===========================================================================
