Clock: clk
Sources: clk 
Generated: no
Virtual: yes
Propagated: no
Period: 20.000000

===========================================================================
report_clock_properties
============================================================================
Clock                   Period          Waveform
----------------------------------------------------
clk                  20.000000    0.000000 10.000000

===========================================================================
report_clock_latency
============================================================================
Clock clk
rise -> rise
    min     max
0.000000 0.000000 source latency
12.395767         network latency _23427_/CLK
        12.823195 network latency _24001_/CLK
---------------
12.395767 12.823195 latency
        0.427428 skew

fall -> fall
    min     max
0.000000 0.000000 source latency
6.141318         network latency _23427_/CLK
        6.540119 network latency _24001_/CLK
---------------
6.141318 6.540119 latency
        0.398801 skew



===========================================================================
report_clock_min_period
============================================================================
clk period_min = 30.73 fmax = 32.54
