
===========================================================================
 report_power
============================================================================
======================= nom_tt_025C_1v80 Corner ===================================

Group                    Internal    Switching      Leakage        Total
                            Power        Power        Power        Power (Watts)
------------------------------------------------------------------------
Sequential           3.453988e-03 0.000000e+00 1.479805e-08 3.454003e-03  78.5%
Combinational        9.080769e-04 3.729398e-05 4.958232e-08 9.454205e-04  21.5%
Clock                0.000000e+00 0.000000e+00 1.950512e-09 1.950512e-09   0.0%
Macro                0.000000e+00 0.000000e+00 0.000000e+00 0.000000e+00   0.0%
Pad                  0.000000e+00 0.000000e+00 0.000000e+00 0.000000e+00   0.0%
------------------------------------------------------------------------
Total                4.362069e-03 3.729398e-05 6.632973e-08 4.399429e-03 100.0%
                            99.2%         0.8%         0.0%
Writing metric power__internal__total: 0.004362068604677916
Writing metric power__switching__total: 3.7293975765351206e-5
Writing metric power__leakage__total: 6.63297257119666e-8
Writing metric power__total: 0.0043994286097586155

