
26. Executing PROC_DLATCH pass (convert process syncs to latches).
No latch inferred for signal `\reg_file.$mem2reg_rd$\mem_reg$/home/thu/openlane2/designs/cpu_riscv/src/reg_file.v:43$170_DATA' from process `\reg_file.$proc$/home/thu/openlane2/designs/cpu_riscv/src/reg_file.v:0$184'.
No latch inferred for signal `\reg_file.$mem2reg_rd$\mem_reg$/home/thu/openlane2/designs/cpu_riscv/src/reg_file.v:42$169_DATA' from process `\reg_file.$proc$/home/thu/openlane2/designs/cpu_riscv/src/reg_file.v:0$181'.
No latch inferred for signal `\IMM_GEN.\imm_out' from process `\IMM_GEN.$proc$/home/thu/openlane2/designs/cpu_riscv/src/IMM_GEN.v:11$167'.
No latch inferred for signal `\alu.\zero' from process `\alu.$proc$/home/thu/openlane2/designs/cpu_riscv/src/alu.v:8$146'.
No latch inferred for signal `\alu.\result' from process `\alu.$proc$/home/thu/openlane2/designs/cpu_riscv/src/alu.v:8$146'.
No latch inferred for signal `\data_mem.\r_data' from process `\data_mem.$proc$/home/thu/openlane2/designs/cpu_riscv/src/data_mem.v:15$34'.
No latch inferred for signal `\data_mem.$mem2reg_rd$\mem$/home/thu/openlane2/designs/cpu_riscv/src/data_mem.v:20$18_ADDR' from process `\data_mem.$proc$/home/thu/openlane2/designs/cpu_riscv/src/data_mem.v:15$34'.
No latch inferred for signal `\data_mem.$mem2reg_rd$\mem$/home/thu/openlane2/designs/cpu_riscv/src/data_mem.v:20$18_DATA' from process `\data_mem.$proc$/home/thu/openlane2/designs/cpu_riscv/src/data_mem.v:15$34'.
No latch inferred for signal `\data_mem.$mem2reg_rd$\mem$/home/thu/openlane2/designs/cpu_riscv/src/data_mem.v:20$19_ADDR' from process `\data_mem.$proc$/home/thu/openlane2/designs/cpu_riscv/src/data_mem.v:15$34'.
No latch inferred for signal `\data_mem.$mem2reg_rd$\mem$/home/thu/openlane2/designs/cpu_riscv/src/data_mem.v:20$19_DATA' from process `\data_mem.$proc$/home/thu/openlane2/designs/cpu_riscv/src/data_mem.v:15$34'.
No latch inferred for signal `\data_mem.$mem2reg_rd$\mem$/home/thu/openlane2/designs/cpu_riscv/src/data_mem.v:26$20_ADDR' from process `\data_mem.$proc$/home/thu/openlane2/designs/cpu_riscv/src/data_mem.v:15$34'.
No latch inferred for signal `\data_mem.$mem2reg_rd$\mem$/home/thu/openlane2/designs/cpu_riscv/src/data_mem.v:26$20_DATA' from process `\data_mem.$proc$/home/thu/openlane2/designs/cpu_riscv/src/data_mem.v:15$34'.
No latch inferred for signal `\data_mem.$mem2reg_rd$\mem$/home/thu/openlane2/designs/cpu_riscv/src/data_mem.v:25$21_ADDR' from process `\data_mem.$proc$/home/thu/openlane2/designs/cpu_riscv/src/data_mem.v:15$34'.
No latch inferred for signal `\data_mem.$mem2reg_rd$\mem$/home/thu/openlane2/designs/cpu_riscv/src/data_mem.v:25$21_DATA' from process `\data_mem.$proc$/home/thu/openlane2/designs/cpu_riscv/src/data_mem.v:15$34'.
No latch inferred for signal `\data_mem.$mem2reg_rd$\mem$/home/thu/openlane2/designs/cpu_riscv/src/data_mem.v:24$22_ADDR' from process `\data_mem.$proc$/home/thu/openlane2/designs/cpu_riscv/src/data_mem.v:15$34'.
No latch inferred for signal `\data_mem.$mem2reg_rd$\mem$/home/thu/openlane2/designs/cpu_riscv/src/data_mem.v:24$22_DATA' from process `\data_mem.$proc$/home/thu/openlane2/designs/cpu_riscv/src/data_mem.v:15$34'.
No latch inferred for signal `\data_mem.$mem2reg_rd$\mem$/home/thu/openlane2/designs/cpu_riscv/src/data_mem.v:33$23_ADDR' from process `\data_mem.$proc$/home/thu/openlane2/designs/cpu_riscv/src/data_mem.v:15$34'.
No latch inferred for signal `\data_mem.$mem2reg_rd$\mem$/home/thu/openlane2/designs/cpu_riscv/src/data_mem.v:33$23_DATA' from process `\data_mem.$proc$/home/thu/openlane2/designs/cpu_riscv/src/data_mem.v:15$34'.
No latch inferred for signal `\data_mem.$mem2reg_rd$\mem$/home/thu/openlane2/designs/cpu_riscv/src/data_mem.v:32$24_ADDR' from process `\data_mem.$proc$/home/thu/openlane2/designs/cpu_riscv/src/data_mem.v:15$34'.
No latch inferred for signal `\data_mem.$mem2reg_rd$\mem$/home/thu/openlane2/designs/cpu_riscv/src/data_mem.v:32$24_DATA' from process `\data_mem.$proc$/home/thu/openlane2/designs/cpu_riscv/src/data_mem.v:15$34'.
No latch inferred for signal `\data_mem.$mem2reg_rd$\mem$/home/thu/openlane2/designs/cpu_riscv/src/data_mem.v:31$25_ADDR' from process `\data_mem.$proc$/home/thu/openlane2/designs/cpu_riscv/src/data_mem.v:15$34'.
No latch inferred for signal `\data_mem.$mem2reg_rd$\mem$/home/thu/openlane2/designs/cpu_riscv/src/data_mem.v:31$25_DATA' from process `\data_mem.$proc$/home/thu/openlane2/designs/cpu_riscv/src/data_mem.v:15$34'.
No latch inferred for signal `\data_mem.$mem2reg_rd$\mem$/home/thu/openlane2/designs/cpu_riscv/src/data_mem.v:30$26_ADDR' from process `\data_mem.$proc$/home/thu/openlane2/designs/cpu_riscv/src/data_mem.v:15$34'.
No latch inferred for signal `\data_mem.$mem2reg_rd$\mem$/home/thu/openlane2/designs/cpu_riscv/src/data_mem.v:30$26_DATA' from process `\data_mem.$proc$/home/thu/openlane2/designs/cpu_riscv/src/data_mem.v:15$34'.
No latch inferred for signal `\controller.\pc_sel' from process `\controller.$proc$/home/thu/openlane2/designs/cpu_riscv/src/controller.v:21$2'.
No latch inferred for signal `\controller.\reg_we' from process `\controller.$proc$/home/thu/openlane2/designs/cpu_riscv/src/controller.v:21$2'.
No latch inferred for signal `\controller.\imm_sel' from process `\controller.$proc$/home/thu/openlane2/designs/cpu_riscv/src/controller.v:21$2'.
No latch inferred for signal `\controller.\BrUn' from process `\controller.$proc$/home/thu/openlane2/designs/cpu_riscv/src/controller.v:21$2'.
No latch inferred for signal `\controller.\b_sel' from process `\controller.$proc$/home/thu/openlane2/designs/cpu_riscv/src/controller.v:21$2'.
No latch inferred for signal `\controller.\a_sel' from process `\controller.$proc$/home/thu/openlane2/designs/cpu_riscv/src/controller.v:21$2'.
No latch inferred for signal `\controller.\mem_we' from process `\controller.$proc$/home/thu/openlane2/designs/cpu_riscv/src/controller.v:21$2'.
No latch inferred for signal `\controller.\rw_type' from process `\controller.$proc$/home/thu/openlane2/designs/cpu_riscv/src/controller.v:21$2'.
No latch inferred for signal `\controller.\wb_sel' from process `\controller.$proc$/home/thu/openlane2/designs/cpu_riscv/src/controller.v:21$2'.
No latch inferred for signal `\controller.\alucontrol' from process `\controller.$proc$/home/thu/openlane2/designs/cpu_riscv/src/controller.v:21$2'.
No latch inferred for signal `\INSTR_MEM.\instruction_code' from process `\INSTR_MEM.$proc$/home/thu/openlane2/designs/cpu_riscv/src/INSTR_MEM.v:8$199'.
