Clock: clk
Sources: clk 
Generated: no
Virtual: no
Propagated: no
Period: 20.000000

===========================================================================
report_clock_properties
============================================================================
Clock                   Period          Waveform
----------------------------------------------------
clk                  20.000000    0.000000 10.000000

===========================================================================
report_clock_latency
============================================================================
Clock clk
rise -> rise
    min     max
0.000000 0.000000 source latency
7.311849         network latency _22837_/CLK
        7.311849 network latency _22837_/CLK
---------------
7.311849 7.311849 latency
        0.000000 skew

fall -> fall
    min     max
0.000000 0.000000 source latency
3.568537         network latency _22837_/CLK
        3.568537 network latency _22837_/CLK
---------------
3.568537 3.568537 latency
        0.000000 skew



===========================================================================
report_clock_min_period
============================================================================
clk period_min = 20.42 fmax = 48.97
