
===========================================================================
 report_power
============================================================================
======================= nom_tt_025C_1v80 Corner ===================================

Group                    Internal    Switching      Leakage        Total
                            Power        Power        Power        Power (Watts)
------------------------------------------------------------------------
Sequential           2.596944e-03 0.000000e+00 1.479805e-08 2.596959e-03  77.7%
Combinational        7.086872e-04 3.673814e-05 4.958232e-08 7.454749e-04  22.3%
Clock                0.000000e+00 0.000000e+00 0.000000e+00 0.000000e+00   0.0%
Macro                0.000000e+00 0.000000e+00 0.000000e+00 0.000000e+00   0.0%
Pad                  0.000000e+00 0.000000e+00 0.000000e+00 0.000000e+00   0.0%
------------------------------------------------------------------------
Total                3.305623e-03 3.673814e-05 6.437920e-08 3.342425e-03 100.0%
                            98.9%         1.1%         0.0%

