
===========================================================================
report_checks -unconstrained
===========================================================================
======================= max_ss_100C_1v60 Corner ===================================

Startpoint: reset (input port clocked by clk)
Endpoint: _23506_ (recovery check against rising-edge clock clk)
Path Group: asynchronous
Path Type: max

Fanout         Cap        Slew       Delay        Time   Description
---------------------------------------------------------------------------------------------
                                  0.000000    0.000000   clock clk (rise edge)
                                  0.000000    0.000000   clock network delay (propagated)
                                  4.000000    4.000000 v input external delay
     1    0.002645    0.017866    0.008789    4.008789 v reset (in)
                                                         reset (net)
                      0.017866    0.000000    4.008789 v input1/A (sky130_fd_sc_hd__clkbuf_1)
     1    0.006523    0.088362    0.169109    4.177898 v input1/X (sky130_fd_sc_hd__clkbuf_1)
                                                         net1 (net)
                      0.088363    0.000509    4.178407 v fanout2848/A (sky130_fd_sc_hd__clkbuf_8)
     7    0.145749    0.269231    0.421997    4.600404 v fanout2848/X (sky130_fd_sc_hd__clkbuf_8)
                                                         net2848 (net)
                      0.278493    0.039386    4.639790 v fanout2764/A (sky130_fd_sc_hd__buf_4)
     5    0.113998    0.257928    0.527543    5.167333 v fanout2764/X (sky130_fd_sc_hd__buf_4)
                                                         net2764 (net)
                      0.259385    0.015036    5.182369 v fanout2763/A (sky130_fd_sc_hd__clkbuf_8)
     7    0.169259    0.308099    0.539995    5.722364 v fanout2763/X (sky130_fd_sc_hd__clkbuf_8)
                                                         net2763 (net)
                      0.308417    0.008327    5.730691 v fanout2730/A (sky130_fd_sc_hd__clkbuf_4)
     5    0.079608    0.285909    0.545239    6.275930 v fanout2730/X (sky130_fd_sc_hd__clkbuf_4)
                                                         net2730 (net)
                      0.285914    0.001900    6.277830 v fanout2729/A (sky130_fd_sc_hd__clkbuf_4)
     6    0.061115    0.226362    0.489072    6.766902 v fanout2729/X (sky130_fd_sc_hd__clkbuf_4)
                                                         net2729 (net)
                      0.226383    0.002521    6.769423 v fanout2727/A (sky130_fd_sc_hd__buf_4)
    10    0.088708    0.211077    0.465075    7.234498 v fanout2727/X (sky130_fd_sc_hd__buf_4)
                                                         net2727 (net)
                      0.211100    0.002481    7.236979 v fanout2726/A (sky130_fd_sc_hd__buf_4)
    10    0.080780    0.197367    0.446778    7.683756 v fanout2726/X (sky130_fd_sc_hd__buf_4)
                                                         net2726 (net)
                      0.197657    0.006760    7.690516 v _22226_/A (sky130_fd_sc_hd__inv_2)
     1    0.003941    0.066689    0.120794    7.811310 ^ _22226_/Y (sky130_fd_sc_hd__inv_2)
                                                         _00669_ (net)
                      0.066689    0.000207    7.811517 ^ _23506_/SET_B (sky130_fd_sc_hd__dfstp_2)
                                              7.811517   data arrival time

                                 20.000000   20.000000   clock clk (rise edge)
                                  0.000000   20.000000   clock source latency
     2    0.116910    0.836803    0.593898   20.593899 ^ clk (in)
                                                         clk (net)
                      0.837405    0.000000   20.593899 ^ clkbuf_0_clk/A (sky130_fd_sc_hd__clkbuf_16)
     4    0.222908    0.352747    0.734536   21.328434 ^ clkbuf_0_clk/X (sky130_fd_sc_hd__clkbuf_16)
                                                         clknet_0_clk (net)
                      0.354137    0.016959   21.345394 ^ clkbuf_2_0_0_clk/A (sky130_fd_sc_hd__clkbuf_8)
     8    0.223659    0.587534    0.726367   22.071760 ^ clkbuf_2_0_0_clk/X (sky130_fd_sc_hd__clkbuf_8)
                                                         clknet_2_0_0_clk (net)
                      0.588310    0.017762   22.089521 ^ clkbuf_5_3__f_clk/A (sky130_fd_sc_hd__clkbuf_16)
    10    0.113448    0.199512    0.547413   22.636934 ^ clkbuf_5_3__f_clk/X (sky130_fd_sc_hd__clkbuf_16)
                                                         clknet_5_3__leaf_clk (net)
                      0.199953    0.008180   22.645115 ^ clkbuf_leaf_52_clk/A (sky130_fd_sc_hd__clkbuf_8)
     6    0.028654    0.104453    0.314561   22.959675 ^ clkbuf_leaf_52_clk/X (sky130_fd_sc_hd__clkbuf_8)
                                                         clknet_leaf_52_clk (net)
                      0.104467    0.001240   22.960917 ^ _23506_/CLK (sky130_fd_sc_hd__dfstp_2)
                                 -0.250000   22.710917   clock uncertainty
                                  0.000000   22.710917   clock reconvergence pessimism
                                  0.275540   22.986456   library recovery time
                                             22.986456   data required time
---------------------------------------------------------------------------------------------
                                             22.986456   data required time
                                             -7.811517   data arrival time
---------------------------------------------------------------------------------------------
                                             15.174939   slack (MET)


Startpoint: _24088_ (rising edge-triggered flip-flop clocked by clk)
Endpoint: zero (output port clocked by clk)
Path Group: clk
Path Type: max

Fanout         Cap        Slew       Delay        Time   Description
---------------------------------------------------------------------------------------------
                                  0.000000    0.000000   clock clk (rise edge)
                                  0.000000    0.000000   clock source latency
     2    0.116910    0.836803    0.593898    0.593898 ^ clk (in)
                                                         clk (net)
                      0.837405    0.000000    0.593898 ^ clkbuf_0_clk/A (sky130_fd_sc_hd__clkbuf_16)
     4    0.222908    0.352747    0.734537    1.328435 ^ clkbuf_0_clk/X (sky130_fd_sc_hd__clkbuf_16)
                                                         clknet_0_clk (net)
                      0.354141    0.016990    1.345425 ^ clkbuf_2_2_0_clk/A (sky130_fd_sc_hd__clkbuf_8)
     8    0.222458    0.584748    0.723193    2.068618 ^ clkbuf_2_2_0_clk/X (sky130_fd_sc_hd__clkbuf_8)
                                                         clknet_2_2_0_clk (net)
                      0.586522    0.026485    2.095103 ^ clkbuf_5_21__f_clk/A (sky130_fd_sc_hd__clkbuf_16)
    12    0.108242    0.192446    0.539808    2.634911 ^ clkbuf_5_21__f_clk/X (sky130_fd_sc_hd__clkbuf_16)
                                                         clknet_5_21__leaf_clk (net)
                      0.193007    0.009004    2.643915 ^ clkbuf_leaf_213_clk/A (sky130_fd_sc_hd__clkbuf_8)
     8    0.032291    0.111272    0.319394    2.963309 ^ clkbuf_leaf_213_clk/X (sky130_fd_sc_hd__clkbuf_8)
                                                         clknet_leaf_213_clk (net)
                      0.111301    0.001702    2.965011 ^ _24088_/CLK (sky130_fd_sc_hd__dfrtp_1)
     2    0.006865    0.110502    0.793254    3.758266 v _24088_/Q (sky130_fd_sc_hd__dfrtp_1)
                                                         dp.ifu.PC[3] (net)
                      0.110502    0.000376    3.758641 v fanout2673/A (sky130_fd_sc_hd__buf_2)
    10    0.043267    0.202340    0.390984    4.149625 v fanout2673/X (sky130_fd_sc_hd__buf_2)
                                                         net2673 (net)
                      0.202434    0.004051    4.153676 v _11435_/B (sky130_fd_sc_hd__nor3b_1)
     4    0.013179    0.759207    0.733480    4.887156 ^ _11435_/Y (sky130_fd_sc_hd__nor3b_1)
                                                         _06572_ (net)
                      0.759207    0.000735    4.887891 ^ _11441_/A (sky130_fd_sc_hd__or2_1)
     1    0.009852    0.165737    0.465744    5.353634 ^ _11441_/X (sky130_fd_sc_hd__or2_1)
                                                         _06578_ (net)
                      0.165739    0.000864    5.354498 ^ fanout2317/A (sky130_fd_sc_hd__buf_4)
     5    0.092876    0.410772    0.487943    5.842441 ^ fanout2317/X (sky130_fd_sc_hd__buf_4)
                                                         net2317 (net)
                      0.410818    0.003720    5.846161 ^ fanout2314/A (sky130_fd_sc_hd__buf_4)
     6    0.064402    0.292059    0.512770    6.358931 ^ fanout2314/X (sky130_fd_sc_hd__buf_4)
                                                         net2314 (net)
                      0.292077    0.001934    6.360865 ^ fanout2313/A (sky130_fd_sc_hd__buf_6)
    10    0.086144    0.278861    0.419991    6.780855 ^ fanout2313/X (sky130_fd_sc_hd__buf_6)
                                                         net2313 (net)
                      0.278931    0.003734    6.784589 ^ fanout2312/A (sky130_fd_sc_hd__buf_6)
    10    0.090239    0.290188    0.420926    7.205516 ^ fanout2312/X (sky130_fd_sc_hd__buf_6)
                                                         net2312 (net)
                      0.292987    0.023016    7.228532 ^ _11487_/B1 (sky130_fd_sc_hd__o32ai_4)
     1    0.029145    0.223056    0.320330    7.548862 v _11487_/Y (sky130_fd_sc_hd__o32ai_4)
                                                         _06624_ (net)
                      0.223182    0.003999    7.552861 v fanout2244/A (sky130_fd_sc_hd__buf_8)
     9    0.151121    0.195095    0.403706    7.956566 v fanout2244/X (sky130_fd_sc_hd__buf_8)
                                                         net2244 (net)
                      0.195424    0.006890    7.963456 v fanout2231/A (sky130_fd_sc_hd__buf_8)
    11    0.121710    0.162463    0.361293    8.324749 v fanout2231/X (sky130_fd_sc_hd__buf_8)
                                                         net2231 (net)
                      0.162712    0.005677    8.330426 v _11493_/A2 (sky130_fd_sc_hd__a211o_4)
     3    0.015136    0.103495    0.666065    8.996490 v _11493_/X (sky130_fd_sc_hd__a211o_4)
                                                         _06630_ (net)
                      0.103495    0.000716    8.997207 v _11494_/B1 (sky130_fd_sc_hd__a21o_1)
     3    0.009399    0.111826    0.343088    9.340295 v _11494_/X (sky130_fd_sc_hd__a21o_1)
                                                         _06631_ (net)
                      0.111827    0.000564    9.340859 v _11533_/A3 (sky130_fd_sc_hd__a311o_1)
     3    0.009498    0.156395    0.732109   10.072968 v _11533_/X (sky130_fd_sc_hd__a311o_1)
                                                         _06670_ (net)
                      0.156395    0.000534   10.073503 v _11534_/C (sky130_fd_sc_hd__and3_1)
     1    0.004840    0.088225    0.422716   10.496219 v _11534_/X (sky130_fd_sc_hd__and3_1)
                                                         _06671_ (net)
                      0.088225    0.000224   10.496442 v _11535_/B1 (sky130_fd_sc_hd__a21o_4)
     2    0.024272    0.102010    0.398219   10.894662 v _11535_/X (sky130_fd_sc_hd__a21o_4)
                                                         _06672_ (net)
                      0.102014    0.000822   10.895484 v _11537_/B (sky130_fd_sc_hd__xnor2_2)
     1    0.009799    0.272921    0.285104   11.180589 ^ _11537_/Y (sky130_fd_sc_hd__xnor2_2)
                                                         _06674_ (net)
                      0.272921    0.000791   11.181379 ^ fanout1710/A (sky130_fd_sc_hd__buf_8)
     7    0.146315    0.369609    0.471061   11.652441 ^ fanout1710/X (sky130_fd_sc_hd__buf_8)
                                                         net1710 (net)
                      0.370248    0.012788   11.665229 ^ fanout1707/A (sky130_fd_sc_hd__buf_12)
     6    0.101210    0.194678    0.389608   12.054837 ^ fanout1707/X (sky130_fd_sc_hd__buf_12)
                                                         net1707 (net)
                      0.194838    0.004656   12.059493 ^ fanout1706/A (sky130_fd_sc_hd__buf_6)
     7    0.059755    0.197879    0.331894   12.391387 ^ fanout1706/X (sky130_fd_sc_hd__buf_6)
                                                         net1706 (net)
                      0.198128    0.004766   12.396152 ^ fanout1705/A (sky130_fd_sc_hd__buf_4)
     6    0.040276    0.189676    0.356243   12.752396 ^ fanout1705/X (sky130_fd_sc_hd__buf_4)
                                                         net1705 (net)
                      0.189687    0.001771   12.754167 ^ fanout1704/A (sky130_fd_sc_hd__buf_4)
     8    0.039847    0.187900    0.351055   13.105222 ^ fanout1704/X (sky130_fd_sc_hd__buf_4)
                                                         net1704 (net)
                      0.187930    0.002506   13.107729 ^ _11605_/A (sky130_fd_sc_hd__and2_4)
     2    0.017150    0.118390    0.370275   13.478004 ^ _11605_/X (sky130_fd_sc_hd__and2_4)
                                                         _06742_ (net)
                      0.118410    0.001563   13.479568 ^ fanout1541/A (sky130_fd_sc_hd__buf_12)
     6    0.063922    0.130928    0.252870   13.732437 ^ fanout1541/X (sky130_fd_sc_hd__buf_12)
                                                         net1541 (net)
                      0.131140    0.003531   13.735969 ^ _11948_/B (sky130_fd_sc_hd__nand2_8)
     5    0.174423    0.441000    0.381265   14.117233 v _11948_/Y (sky130_fd_sc_hd__nand2_8)
                                                         _07085_ (net)
                      0.442199    0.018791   14.136024 v fanout60/A (sky130_fd_sc_hd__buf_8)
     5    0.038407    0.077198    0.415631   14.551656 v fanout60/X (sky130_fd_sc_hd__buf_8)
                                                         net60 (net)
                      0.077307    0.002287   14.553943 v _21419_/A (sky130_fd_sc_hd__or4_4)
     1    0.004554    0.152125    1.043979   15.597921 v _21419_/X (sky130_fd_sc_hd__or4_4)
                                                         _06529_ (net)
                      0.152125    0.000194   15.598115 v _21420_/D (sky130_fd_sc_hd__or4_4)
     1    0.008849    0.169953    0.891628   16.489744 v _21420_/X (sky130_fd_sc_hd__or4_4)
                                                         _06530_ (net)
                      0.169953    0.000680   16.490423 v _21421_/D (sky130_fd_sc_hd__or4_4)
     1    0.010263    0.173850    0.905544   17.395967 v _21421_/X (sky130_fd_sc_hd__or4_4)
                                                         _06531_ (net)
                      0.173850    0.000668   17.396635 v _21422_/D (sky130_fd_sc_hd__or4_4)
     1    0.007925    0.167536    0.892747   18.289383 v _21422_/X (sky130_fd_sc_hd__or4_4)
                                                         _06532_ (net)
                      0.167536    0.000668   18.290051 v _21423_/C (sky130_fd_sc_hd__or4b_4)
     1    0.008993    0.171047    1.021649   19.311699 v _21423_/X (sky130_fd_sc_hd__or4b_4)
                                                         _06533_ (net)
                      0.171047    0.000743   19.312443 v _21424_/D (sky130_fd_sc_hd__or4_4)
     1    0.009077    0.170787    0.898748   20.211189 v _21424_/X (sky130_fd_sc_hd__or4_4)
                                                         _06534_ (net)
                      0.170787    0.000687   20.211878 v _21425_/C (sky130_fd_sc_hd__nor4_4)
     1    0.025016    0.688770    0.697760   20.909637 ^ _21425_/Y (sky130_fd_sc_hd__nor4_4)
                                                         net2 (net)
                      0.688780    0.003411   20.913048 ^ output2/A (sky130_fd_sc_hd__buf_6)
     1    0.034049    0.128150    0.445437   21.358486 ^ output2/X (sky130_fd_sc_hd__buf_6)
                                                         zero (net)
                      0.128171    0.001625   21.360111 ^ zero (out)
                                             21.360111   data arrival time

                                 20.000000   20.000000   clock clk (rise edge)
                                  0.000000   20.000000   clock network delay (propagated)
                                 -0.250000   19.750002   clock uncertainty
                                  0.000000   19.750002   clock reconvergence pessimism
                                 -4.000000   15.750001   output external delay
                                             15.750001   data required time
---------------------------------------------------------------------------------------------
                                             15.750001   data required time
                                            -21.360111   data arrival time
---------------------------------------------------------------------------------------------
                                             -5.610110   slack (VIOLATED)




===========================================================================
report_checks --slack_max -0.01
============================================================================
======================= max_ss_100C_1v60 Corner ===================================

Startpoint: _24088_ (rising edge-triggered flip-flop clocked by clk)
Endpoint: zero (output port clocked by clk)
Path Group: clk
Path Type: max

Fanout         Cap        Slew       Delay        Time   Description
---------------------------------------------------------------------------------------------
                                  0.000000    0.000000   clock clk (rise edge)
                                  0.000000    0.000000   clock source latency
     2    0.116910    0.836803    0.593898    0.593898 ^ clk (in)
                                                         clk (net)
                      0.837405    0.000000    0.593898 ^ clkbuf_0_clk/A (sky130_fd_sc_hd__clkbuf_16)
     4    0.222908    0.352747    0.734537    1.328435 ^ clkbuf_0_clk/X (sky130_fd_sc_hd__clkbuf_16)
                                                         clknet_0_clk (net)
                      0.354141    0.016990    1.345425 ^ clkbuf_2_2_0_clk/A (sky130_fd_sc_hd__clkbuf_8)
     8    0.222458    0.584748    0.723193    2.068618 ^ clkbuf_2_2_0_clk/X (sky130_fd_sc_hd__clkbuf_8)
                                                         clknet_2_2_0_clk (net)
                      0.586522    0.026485    2.095103 ^ clkbuf_5_21__f_clk/A (sky130_fd_sc_hd__clkbuf_16)
    12    0.108242    0.192446    0.539808    2.634911 ^ clkbuf_5_21__f_clk/X (sky130_fd_sc_hd__clkbuf_16)
                                                         clknet_5_21__leaf_clk (net)
                      0.193007    0.009004    2.643915 ^ clkbuf_leaf_213_clk/A (sky130_fd_sc_hd__clkbuf_8)
     8    0.032291    0.111272    0.319394    2.963309 ^ clkbuf_leaf_213_clk/X (sky130_fd_sc_hd__clkbuf_8)
                                                         clknet_leaf_213_clk (net)
                      0.111301    0.001702    2.965011 ^ _24088_/CLK (sky130_fd_sc_hd__dfrtp_1)
     2    0.006865    0.110502    0.793254    3.758266 v _24088_/Q (sky130_fd_sc_hd__dfrtp_1)
                                                         dp.ifu.PC[3] (net)
                      0.110502    0.000376    3.758641 v fanout2673/A (sky130_fd_sc_hd__buf_2)
    10    0.043267    0.202340    0.390984    4.149625 v fanout2673/X (sky130_fd_sc_hd__buf_2)
                                                         net2673 (net)
                      0.202434    0.004051    4.153676 v _11435_/B (sky130_fd_sc_hd__nor3b_1)
     4    0.013179    0.759207    0.733480    4.887156 ^ _11435_/Y (sky130_fd_sc_hd__nor3b_1)
                                                         _06572_ (net)
                      0.759207    0.000735    4.887891 ^ _11441_/A (sky130_fd_sc_hd__or2_1)
     1    0.009852    0.165737    0.465744    5.353634 ^ _11441_/X (sky130_fd_sc_hd__or2_1)
                                                         _06578_ (net)
                      0.165739    0.000864    5.354498 ^ fanout2317/A (sky130_fd_sc_hd__buf_4)
     5    0.092876    0.410772    0.487943    5.842441 ^ fanout2317/X (sky130_fd_sc_hd__buf_4)
                                                         net2317 (net)
                      0.410818    0.003720    5.846161 ^ fanout2314/A (sky130_fd_sc_hd__buf_4)
     6    0.064402    0.292059    0.512770    6.358931 ^ fanout2314/X (sky130_fd_sc_hd__buf_4)
                                                         net2314 (net)
                      0.292077    0.001934    6.360865 ^ fanout2313/A (sky130_fd_sc_hd__buf_6)
    10    0.086144    0.278861    0.419991    6.780855 ^ fanout2313/X (sky130_fd_sc_hd__buf_6)
                                                         net2313 (net)
                      0.278931    0.003734    6.784589 ^ fanout2312/A (sky130_fd_sc_hd__buf_6)
    10    0.090239    0.290188    0.420926    7.205516 ^ fanout2312/X (sky130_fd_sc_hd__buf_6)
                                                         net2312 (net)
                      0.292987    0.023016    7.228532 ^ _11487_/B1 (sky130_fd_sc_hd__o32ai_4)
     1    0.029145    0.223056    0.320330    7.548862 v _11487_/Y (sky130_fd_sc_hd__o32ai_4)
                                                         _06624_ (net)
                      0.223182    0.003999    7.552861 v fanout2244/A (sky130_fd_sc_hd__buf_8)
     9    0.151121    0.195095    0.403706    7.956566 v fanout2244/X (sky130_fd_sc_hd__buf_8)
                                                         net2244 (net)
                      0.195424    0.006890    7.963456 v fanout2231/A (sky130_fd_sc_hd__buf_8)
    11    0.121710    0.162463    0.361293    8.324749 v fanout2231/X (sky130_fd_sc_hd__buf_8)
                                                         net2231 (net)
                      0.162712    0.005677    8.330426 v _11493_/A2 (sky130_fd_sc_hd__a211o_4)
     3    0.015136    0.103495    0.666065    8.996490 v _11493_/X (sky130_fd_sc_hd__a211o_4)
                                                         _06630_ (net)
                      0.103495    0.000716    8.997207 v _11494_/B1 (sky130_fd_sc_hd__a21o_1)
     3    0.009399    0.111826    0.343088    9.340295 v _11494_/X (sky130_fd_sc_hd__a21o_1)
                                                         _06631_ (net)
                      0.111827    0.000564    9.340859 v _11533_/A3 (sky130_fd_sc_hd__a311o_1)
     3    0.009498    0.156395    0.732109   10.072968 v _11533_/X (sky130_fd_sc_hd__a311o_1)
                                                         _06670_ (net)
                      0.156395    0.000534   10.073503 v _11534_/C (sky130_fd_sc_hd__and3_1)
     1    0.004840    0.088225    0.422716   10.496219 v _11534_/X (sky130_fd_sc_hd__and3_1)
                                                         _06671_ (net)
                      0.088225    0.000224   10.496442 v _11535_/B1 (sky130_fd_sc_hd__a21o_4)
     2    0.024272    0.102010    0.398219   10.894662 v _11535_/X (sky130_fd_sc_hd__a21o_4)
                                                         _06672_ (net)
                      0.102014    0.000822   10.895484 v _11537_/B (sky130_fd_sc_hd__xnor2_2)
     1    0.009799    0.272921    0.285104   11.180589 ^ _11537_/Y (sky130_fd_sc_hd__xnor2_2)
                                                         _06674_ (net)
                      0.272921    0.000791   11.181379 ^ fanout1710/A (sky130_fd_sc_hd__buf_8)
     7    0.146315    0.369609    0.471061   11.652441 ^ fanout1710/X (sky130_fd_sc_hd__buf_8)
                                                         net1710 (net)
                      0.370248    0.012788   11.665229 ^ fanout1707/A (sky130_fd_sc_hd__buf_12)
     6    0.101210    0.194678    0.389608   12.054837 ^ fanout1707/X (sky130_fd_sc_hd__buf_12)
                                                         net1707 (net)
                      0.194838    0.004656   12.059493 ^ fanout1706/A (sky130_fd_sc_hd__buf_6)
     7    0.059755    0.197879    0.331894   12.391387 ^ fanout1706/X (sky130_fd_sc_hd__buf_6)
                                                         net1706 (net)
                      0.198128    0.004766   12.396152 ^ fanout1705/A (sky130_fd_sc_hd__buf_4)
     6    0.040276    0.189676    0.356243   12.752396 ^ fanout1705/X (sky130_fd_sc_hd__buf_4)
                                                         net1705 (net)
                      0.189687    0.001771   12.754167 ^ fanout1704/A (sky130_fd_sc_hd__buf_4)
     8    0.039847    0.187900    0.351055   13.105222 ^ fanout1704/X (sky130_fd_sc_hd__buf_4)
                                                         net1704 (net)
                      0.187930    0.002506   13.107729 ^ _11605_/A (sky130_fd_sc_hd__and2_4)
     2    0.017150    0.118390    0.370275   13.478004 ^ _11605_/X (sky130_fd_sc_hd__and2_4)
                                                         _06742_ (net)
                      0.118410    0.001563   13.479568 ^ fanout1541/A (sky130_fd_sc_hd__buf_12)
     6    0.063922    0.130928    0.252870   13.732437 ^ fanout1541/X (sky130_fd_sc_hd__buf_12)
                                                         net1541 (net)
                      0.131140    0.003531   13.735969 ^ _11948_/B (sky130_fd_sc_hd__nand2_8)
     5    0.174423    0.441000    0.381265   14.117233 v _11948_/Y (sky130_fd_sc_hd__nand2_8)
                                                         _07085_ (net)
                      0.442199    0.018791   14.136024 v fanout60/A (sky130_fd_sc_hd__buf_8)
     5    0.038407    0.077198    0.415631   14.551656 v fanout60/X (sky130_fd_sc_hd__buf_8)
                                                         net60 (net)
                      0.077307    0.002287   14.553943 v _21419_/A (sky130_fd_sc_hd__or4_4)
     1    0.004554    0.152125    1.043979   15.597921 v _21419_/X (sky130_fd_sc_hd__or4_4)
                                                         _06529_ (net)
                      0.152125    0.000194   15.598115 v _21420_/D (sky130_fd_sc_hd__or4_4)
     1    0.008849    0.169953    0.891628   16.489744 v _21420_/X (sky130_fd_sc_hd__or4_4)
                                                         _06530_ (net)
                      0.169953    0.000680   16.490423 v _21421_/D (sky130_fd_sc_hd__or4_4)
     1    0.010263    0.173850    0.905544   17.395967 v _21421_/X (sky130_fd_sc_hd__or4_4)
                                                         _06531_ (net)
                      0.173850    0.000668   17.396635 v _21422_/D (sky130_fd_sc_hd__or4_4)
     1    0.007925    0.167536    0.892747   18.289383 v _21422_/X (sky130_fd_sc_hd__or4_4)
                                                         _06532_ (net)
                      0.167536    0.000668   18.290051 v _21423_/C (sky130_fd_sc_hd__or4b_4)
     1    0.008993    0.171047    1.021649   19.311699 v _21423_/X (sky130_fd_sc_hd__or4b_4)
                                                         _06533_ (net)
                      0.171047    0.000743   19.312443 v _21424_/D (sky130_fd_sc_hd__or4_4)
     1    0.009077    0.170787    0.898748   20.211189 v _21424_/X (sky130_fd_sc_hd__or4_4)
                                                         _06534_ (net)
                      0.170787    0.000687   20.211878 v _21425_/C (sky130_fd_sc_hd__nor4_4)
     1    0.025016    0.688770    0.697760   20.909637 ^ _21425_/Y (sky130_fd_sc_hd__nor4_4)
                                                         net2 (net)
                      0.688780    0.003411   20.913048 ^ output2/A (sky130_fd_sc_hd__buf_6)
     1    0.034049    0.128150    0.445437   21.358486 ^ output2/X (sky130_fd_sc_hd__buf_6)
                                                         zero (net)
                      0.128171    0.001625   21.360111 ^ zero (out)
                                             21.360111   data arrival time

                                 20.000000   20.000000   clock clk (rise edge)
                                  0.000000   20.000000   clock network delay (propagated)
                                 -0.250000   19.750002   clock uncertainty
                                  0.000000   19.750002   clock reconvergence pessimism
                                 -4.000000   15.750001   output external delay
                                             15.750001   data required time
---------------------------------------------------------------------------------------------
                                             15.750001   data required time
                                            -21.360111   data arrival time
---------------------------------------------------------------------------------------------
                                             -5.610110   slack (VIOLATED)




===========================================================================
 report_check_types -max_slew -max_cap -max_fanout -violators
============================================================================
======================= max_ss_100C_1v60 Corner ===================================

max slew

Pin                                        Limit        Slew       Slack
------------------------------------------------------------------------
_14589_/B                               0.750000    1.653518   -0.903518 (VIOLATED)
_13011_/B                               0.750000    1.653515   -0.903515 (VIOLATED)
ANTENNA_573/DIODE                       0.750000    1.653502   -0.903502 (VIOLATED)
_13022_/B                               0.750000    1.653502   -0.903502 (VIOLATED)
_13203_/B                               0.750000    1.653462   -0.903462 (VIOLATED)
_13222_/B                               0.750000    1.653459   -0.903459 (VIOLATED)
clone12/X                               0.750000    1.653388   -0.903388 (VIOLATED)
wire5/A                                 0.750000    1.561725   -0.811725 (VIOLATED)
_14570_/Y                               0.750000    1.561721   -0.811721 (VIOLATED)
_17266_/A1                              0.750000    1.540866   -0.790866 (VIOLATED)
ANTENNA_7/DIODE                         0.750000    1.540861   -0.790861 (VIOLATED)
ANTENNA_6/DIODE                         0.750000    1.540850   -0.790850 (VIOLATED)
_15829_/A1                              0.750000    1.540851   -0.790851 (VIOLATED)
_11527_/A2                              0.750000    1.537955   -0.787955 (VIOLATED)
_20478_/A1                              0.750000    1.537689   -0.787689 (VIOLATED)
ANTENNA_576/DIODE                       0.750000    1.537686   -0.787686 (VIOLATED)
_21371_/B                               0.750000    1.537622   -0.787622 (VIOLATED)
_17794_/A1                              0.750000    1.537615   -0.787615 (VIOLATED)
ANTENNA_575/DIODE                       0.750000    1.537584   -0.787584 (VIOLATED)
_11524_/X                               0.750000    1.537338   -0.787338 (VIOLATED)
fanout1650/A                            0.750000    1.480472   -0.730473 (VIOLATED)
fanout1640/A                            0.750000    1.480455   -0.730455 (VIOLATED)
fanout1643/A                            0.750000    1.480385   -0.730385 (VIOLATED)
_11594_/Y                               0.750000    1.480172   -0.730172 (VIOLATED)
fanout1600/A                            0.750000    1.454258   -0.704258 (VIOLATED)
max_cap1601/A                           0.750000    1.454237   -0.704237 (VIOLATED)
_11628_/Y                               0.750000    1.454229   -0.704229 (VIOLATED)
fanout1586/A                            0.750000    1.428481   -0.678481 (VIOLATED)
wire1587/A                              0.750000    1.428344   -0.678344 (VIOLATED)
_11644_/Y                               0.750000    1.428335   -0.678335 (VIOLATED)
_20037_/B2                              0.750000    1.344129   -0.594129 (VIOLATED)
ANTENNA_1/DIODE                         0.750000    1.344128   -0.594128 (VIOLATED)
_20036_/Y                               0.750000    1.344076   -0.594076 (VIOLATED)
wire4/A                                 0.750000    1.329048   -0.579048 (VIOLATED)
_13767_/Y                               0.750000    1.329043   -0.579043 (VIOLATED)
_13245_/D                               0.750000    1.268841   -0.518841 (VIOLATED)
_13244_/Y                               0.750000    1.268766   -0.518766 (VIOLATED)
_14976_/B                               0.750000    1.257877   -0.507877 (VIOLATED)
_14977_/A2                              0.750000    1.257877   -0.507877 (VIOLATED)
_14974_/Y                               0.750000    1.257666   -0.507666 (VIOLATED)
wire3/A                                 0.750000    1.193350   -0.443350 (VIOLATED)
_13924_/Y                               0.750000    1.193300   -0.443300 (VIOLATED)
_14052_/D                               0.750000    1.179694   -0.429694 (VIOLATED)
ANTENNA_202/DIODE                       0.750000    1.179692   -0.429692 (VIOLATED)
_14051_/X                               0.750000    1.179454   -0.429454 (VIOLATED)
_14078_/C1                              0.750000    1.134686   -0.384686 (VIOLATED)
ANTENNA_204/DIODE                       0.750000    1.134684   -0.384684 (VIOLATED)
_14077_/X                               0.750000    1.134262   -0.384262 (VIOLATED)
fanout1625/A                            0.750000    1.118573   -0.368573 (VIOLATED)
max_cap1626/A                           0.750000    1.118570   -0.368570 (VIOLATED)
_11599_/Y                               0.750000    1.118568   -0.368568 (VIOLATED)
fanout1634/A                            0.750000    1.115538   -0.365538 (VIOLATED)
_11597_/Y                               0.750000    1.115531   -0.365531 (VIOLATED)
max_cap1635/A                           0.750000    1.115531   -0.365531 (VIOLATED)
_13092_/A2                              0.750000    1.076370   -0.326370 (VIOLATED)
_13045_/Y                               0.750000    1.076076   -0.326076 (VIOLATED)
fanout2300/A                            0.750000    1.057454   -0.307454 (VIOLATED)
fanout2299/A                            0.750000    1.057373   -0.307373 (VIOLATED)
_12914_/A1                              0.750000    1.057328   -0.307328 (VIOLATED)
fanout2298/A                            0.750000    1.057269   -0.307269 (VIOLATED)
_11991_/Y                               0.750000    1.057260   -0.307260 (VIOLATED)
_18893_/B2                              0.750000    1.031352   -0.281352 (VIOLATED)
_18892_/Y                               0.750000    1.031328   -0.281328 (VIOLATED)
_12715_/D                               0.750000    1.008386   -0.258386 (VIOLATED)
_12713_/D                               0.750000    1.008384   -0.258384 (VIOLATED)
fanout1603/A                            0.750000    1.008100   -0.258100 (VIOLATED)
_11625_/Y                               0.750000    1.007979   -0.257979 (VIOLATED)
wire1744/A                              0.750000    0.990992   -0.240992 (VIOLATED)
_21406_/B1                              0.750000    0.990894   -0.240894 (VIOLATED)
_21387_/B1                              0.750000    0.990893   -0.240893 (VIOLATED)
_12347_/B                               0.750000    0.990879   -0.240879 (VIOLATED)
_12259_/Y                               0.750000    0.990769   -0.240769 (VIOLATED)
fanout2566/A                            0.750000    0.968305   -0.218305 (VIOLATED)
fanout2537/A                            0.750000    0.968149   -0.218149 (VIOLATED)
ANTENNA_556/DIODE                       0.750000    0.968147   -0.218147 (VIOLATED)
ANTENNA_557/DIODE                       0.750000    0.967217   -0.217217 (VIOLATED)
fanout2580/A                            0.750000    0.967211   -0.217211 (VIOLATED)
_13245_/A                               0.750000    0.966752   -0.216752 (VIOLATED)
_13239_/Y                               0.750000    0.966713   -0.216714 (VIOLATED)
rebuffer13/X                            0.750000    0.966137   -0.216137 (VIOLATED)
fanout500/A                             0.750000    0.964298   -0.214298 (VIOLATED)
fanout499/A                             0.750000    0.964264   -0.214264 (VIOLATED)
fanout498/A                             0.750000    0.964236   -0.214236 (VIOLATED)
fanout497/A                             0.750000    0.964205   -0.214205 (VIOLATED)
_21414_/Y                               0.750000    0.964198   -0.214198 (VIOLATED)
wire1797/A                              0.750000    0.963977   -0.213977 (VIOLATED)
_16106_/A2                              0.750000    0.963945   -0.213945 (VIOLATED)
_16921_/A2                              0.750000    0.963935   -0.213935 (VIOLATED)
_12179_/B                               0.750000    0.963579   -0.213579 (VIOLATED)
_12185_/A2                              0.750000    0.963578   -0.213578 (VIOLATED)
_12178_/Y                               0.750000    0.963543   -0.213543 (VIOLATED)
fanout1579/A                            0.750000    0.949133   -0.199133 (VIOLATED)
_11690_/Y                               0.750000    0.949086   -0.199086 (VIOLATED)
_13061_/C                               0.750000    0.946101   -0.196101 (VIOLATED)
_13058_/Y                               0.750000    0.946068   -0.196068 (VIOLATED)
fanout2060/A                            0.750000    0.943159   -0.193159 (VIOLATED)
ANTENNA_594/DIODE                       0.750000    0.943154   -0.193154 (VIOLATED)
fanout2070/A                            0.750000    0.942942   -0.192942 (VIOLATED)
fanout2073/A                            0.750000    0.942134   -0.192134 (VIOLATED)
_12103_/X                               0.750000    0.942088   -0.192088 (VIOLATED)
_14046_/C1                              0.750000    0.941805   -0.191805 (VIOLATED)
_14045_/X                               0.750000    0.941516   -0.191516 (VIOLATED)
_13286_/A                               0.750000    0.927179   -0.177179 (VIOLATED)
_13245_/Y                               0.750000    0.927111   -0.177111 (VIOLATED)
_14844_/C1                              0.750000    0.914544   -0.164544 (VIOLATED)
_14823_/X                               0.750000    0.914266   -0.164266 (VIOLATED)
fanout1594/A                            0.750000    0.911224   -0.161224 (VIOLATED)
_11637_/Y                               0.750000    0.911180   -0.161180 (VIOLATED)
_14817_/C1                              0.750000    0.866774   -0.116774 (VIOLATED)
_14753_/X                               0.750000    0.866564   -0.116564 (VIOLATED)
_16765_/A2                              0.750000    0.845607   -0.095607 (VIOLATED)
ANTENNA_61/DIODE                        0.750000    0.845601   -0.095601 (VIOLATED)
_21388_/A1                              0.750000    0.845158   -0.095158 (VIOLATED)
_21404_/B1                              0.750000    0.845067   -0.095067 (VIOLATED)
_12226_/Y                               0.750000    0.844959   -0.094959 (VIOLATED)
_12791_/A2                              0.750000    0.844781   -0.094781 (VIOLATED)
_21443_/A0                              0.750000    0.844780   -0.094780 (VIOLATED)
_21421_/B                               0.750000    0.844776   -0.094776 (VIOLATED)
_12707_/Y                               0.750000    0.844770   -0.094770 (VIOLATED)
_12987_/C1                              0.750000    0.841613   -0.091613 (VIOLATED)
_12986_/X                               0.750000    0.841349   -0.091349 (VIOLATED)
clkbuf_0_clk/A                          0.750000    0.837405   -0.087405 (VIOLATED)
ANTENNA_259/DIODE                       0.750000    0.837390   -0.087390 (VIOLATED)
clk                                     0.750000    0.836803   -0.086803 (VIOLATED)
_14245_/C                               0.750000    0.835307   -0.085307 (VIOLATED)
_14243_/Y                               0.750000    0.835299   -0.085299 (VIOLATED)
_13758_/D_N                             0.750000    0.832650   -0.082650 (VIOLATED)
_13757_/Y                               0.750000    0.832648   -0.082648 (VIOLATED)
_21426_/A0                              0.750000    0.828506   -0.078506 (VIOLATED)
ANTENNA_5/DIODE                         0.750000    0.828505   -0.078505 (VIOLATED)
_15133_/A1                              0.750000    0.828487   -0.078487 (VIOLATED)
_11644_/B                               0.750000    0.828477   -0.078477 (VIOLATED)
_11628_/B                               0.750000    0.828477   -0.078477 (VIOLATED)
_11611_/B                               0.750000    0.828477   -0.078477 (VIOLATED)
_11604_/B                               0.750000    0.828476   -0.078476 (VIOLATED)
_11631_/B                               0.750000    0.828476   -0.078476 (VIOLATED)
_11641_/B                               0.750000    0.828475   -0.078475 (VIOLATED)
_11619_/B                               0.750000    0.828474   -0.078474 (VIOLATED)
_11509_/Y                               0.750000    0.828460   -0.078460 (VIOLATED)
_14814_/C1                              0.750000    0.804557   -0.054557 (VIOLATED)
_14813_/X                               0.750000    0.804538   -0.054538 (VIOLATED)
_15178_/B1_N                            0.750000    0.801466   -0.051466 (VIOLATED)
_15212_/C_N                             0.750000    0.801456   -0.051456 (VIOLATED)
_13688_/Y                               0.750000    0.800821   -0.050821 (VIOLATED)
wire2297/A                              0.750000    0.800333   -0.050333 (VIOLATED)
ANTENNA_574/DIODE                       0.750000    0.800253   -0.050253 (VIOLATED)
fanout2296/A                            0.750000    0.800252   -0.050252 (VIOLATED)
_11451_/Y                               0.750000    0.800217   -0.050217 (VIOLATED)
_12894_/Y                               0.750000    0.799758   -0.049758 (VIOLATED)
_12903_/C                               0.750000    0.799758   -0.049758 (VIOLATED)
fanout1573/A                            0.750000    0.799008   -0.049008 (VIOLATED)
_11768_/Y                               0.750000    0.799006   -0.049006 (VIOLATED)
_19975_/A1                              0.750000    0.797900   -0.047900 (VIOLATED)
ANTENNA_4/DIODE                         0.750000    0.797899   -0.047899 (VIOLATED)
_16188_/A1                              0.750000    0.797068   -0.047068 (VIOLATED)
_17195_/A1                              0.750000    0.795358   -0.045358 (VIOLATED)
fanout1682/A                            0.750000    0.794290   -0.044290 (VIOLATED)
fanout1686/A                            0.750000    0.793930   -0.043930 (VIOLATED)
fanout1677/A                            0.750000    0.793316   -0.043316 (VIOLATED)
ANTENNA_2/DIODE                         0.750000    0.793315   -0.043315 (VIOLATED)
_15279_/A1                              0.750000    0.793277   -0.043277 (VIOLATED)
fanout1679/A                            0.750000    0.793232   -0.043232 (VIOLATED)
_11574_/X                               0.750000    0.792984   -0.042984 (VIOLATED)
_14781_/C1                              0.750000    0.787389   -0.037389 (VIOLATED)
ANTENNA_237/DIODE                       0.750000    0.787388   -0.037388 (VIOLATED)
_14762_/X                               0.750000    0.787214   -0.037214 (VIOLATED)
_19832_/A1                              0.750000    0.787138   -0.037138 (VIOLATED)
ANTENNA_3/DIODE                         0.750000    0.787137   -0.037137 (VIOLATED)
_11486_/X                               0.750000    0.786592   -0.036592 (VIOLATED)
fanout1921/A                            0.750000    0.784630   -0.034630 (VIOLATED)
fanout1922/A                            0.750000    0.784536   -0.034536 (VIOLATED)
fanout1926/A                            0.750000    0.784303   -0.034303 (VIOLATED)
fanout1928/A                            0.750000    0.783691   -0.033691 (VIOLATED)
_12315_/X                               0.750000    0.783550   -0.033550 (VIOLATED)
_13221_/A                               0.750000    0.782627   -0.032627 (VIOLATED)
_12576_/Y                               0.750000    0.782571   -0.032571 (VIOLATED)
_12578_/C_N                             0.750000    0.782571   -0.032571 (VIOLATED)
_14807_/A1                              0.750000    0.782503   -0.032503 (VIOLATED)
_14260_/B2                              0.750000    0.781758   -0.031758 (VIOLATED)
_13622_/B2                              0.750000    0.781756   -0.031756 (VIOLATED)
_18921_/A1                              0.750000    0.781737   -0.031737 (VIOLATED)
_18925_/A1                              0.750000    0.781704   -0.031704 (VIOLATED)
_23247_/Q                               0.750000    0.781704   -0.031704 (VIOLATED)
_13269_/C1                              0.750000    0.781251   -0.031251 (VIOLATED)
_13189_/X                               0.750000    0.781082   -0.031082 (VIOLATED)
fanout1790/A                            0.750000    0.779747   -0.029747 (VIOLATED)
ANTENNA_58/DIODE                        0.750000    0.779746   -0.029746 (VIOLATED)
fanout1792/A                            0.750000    0.779587   -0.029587 (VIOLATED)
ANTENNA_59/DIODE                        0.750000    0.779568   -0.029568 (VIOLATED)
fanout1784/A                            0.750000    0.779238   -0.029239 (VIOLATED)
fanout1796/A                            0.750000    0.778159   -0.028159 (VIOLATED)
_12191_/X                               0.750000    0.777162   -0.027162 (VIOLATED)
wire2278/A                              0.750000    0.773165   -0.023165 (VIOLATED)
rebuffer5/X                             0.750000    0.772745   -0.022745 (VIOLATED)
_14101_/A1                              0.750000    0.772526   -0.022526 (VIOLATED)
ANTENNA_271/DIODE                       0.750000    0.772520   -0.022520 (VIOLATED)
_15087_/B2                              0.750000    0.772393   -0.022393 (VIOLATED)
ANTENNA_272/DIODE                       0.750000    0.772375   -0.022375 (VIOLATED)
_14668_/A1                              0.750000    0.771288   -0.021288 (VIOLATED)
_11624_/B                               0.750000    0.771120   -0.021120 (VIOLATED)
ANTENNA_10/DIODE                        0.750000    0.771120   -0.021120 (VIOLATED)
_11608_/X                               0.750000    0.771100   -0.021100 (VIOLATED)
_13376_/C1                              0.750000    0.769133   -0.019133 (VIOLATED)
_15173_/B1                              0.750000    0.769132   -0.019132 (VIOLATED)
_13375_/Y                               0.750000    0.769118   -0.019118 (VIOLATED)
_13492_/A1                              0.750000    0.768712   -0.018712 (VIOLATED)
ANTENNA_270/DIODE                       0.750000    0.768703   -0.018703 (VIOLATED)
fanout677/A                             0.750000    0.767538   -0.017538 (VIOLATED)
ANTENNA_54/DIODE                        0.750000    0.767537   -0.017537 (VIOLATED)
fanout675/A                             0.750000    0.767146   -0.017146 (VIOLATED)
fanout673/A                             0.750000    0.767127   -0.017127 (VIOLATED)
_11927_/X                               0.750000    0.767122   -0.017122 (VIOLATED)
_19975_/S                               0.750000    0.766720   -0.016720 (VIOLATED)
fanout1395/A                            0.750000    0.766717   -0.016717 (VIOLATED)
ANTENNA_18/DIODE                        0.750000    0.766715   -0.016715 (VIOLATED)
ANTENNA_20/DIODE                        0.750000    0.766709   -0.016709 (VIOLATED)
_13077_/D1                              0.750000    0.766435   -0.016435 (VIOLATED)
ANTENNA_112/DIODE                       0.750000    0.766434   -0.016434 (VIOLATED)
_13023_/X                               0.750000    0.766241   -0.016241 (VIOLATED)
fanout1392/A                            0.750000    0.765686   -0.015686 (VIOLATED)
ANTENNA_19/DIODE                        0.750000    0.765683   -0.015683 (VIOLATED)
fanout1394/A                            0.750000    0.765454   -0.015454 (VIOLATED)
_11668_/X                               0.750000    0.765318   -0.015318 (VIOLATED)
_17902_/A1                              0.750000    0.764537   -0.014537 (VIOLATED)
_17906_/A1                              0.750000    0.764406   -0.014406 (VIOLATED)
_23417_/Q                               0.750000    0.764390   -0.014390 (VIOLATED)
_13282_/C1                              0.750000    0.763039   -0.013039 (VIOLATED)
_13193_/X                               0.750000    0.762968   -0.012968 (VIOLATED)
fanout1611/A                            0.750000    0.762023   -0.012023 (VIOLATED)
_11615_/Y                               0.750000    0.761883   -0.011883 (VIOLATED)
_11437_/B                               0.750000    0.759208   -0.009208 (VIOLATED)
_11435_/Y                               0.750000    0.759207   -0.009207 (VIOLATED)
_11436_/B                               0.750000    0.759207   -0.009207 (VIOLATED)
_11440_/B1                              0.750000    0.759207   -0.009207 (VIOLATED)
_11441_/A                               0.750000    0.759207   -0.009207 (VIOLATED)
_11837_/C                               0.750000    0.755025   -0.005025 (VIOLATED)
ANTENNA_476/DIODE                       0.750000    0.755020   -0.005020 (VIOLATED)
_11833_/A                               0.750000    0.754857   -0.004857 (VIOLATED)
_11838_/A                               0.750000    0.754728   -0.004728 (VIOLATED)
ANTENNA_477/DIODE                       0.750000    0.754694   -0.004694 (VIOLATED)
_11708_/B1                              0.750000    0.754171   -0.004171 (VIOLATED)
_13812_/A                               0.750000    0.753568   -0.003568 (VIOLATED)
ANTENNA_159/DIODE                       0.750000    0.753562   -0.003562 (VIOLATED)
ANTENNA_158/DIODE                       0.750000    0.753560   -0.003560 (VIOLATED)
_11709_/B                               0.750000    0.753334   -0.003334 (VIOLATED)
_13801_/X                               0.750000    0.752428   -0.002428 (VIOLATED)
_11457_/C                               0.750000    0.751734   -0.001734 (VIOLATED)
_11531_/A2                              0.750000    0.751729   -0.001729 (VIOLATED)
_11456_/A2                              0.750000    0.751728   -0.001728 (VIOLATED)
_21377_/B                               0.750000    0.751702   -0.001702 (VIOLATED)
_21376_/B                               0.750000    0.751702   -0.001702 (VIOLATED)
_11455_/Y                               0.750000    0.751676   -0.001676 (VIOLATED)
_11812_/C                               0.750000    0.751611   -0.001611 (VIOLATED)
ANTENNA_32/DIODE                        0.750000    0.751610   -0.001610 (VIOLATED)
_11806_/X                               0.750000    0.751593   -0.001593 (VIOLATED)
_21399_/B1                              0.750000    0.751429   -0.001430 (VIOLATED)
_21398_/Y                               0.750000    0.751411   -0.001411 (VIOLATED)
ANTENNA_137/DIODE                       0.750000    0.751352   -0.001352 (VIOLATED)
_13273_/B                               0.750000    0.751351   -0.001351 (VIOLATED)
ANTENNA_135/DIODE                       0.750000    0.751347   -0.001347 (VIOLATED)
ANTENNA_136/DIODE                       0.750000    0.751340   -0.001340 (VIOLATED)
ANTENNA_138/DIODE                       0.750000    0.751326   -0.001326 (VIOLATED)
_12904_/B                               0.750000    0.750816   -0.000816 (VIOLATED)
_12866_/X                               0.750000    0.750771   -0.000771 (VIOLATED)
_13270_/X                               0.750000    0.750739   -0.000739 (VIOLATED)

max fanout

Pin                                   Limit Fanout  Slack
---------------------------------------------------------
fanout821/X                              10     16     -6 (VIOLATED)
fanout57/X                               10     15     -5 (VIOLATED)
fanout1603/X                             10     14     -4 (VIOLATED)
fanout165/X                              10     14     -4 (VIOLATED)
_12480_/X                                10     13     -3 (VIOLATED)
clkbuf_5_16__f_clk/X                     10     13     -3 (VIOLATED)
clkbuf_5_29__f_clk/X                     10     13     -3 (VIOLATED)
fanout1046/X                             10     13     -3 (VIOLATED)
fanout1583/X                             10     13     -3 (VIOLATED)
fanout2566/X                             10     13     -3 (VIOLATED)
fanout431/X                              10     13     -3 (VIOLATED)
fanout78/X                               10     13     -3 (VIOLATED)
_12766_/X                                10     12     -2 (VIOLATED)
_13891_/X                                10     12     -2 (VIOLATED)
_13965_/X                                10     12     -2 (VIOLATED)
_13971_/X                                10     12     -2 (VIOLATED)
_14495_/X                                10     12     -2 (VIOLATED)
clkbuf_5_13__f_clk/X                     10     12     -2 (VIOLATED)
clkbuf_5_15__f_clk/X                     10     12     -2 (VIOLATED)
clkbuf_5_20__f_clk/X                     10     12     -2 (VIOLATED)
clkbuf_5_21__f_clk/X                     10     12     -2 (VIOLATED)
clkbuf_5_22__f_clk/X                     10     12     -2 (VIOLATED)
clkbuf_5_26__f_clk/X                     10     12     -2 (VIOLATED)
clkbuf_5_4__f_clk/X                      10     12     -2 (VIOLATED)
clkbuf_5_5__f_clk/X                      10     12     -2 (VIOLATED)
clkbuf_5_8__f_clk/X                      10     12     -2 (VIOLATED)
fanout1109/X                             10     12     -2 (VIOLATED)
fanout1370/X                             10     12     -2 (VIOLATED)
fanout1432/X                             10     12     -2 (VIOLATED)
fanout1592/X                             10     12     -2 (VIOLATED)
fanout1614/X                             10     12     -2 (VIOLATED)
fanout1664/X                             10     12     -2 (VIOLATED)
fanout173/X                              10     12     -2 (VIOLATED)
fanout2149/X                             10     12     -2 (VIOLATED)
fanout2505/X                             10     12     -2 (VIOLATED)
_12759_/X                                10     11        (VIOLATED)
clkbuf_5_14__f_clk/X                     10     11        (VIOLATED)
clkbuf_5_19__f_clk/X                     10     11        (VIOLATED)
clkbuf_5_2__f_clk/X                      10     11        (VIOLATED)
fanout1105/X                             10     11        (VIOLATED)
fanout1129/X                             10     11        (VIOLATED)
fanout1298/X                             10     11        (VIOLATED)
fanout1300/X                             10     11        (VIOLATED)
fanout1383/X                             10     11        (VIOLATED)
fanout1421/X                             10     11        (VIOLATED)
fanout1465/X                             10     11        (VIOLATED)
fanout1575/X                             10     11        (VIOLATED)
fanout1577/X                             10     11        (VIOLATED)
fanout1582/X                             10     11        (VIOLATED)
fanout1589/X                             10     11        (VIOLATED)
fanout1599/X                             10     11        (VIOLATED)
fanout1604/X                             10     11        (VIOLATED)
fanout1608/X                             10     11        (VIOLATED)
fanout1652/X                             10     11        (VIOLATED)
fanout1665/X                             10     11        (VIOLATED)
fanout167/X                              10     11        (VIOLATED)
fanout1689/X                             10     11        (VIOLATED)
fanout17/X                               10     11        (VIOLATED)
fanout1701/X                             10     11        (VIOLATED)
fanout177/X                              10     11        (VIOLATED)
fanout182/X                              10     11        (VIOLATED)
fanout1891/X                             10     11        (VIOLATED)
fanout193/X                              10     11        (VIOLATED)
fanout1975/X                             10     11        (VIOLATED)
fanout2091/X                             10     11        (VIOLATED)
fanout213/X                              10     11        (VIOLATED)
fanout216/X                              10     11        (VIOLATED)
fanout2231/X                             10     11        (VIOLATED)
fanout225/X                              10     11        (VIOLATED)
fanout2266/X                             10     11        (VIOLATED)
fanout245/X                              10     11        (VIOLATED)
fanout304/X                              10     11        (VIOLATED)
fanout319/X                              10     11        (VIOLATED)
fanout396/X                              10     11        (VIOLATED)
fanout427/X                              10     11        (VIOLATED)
fanout465/X                              10     11        (VIOLATED)
fanout51/X                               10     11        (VIOLATED)
fanout532/X                              10     11        (VIOLATED)
fanout564/X                              10     11        (VIOLATED)
fanout58/X                               10     11        (VIOLATED)
fanout623/X                              10     11        (VIOLATED)
fanout683/X                              10     11        (VIOLATED)
fanout691/X                              10     11        (VIOLATED)
fanout696/X                              10     11        (VIOLATED)
fanout725/X                              10     11        (VIOLATED)
fanout75/X                               10     11        (VIOLATED)
fanout753/X                              10     11        (VIOLATED)
fanout777/X                              10     11        (VIOLATED)
fanout798/X                              10     11        (VIOLATED)
fanout866/X                              10     11        (VIOLATED)
fanout88/X                               10     11        (VIOLATED)
fanout918/X                              10     11        (VIOLATED)
fanout928/X                              10     11        (VIOLATED)
fanout98/X                               10     11        (VIOLATED)

max capacitance

Pin                                        Limit         Cap       Slack
------------------------------------------------------------------------
_11524_/X                               0.200000    0.365485   -0.165485 (VIOLATED)
fanout2091/X                            0.200000    0.315093   -0.115093 (VIOLATED)
fanout78/X                              0.200000    0.306017   -0.106017 (VIOLATED)
fanout1576/X                            0.200000    0.305340   -0.105340 (VIOLATED)
fanout1933/X                            0.200000    0.293771   -0.093771 (VIOLATED)
fanout1665/X                            0.200000    0.285056   -0.085056 (VIOLATED)
fanout866/X                             0.200000    0.274692   -0.074692 (VIOLATED)
fanout2227/X                            0.200000    0.272785   -0.072785 (VIOLATED)
fanout1761/X                            0.200000    0.271130   -0.071130 (VIOLATED)
fanout1573/X                            0.200000    0.265825   -0.065825 (VIOLATED)
fanout1300/X                            0.200000    0.265817   -0.065817 (VIOLATED)
fanout431/X                             0.200000    0.264610   -0.064610 (VIOLATED)
fanout2505/X                            0.200000    0.260767   -0.060767 (VIOLATED)
fanout1370/X                            0.200000    0.259311   -0.059312 (VIOLATED)
fanout1920/X                            0.200000    0.258246   -0.058246 (VIOLATED)
fanout1603/X                            0.200000    0.257151   -0.057151 (VIOLATED)
fanout1322/X                            0.200000    0.253302   -0.053302 (VIOLATED)
fanout1597/X                            0.200000    0.244685   -0.044685 (VIOLATED)
fanout1611/X                            0.200000    0.239742   -0.039742 (VIOLATED)
fanout2108/X                            0.200000    0.235525   -0.035525 (VIOLATED)
fanout821/X                             0.200000    0.235176   -0.035176 (VIOLATED)
fanout57/X                              0.200000    0.231872   -0.031872 (VIOLATED)
fanout1154/X                            0.200000    0.229913   -0.029913 (VIOLATED)
fanout1379/X                            0.200000    0.229822   -0.029822 (VIOLATED)
clkbuf_2_1_0_clk/X                      0.200000    0.228802   -0.028802 (VIOLATED)
fanout732/X                             0.200000    0.227914   -0.027914 (VIOLATED)
fanout465/X                             0.200000    0.225038   -0.025038 (VIOLATED)
clkbuf_2_0_0_clk/X                      0.200000    0.223659   -0.023659 (VIOLATED)
clkbuf_0_clk/X                          0.200000    0.222908   -0.022908 (VIOLATED)
clkbuf_2_2_0_clk/X                      0.200000    0.222458   -0.022459 (VIOLATED)
fanout1583/X                            0.200000    0.219295   -0.019295 (VIOLATED)
fanout98/X                              0.200000    0.219186   -0.019186 (VIOLATED)
fanout2056/X                            0.200000    0.216707   -0.016707 (VIOLATED)
fanout1353/X                            0.200000    0.215579   -0.015579 (VIOLATED)
fanout189/X                             0.200000    0.212766   -0.012766 (VIOLATED)
fanout1109/X                            0.200000    0.211653   -0.011653 (VIOLATED)
fanout1124/X                            0.200000    0.211269   -0.011269 (VIOLATED)
fanout2185/X                            0.200000    0.210311   -0.010311 (VIOLATED)
fanout1337/X                            0.200000    0.210106   -0.010106 (VIOLATED)
fanout2566/X                            0.200000    0.210013   -0.010013 (VIOLATED)
clone12/X                               0.081492    0.090211   -0.008719 (VIOLATED)
fanout173/X                             0.200000    0.208565   -0.008565 (VIOLATED)
_12103_/X                               0.200000    0.208236   -0.008236 (VIOLATED)
fanout165/X                             0.200000    0.205966   -0.005966 (VIOLATED)
clkbuf_2_3_0_clk/X                      0.200000    0.205714   -0.005714 (VIOLATED)
fanout1121/X                            0.200000    0.205075   -0.005075 (VIOLATED)
fanout167/X                             0.200000    0.202462   -0.002462 (VIOLATED)
fanout1664/X                            0.200000    0.202353   -0.002353 (VIOLATED)
fanout1593/X                            0.200000    0.202121   -0.002121 (VIOLATED)
fanout933/X                             0.200000    0.202089   -0.002089 (VIOLATED)
fanout200/X                             0.200000    0.201800   -0.001800 (VIOLATED)
_14570_/Y                               0.020152    0.021881   -0.001729 (VIOLATED)
fanout49/X                              0.200000    0.201598   -0.001598 (VIOLATED)
fanout391/X                             0.200000    0.201245   -0.001245 (VIOLATED)
fanout168/X                             0.200000    0.200736   -0.000736 (VIOLATED)



===========================================================================
report_parasitic_annotation -report_unannotated
============================================================================
Found 286 unannotated drivers.
 clkload0/Y
 clkload1/Y
 clkload10/X
 clkload100/X
 clkload101/X
 clkload102/X
 clkload103/X
 clkload104/Y
 clkload105/X
 clkload106/X
 clkload107/Y
 clkload108/Y
 clkload109/Y
 clkload11/Y
 clkload110/X
 clkload111/Y
 clkload112/Y
 clkload113/Y
 clkload114/X
 clkload115/X
 clkload116/X
 clkload117/X
 clkload118/X
 clkload119/Y
 clkload12/Y
 clkload120/Y
 clkload121/Y
 clkload122/Y
 clkload123/X
 clkload124/Y
 clkload125/Y
 clkload126/Y
 clkload127/X
 clkload128/X
 clkload129/Y
 clkload13/Y
 clkload130/X
 clkload131/X
 clkload132/Y
 clkload133/X
 clkload134/X
 clkload135/Y
 clkload136/X
 clkload137/Y
 clkload138/X
 clkload139/X
 clkload14/Y
 clkload140/Y
 clkload141/Y
 clkload142/Y
 clkload143/Y
 clkload144/X
 clkload145/X
 clkload146/Y
 clkload147/X
 clkload148/X
 clkload149/Y
 clkload15/Y
 clkload150/Y
 clkload151/Y
 clkload152/Y
 clkload153/Y
 clkload154/Y
 clkload155/Y
 clkload156/Y
 clkload157/Y
 clkload158/X
 clkload159/X
 clkload16/Y
 clkload160/X
 clkload161/Y
 clkload162/X
 clkload163/Y
 clkload164/X
 clkload165/X
 clkload166/X
 clkload167/X
 clkload168/X
 clkload169/X
 clkload17/Y
 clkload170/X
 clkload171/X
 clkload172/X
 clkload173/Y
 clkload174/X
 clkload175/X
 clkload176/Y
 clkload177/X
 clkload178/X
 clkload179/X
 clkload18/Y
 clkload180/X
 clkload181/X
 clkload182/X
 clkload183/Y
 clkload184/X
 clkload185/Y
 clkload186/Y
 clkload187/X
 clkload188/X
 clkload189/X
 clkload19/Y
 clkload190/Y
 clkload191/X
 clkload192/Y
 clkload193/Y
 clkload194/X
 clkload195/Y
 clkload196/Y
 clkload197/Y
 clkload198/Y
 clkload199/Y
 clkload2/Y
 clkload20/Y
 clkload200/Y
 clkload201/Y
 clkload202/Y
 clkload203/Y
 clkload204/X
 clkload205/Y
 clkload206/Y
 clkload207/X
 clkload208/Y
 clkload209/Y
 clkload21/Y
 clkload210/Y
 clkload211/Y
 clkload212/Y
 clkload213/Y
 clkload214/Y
 clkload215/Y
 clkload216/Y
 clkload217/X
 clkload218/Y
 clkload219/X
 clkload22/Y
 clkload220/Y
 clkload221/Y
 clkload222/X
 clkload223/Y
 clkload224/Y
 clkload225/Y
 clkload226/X
 clkload227/X
 clkload228/Y
 clkload229/X
 clkload23/X
 clkload230/Y
 clkload231/X
 clkload232/X
 clkload233/X
 clkload234/Y
 clkload235/X
 clkload236/X
 clkload237/X
 clkload238/X
 clkload239/X
 clkload24/Y
 clkload240/X
 clkload241/Y
 clkload242/X
 clkload243/Y
 clkload244/Y
 clkload245/X
 clkload246/Y
 clkload247/X
 clkload248/Y
 clkload249/Y
 clkload25/Y
 clkload250/X
 clkload251/Y
 clkload252/Y
 clkload253/Y
 clkload254/Y
 clkload255/X
 clkload256/Y
 clkload257/Y
 clkload258/Y
 clkload259/X
 clkload26/Y
 clkload260/X
 clkload261/Y
 clkload262/X
 clkload263/X
 clkload264/X
 clkload265/Y
 clkload266/X
 clkload267/Y
 clkload268/X
 clkload269/X
 clkload27/X
 clkload270/Y
 clkload271/Y
 clkload272/Y
 clkload273/X
 clkload274/Y
 clkload275/X
 clkload276/Y
 clkload277/Y
 clkload278/Y
 clkload279/Y
 clkload28/X
 clkload280/X
 clkload281/X
 clkload282/Y
 clkload283/Y
 clkload284/Y
 clkload285/Y
 clkload29/X
 clkload3/Y
 clkload30/X
 clkload31/X
 clkload32/X
 clkload33/X
 clkload34/X
 clkload35/X
 clkload36/X
 clkload37/X
 clkload38/X
 clkload39/X
 clkload4/Y
 clkload40/X
 clkload41/X
 clkload42/X
 clkload43/X
 clkload44/Y
 clkload45/X
 clkload46/X
 clkload47/X
 clkload48/Y
 clkload49/Y
 clkload5/Y
 clkload50/X
 clkload51/Y
 clkload52/Y
 clkload53/X
 clkload54/Y
 clkload55/X
 clkload56/X
 clkload57/Y
 clkload58/Y
 clkload59/X
 clkload6/Y
 clkload60/Y
 clkload61/Y
 clkload62/Y
 clkload63/Y
 clkload64/Y
 clkload65/Y
 clkload66/Y
 clkload67/Y
 clkload68/Y
 clkload69/Y
 clkload7/Y
 clkload70/Y
 clkload71/X
 clkload72/X
 clkload73/Y
 clkload74/Y
 clkload75/Y
 clkload76/Y
 clkload77/X
 clkload78/X
 clkload79/X
 clkload8/Y
 clkload80/X
 clkload81/Y
 clkload82/X
 clkload83/X
 clkload84/Y
 clkload85/X
 clkload86/X
 clkload87/Y
 clkload88/X
 clkload89/X
 clkload9/Y
 clkload90/X
 clkload91/X
 clkload92/X
 clkload93/Y
 clkload94/X
 clkload95/X
 clkload96/Y
 clkload97/Y
 clkload98/X
 clkload99/Y
Found 0 partially unannotated drivers.

===========================================================================
max slew violation count 265
max fanout violation count 94
max cap violation count 55
============================================================================

===========================================================================
check_setup -verbose -unconstrained_endpoints -multiple_clock -no_clock -no_input_delay -loops -generated_clocks
===========================================================================
