Clock: clk
Sources: clk 
Generated: no
Virtual: yes
Propagated: no
Period: 20.000000

===========================================================================
report_clock_properties
============================================================================
Clock                   Period          Waveform
----------------------------------------------------
clk                  20.000000    0.000000 10.000000

===========================================================================
report_clock_latency
============================================================================
Clock clk
rise -> rise
    min     max
0.000000 0.000000 source latency
2.565405         network latency _23229_/CLK
        3.025194 network latency _23232_/CLK
---------------
2.565405 3.025194 latency
        0.459789 skew

fall -> fall
    min     max
0.000000 0.000000 source latency
2.041073         network latency _23229_/CLK
        2.453981 network latency _23232_/CLK
---------------
2.041073 2.453981 latency
        0.412908 skew



===========================================================================
report_clock_min_period
============================================================================
clk period_min = 23.64 fmax = 42.30
