
===========================================================================
 report_power
============================================================================
======================= max_ss_100C_1v60 Corner ===================================

Group                    Internal    Switching      Leakage        Total
                            Power        Power        Power        Power (Watts)
------------------------------------------------------------------------
Sequential           1.988054e-03 0.000000e+00 2.569755e-05 2.013752e-03  34.8%
Combinational        3.620805e-05 1.117954e-04 8.048642e-05 2.284899e-04   4.0%
Clock                2.071931e-03 1.462478e-03 6.461120e-06 3.540870e-03  61.2%
Macro                0.000000e+00 0.000000e+00 0.000000e+00 0.000000e+00   0.0%
Pad                  0.000000e+00 0.000000e+00 0.000000e+00 0.000000e+00   0.0%
------------------------------------------------------------------------
Total                4.096190e-03 1.574273e-03 1.126449e-04 5.783107e-03 100.0%
                            70.8%        27.2%         1.9%

